Archive member included to satisfy reference by file (symbol)

../../libDaisy//build/libdaisy.a(daisy_seed.o)
                              build/main.o (daisy::DaisySeed::DelayMs(unsigned int))
../../libDaisy//build/libdaisy.a(codec_ak4556.o)
                              ../../libDaisy//build/libdaisy.a(daisy_seed.o) (daisy::Ak4556::Init(dsy_gpio_pin))
../../libDaisy//build/libdaisy.a(codec_wm8731.o)
                              ../../libDaisy//build/libdaisy.a(daisy_seed.o) (daisy::Wm8731::Init(daisy::Wm8731::Config const&, daisy::I2CHandle))
../../libDaisy//build/libdaisy.a(sdram.o)
                              ../../libDaisy//build/libdaisy.a(daisy_seed.o) (SdramHandle::Init())
../../libDaisy//build/libdaisy.a(audio.o)
                              ../../libDaisy//build/libdaisy.a(daisy_seed.o) (daisy::AudioHandle::Init(daisy::AudioHandle::Config const&, daisy::SaiHandle))
../../libDaisy//build/libdaisy.a(logger.o)
                              build/main.o (daisy::Logger<(daisy::LoggerDestination)1>::Print(char const*, ...))
../../libDaisy//build/libdaisy.a(usb.o)
                              ../../libDaisy//build/libdaisy.a(logger.o) (daisy::UsbHandle::Init(daisy::UsbHandle::UsbPeriph))
../../libDaisy//build/libdaisy.a(gpio.o)
                              ../../libDaisy//build/libdaisy.a(daisy_seed.o) (dsy_gpio_init)
../../libDaisy//build/libdaisy.a(i2c.o)
                              ../../libDaisy//build/libdaisy.a(daisy_seed.o) (daisy::I2CHandle::Init(daisy::I2CHandle::Config const&))
../../libDaisy//build/libdaisy.a(qspi.o)
                              ../../libDaisy//build/libdaisy.a(daisy_seed.o) (daisy::QSPIHandle::Init(daisy::QSPIHandle::Config const&))
../../libDaisy//build/libdaisy.a(sai.o)
                              ../../libDaisy//build/libdaisy.a(daisy_seed.o) (daisy::SaiHandle::Init(daisy::SaiHandle::Config const&))
../../libDaisy//build/libdaisy.a(tim.o)
                              build/main.o (daisy::TimerHandle::Init(daisy::TimerHandle::Config const&))
../../libDaisy//build/libdaisy.a(uart.o)
                              build/main.o (daisy::UartHandler::Init(daisy::UartHandler::Config const&))
../../libDaisy//build/libdaisy.a(system.o)
                              ../../libDaisy//build/libdaisy.a(daisy_seed.o) (daisy::System::DeInit())
../../libDaisy//build/libdaisy.a(system_stm32h7xx.o)
                              build/startup_stm32h750xx.o (SystemInit)
../../libDaisy//build/libdaisy.a(usbd_cdc_if.o)
                              ../../libDaisy//build/libdaisy.a(usb.o) (CDC_Transmit_FS)
../../libDaisy//build/libdaisy.a(usbd_conf.o)
                              ../../libDaisy//build/libdaisy.a(system.o) (hpcd_USB_OTG_HS)
../../libDaisy//build/libdaisy.a(usbd_desc.o)
                              ../../libDaisy//build/libdaisy.a(usb.o) (HS_Desc)
../../libDaisy//build/libdaisy.a(usbh_conf.o)
                              ../../libDaisy//build/libdaisy.a(system.o) (hhcd_USB_OTG_HS)
../../libDaisy//build/libdaisy.a(hal_map.o)
                              ../../libDaisy//build/libdaisy.a(gpio.o) (dsy_hal_map_get_port)
../../libDaisy//build/libdaisy.a(stm32h7xx_hal.o)
                              ../../libDaisy//build/libdaisy.a(system.o) (HAL_Init)
../../libDaisy//build/libdaisy.a(stm32h7xx_hal_cortex.o)
                              ../../libDaisy//build/libdaisy.a(stm32h7xx_hal.o) (HAL_NVIC_SetPriorityGrouping)
../../libDaisy//build/libdaisy.a(stm32h7xx_hal_dma.o)
                              ../../libDaisy//build/libdaisy.a(i2c.o) (HAL_DMA_Init)
../../libDaisy//build/libdaisy.a(stm32h7xx_hal_gpio.o)
                              ../../libDaisy//build/libdaisy.a(sdram.o) (HAL_GPIO_Init)
../../libDaisy//build/libdaisy.a(stm32h7xx_hal_hcd.o)
                              ../../libDaisy//build/libdaisy.a(usbh_conf.o) (HAL_HCD_HC_Init)
../../libDaisy//build/libdaisy.a(stm32h7xx_hal_i2c.o)
                              ../../libDaisy//build/libdaisy.a(i2c.o) (HAL_I2C_Init)
../../libDaisy//build/libdaisy.a(stm32h7xx_hal_i2c_ex.o)
                              ../../libDaisy//build/libdaisy.a(i2c.o) (HAL_I2CEx_ConfigAnalogFilter)
../../libDaisy//build/libdaisy.a(stm32h7xx_hal_pcd.o)
                              ../../libDaisy//build/libdaisy.a(usbd_conf.o) (HAL_PCD_Init)
../../libDaisy//build/libdaisy.a(stm32h7xx_hal_pcd_ex.o)
                              ../../libDaisy//build/libdaisy.a(usbd_conf.o) (HAL_PCDEx_SetTxFiFo)
../../libDaisy//build/libdaisy.a(stm32h7xx_hal_pwr_ex.o)
                              ../../libDaisy//build/libdaisy.a(system.o) (HAL_PWREx_ConfigSupply)
../../libDaisy//build/libdaisy.a(stm32h7xx_hal_qspi.o)
                              ../../libDaisy//build/libdaisy.a(qspi.o) (HAL_QSPI_Init)
../../libDaisy//build/libdaisy.a(stm32h7xx_hal_rcc.o)
                              ../../libDaisy//build/libdaisy.a(system.o) (HAL_RCC_OscConfig)
../../libDaisy//build/libdaisy.a(stm32h7xx_hal_rcc_ex.o)
[...]
Memory Configuration

Name             Origin             Length             Attributes
FLASH            0x0000000008000000 0x0000000000020000 xr
DTCMRAM          0x0000000020000000 0x0000000000020000 xrw
SRAM             0x0000000024000000 0x0000000000080000 xrw
RAM_D2           0x0000000030000000 0x0000000000048000 xrw
RAM_D3           0x0000000038000000 0x0000000000010000 xrw
ITCMRAM          0x0000000000000000 0x0000000000010000 xrw
SDRAM            0x00000000c0000000 0x0000000004000000 xrw
QSPIFLASH        0x0000000090000000 0x0000000000800000 xr
*default*        0x0000000000000000 0xffffffffffffffff

Linker script and memory map

LOAD /Applications/ARM/bin/../lib/gcc/arm-none-eabi/10.3.1/thumb/v7e-m+dp/hard/crti.o
LOAD /Applications/ARM/bin/../lib/gcc/arm-none-eabi/10.3.1/thumb/v7e-m+dp/hard/crtbegin.o
LOAD /Applications/ARM/bin/../lib/gcc/arm-none-eabi/10.3.1/../../../../arm-none-eabi/lib/thumb/v7e-m+dp/hard/crt0.o
LOAD build/startup_stm32h750xx.o
LOAD build/main.o
LOAD ../../libDaisy//build/libdaisy.a
LOAD /Applications/ARM/bin/../lib/gcc/arm-none-eabi/10.3.1/../../../../arm-none-eabi/lib/thumb/v7e-m+dp/hard/libnosys.a
LOAD ../../DaisySP//build/libdaisysp.a
LOAD /Applications/ARM/bin/../lib/gcc/arm-none-eabi/10.3.1/../../../../arm-none-eabi/lib/thumb/v7e-m+dp/hard/libstdc++_nano.a
LOAD /Applications/ARM/bin/../lib/gcc/arm-none-eabi/10.3.1/../../../../arm-none-eabi/lib/thumb/v7e-m+dp/hard/libm.a
LOAD /Applications/ARM/bin/../lib/gcc/arm-none-eabi/10.3.1/../../../../arm-none-eabi/lib/thumb/v7e-m+dp/hard/libc_nano.a
START GROUP
LOAD /Applications/ARM/bin/../lib/gcc/arm-none-eabi/10.3.1/thumb/v7e-m+dp/hard/libgcc.a
LOAD /Applications/ARM/bin/../lib/gcc/arm-none-eabi/10.3.1/../../../../arm-none-eabi/lib/thumb/v7e-m+dp/hard/libc_nano.a
END GROUP
START GROUP
LOAD /Applications/ARM/bin/../lib/gcc/arm-none-eabi/10.3.1/thumb/v7e-m+dp/hard/libgcc.a
LOAD /Applications/ARM/bin/../lib/gcc/arm-none-eabi/10.3.1/../../../../arm-none-eabi/lib/thumb/v7e-m+dp/hard/libc_nano.a
LOAD /Applications/ARM/bin/../lib/gcc/arm-none-eabi/10.3.1/../../../../arm-none-eabi/lib/thumb/v7e-m+dp/hard/libnosys.a
END GROUP
START GROUP
LOAD /Applications/ARM/bin/../lib/gcc/arm-none-eabi/10.3.1/thumb/v7e-m+dp/hard/libgcc.a
LOAD /Applications/ARM/bin/../lib/gcc/arm-none-eabi/10.3.1/../../../../arm-none-eabi/lib/thumb/v7e-m+dp/hard/libc_nano.a
LOAD /Applications/ARM/bin/../lib/gcc/arm-none-eabi/10.3.1/../../../../arm-none-eabi/lib/thumb/v7e-m+dp/hard/libnosys.a
END GROUP
LOAD /Applications/ARM/bin/../lib/gcc/arm-none-eabi/10.3.1/thumb/v7e-m+dp/hard/crtend.o
LOAD /Applications/ARM/bin/../lib/gcc/arm-none-eabi/10.3.1/thumb/v7e-m+dp/hard/crtn.o
                0x0000000020020000                _estack = 0x20020000

.isr_vector     0x0000000008000000      0x298
                0x0000000008000000                . = ALIGN (0x4)
 *(.isr_vector)
 .isr_vector    0x0000000008000000      0x298 build/startup_stm32h750xx.o
                0x0000000008000000                g_pfnVectors
                0x0000000008000298                . = ALIGN (0x4)

.text           0x00000000080002a0    0x14900
                0x00000000080002a0                . = ALIGN (0x4)
                0x00000000080002a0                _stext = .
 *(.text)
 .text          0x00000000080002a0       0x40 /Applications/ARM/bin/../lib/gcc/arm-none-eabi/10.3.1/thumb/v7e-m+dp/hard/crtbegin.o
 .text          0x00000000080002e0       0xa0 /Applications/ARM/bin/../lib/gcc/arm-none-eabi/10.3.1/../../../../arm-none-eabi/lib/thumb/v7e-m+dp/hard/libc_nano.a(lib_a-memchr.o)
                0x00000000080002e0                memchr
 .text          0x0000000008000380       0x10 /Applications/ARM/bin/../lib/gcc/arm-none-eabi/10.3.1/../../../../arm-none-eabi/lib/thumb/v7e-m+dp/hard/libc_nano.a(lib_a-strlen.o)
                0x0000000008000380                strlen
 .text          0x0000000008000390       0x30 /Applications/ARM/bin/../lib/gcc/arm-none-eabi/10.3.1/thumb/v7e-m+dp/hard/libgcc.a(_aeabi_uldivmod.o)
                0x0000000008000390                __aeabi_uldivmod
 .text          0x00000000080003c0      0x2d0 /Applications/ARM/bin/../lib/gcc/arm-none-eabi/10.3.1/thumb/v7e-m+dp/hard/libgcc.a(_udivmoddi4.o)
                0x00000000080003c0                __udivmoddi4
 .text          0x0000000008000690        0x4 /Applications/ARM/bin/../lib/gcc/arm-none-eabi/10.3.1/thumb/v7e-m+dp/hard/libgcc.a(_dvmd_tls.o)
                0x0000000008000690                __aeabi_ldiv0
                0x0000000008000690                __aeabi_idiv0
 *(.text*)
 .text.Default_Handler
                0x0000000008000694        0x4 build/startup_stm32h750xx.o
                0x0000000008000694                SAI1_IRQHandler
                0x0000000008000694                HASH_RNG_IRQHandler
                0x0000000008000694                EXTI2_IRQHandler
                0x0000000008000694                TIM8_CC_IRQHandler
                0x0000000008000694                HRTIM1_Master_IRQHandler
                0x0000000008000694                DebugMon_Handler
                0x0000000008000694                SPI4_IRQHandler
                0x0000000008000694                TIM1_CC_IRQHandler
                0x0000000008000694                BDMA_Channel6_IRQHandler
                0x0000000008000694                DMA2_Stream5_IRQHandler
                0x0000000008000694                HRTIM1_FLT_IRQHandler
                0x0000000008000694                JPEG_IRQHandler
                0x0000000008000694                BDMA_Channel1_IRQHandler
                0x0000000008000694                HRTIM1_TIMD_IRQHandler
                0x0000000008000694                TAMP_STAMP_IRQHandler
                0x0000000008000694                PendSV_Handler
                0x0000000008000694                NMI_Handler
                0x0000000008000694                EXTI3_IRQHandler
                0x0000000008000694                LPTIM4_IRQHandler
                0x0000000008000694                TIM8_TRG_COM_TIM14_IRQHandler
                0x0000000008000694                LPTIM2_IRQHandler
                0x0000000008000694                DFSDM1_FLT1_IRQHandler
                0x0000000008000694                DMAMUX2_OVR_IRQHandler
                0x0000000008000694                TIM8_UP_TIM13_IRQHandler
                0x0000000008000694                I2C3_ER_IRQHandler
                0x0000000008000694                DFSDM1_FLT2_IRQHandler
                0x0000000008000694                MDMA_IRQHandler
                0x0000000008000694                LPTIM3_IRQHandler
                0x0000000008000694                HSEM1_IRQHandler
                0x0000000008000694                EXTI0_IRQHandler
                0x0000000008000694                DMA1_Stream2_IRQHandler
                0x0000000008000694                FPU_IRQHandler
                0x0000000008000694                OTG_HS_WKUP_IRQHandler
                0x0000000008000694                FDCAN1_IT1_IRQHandler
                0x0000000008000694                UsageFault_Handler
                0x0000000008000694                LTDC_ER_IRQHandler
                0x0000000008000694                DMA2_Stream2_IRQHandler
                0x0000000008000694                HRTIM1_TIME_IRQHandler
                0x0000000008000694                TIM6_DAC_IRQHandler
                0x0000000008000694                DCMI_IRQHandler
                0x0000000008000694                HRTIM1_TIMC_IRQHandler
                0x0000000008000694                DMA2_Stream3_IRQHandler
                0x0000000008000694                SAI2_IRQHandler
                0x0000000008000694                DFSDM1_FLT3_IRQHandler
                0x0000000008000694                TIM17_IRQHandler
                0x0000000008000694                CRYP_IRQHandler
                0x0000000008000694                BDMA_Channel7_IRQHandler
                0x0000000008000694                LPTIM5_IRQHandler
                0x0000000008000694                ADC3_IRQHandler
                0x0000000008000694                DMA2_Stream0_IRQHandler
                0x0000000008000694                TIM4_IRQHandler
                0x0000000008000694                BDMA_Channel2_IRQHandler
                0x0000000008000694                DMAMUX1_OVR_IRQHandler
                0x0000000008000694                TIM16_IRQHandler
                0x0000000008000694                BDMA_Channel5_IRQHandler
                0x0000000008000694                TIM3_IRQHandler
                0x0000000008000694                RCC_IRQHandler
                0x0000000008000694                TIM8_BRK_TIM12_IRQHandler
                0x0000000008000694                TIM1_TRG_COM_IRQHandler
                0x0000000008000694                Default_Handler
                0x0000000008000694                ECC_IRQHandler
                0x0000000008000694                CEC_IRQHandler
                0x0000000008000694                EXTI15_10_IRQHandler
                0x0000000008000694                BDMA_Channel0_IRQHandler
                0x0000000008000694                ADC_IRQHandler
                0x0000000008000694                HRTIM1_TIMA_IRQHandler
                0x0000000008000694                SPI5_IRQHandler
                0x0000000008000694                TIM7_IRQHandler
                0x0000000008000694                SDMMC1_IRQHandler
                0x0000000008000694                TIM5_IRQHandler
                0x0000000008000694                DMA2_Stream7_IRQHandler
                0x0000000008000694                TIM15_IRQHandler
                0x0000000008000694                PVD_AVD_IRQHandler
                0x0000000008000694                EXTI9_5_IRQHandler
                0x0000000008000694                RTC_WKUP_IRQHandler
                0x0000000008000694                LTDC_IRQHandler
                0x0000000008000694                SAI3_IRQHandler
                0x0000000008000694                ETH_WKUP_IRQHandler
                0x0000000008000694                SPDIF_RX_IRQHandler
                0x0000000008000694                SPI2_IRQHandler
                0x0000000008000694                MemManage_Handler
                0x0000000008000694                SVC_Handler
                0x0000000008000694                CRS_IRQHandler
                0x0000000008000694                EXTI4_IRQHandler
                0x0000000008000694                HRTIM1_TIMB_IRQHandler
                0x0000000008000694                FDCAN2_IT1_IRQHandler
                0x0000000008000694                ETH_IRQHandler
                0x0000000008000694                TIM1_UP_IRQHandler
                0x0000000008000694                BDMA_Channel4_IRQHandler
                0x0000000008000694                WWDG_IRQHandler
                0x0000000008000694                SPI6_IRQHandler
                0x0000000008000694                I2C4_EV_IRQHandler
                0x0000000008000694                MDIOS_IRQHandler
                0x0000000008000694                FDCAN2_IT0_IRQHandler
                0x0000000008000694                FDCAN1_IT0_IRQHandler
                0x0000000008000694                TIM2_IRQHandler
                0x0000000008000694                OTG_FS_WKUP_IRQHandler
                0x0000000008000694                DMA2D_IRQHandler
                0x0000000008000694                TIM1_BRK_IRQHandler
                0x0000000008000694                EXTI1_IRQHandler
                0x0000000008000694                SDMMC2_IRQHandler
                0x0000000008000694                BDMA_Channel3_IRQHandler
                0x0000000008000694                MDIOS_WKUP_IRQHandler
                0x0000000008000694                DFSDM1_FLT0_IRQHandler
                0x0000000008000694                SAI4_IRQHandler
                0x0000000008000694                I2C2_ER_IRQHandler
                0x0000000008000694                DMA2_Stream1_IRQHandler
                0x0000000008000694                FLASH_IRQHandler
                0x0000000008000694                DMA2_Stream4_IRQHandler
                0x0000000008000694                BusFault_Handler
                0x0000000008000694                SPI3_IRQHandler
                0x0000000008000694                WAKEUP_PIN_IRQHandler
                0x0000000008000694                I2C1_ER_IRQHandler
                0x0000000008000694                FMC_IRQHandler
                0x0000000008000694                FDCAN_CAL_IRQHandler
                0x0000000008000694                SWPMI1_IRQHandler
                0x0000000008000694                COMP1_IRQHandler
                0x0000000008000694                LPTIM1_IRQHandler
                0x0000000008000694                I2C4_ER_IRQHandler
                0x0000000008000694                DMA2_Stream6_IRQHandler
                0x0000000008000694                RTC_Alarm_IRQHandler
 .text.Reset_Handler
                0x0000000008000698       0x44 build/startup_stm32h750xx.o
                0x0000000008000698                Reset_Handler
 .text._ZN5daisy11TimerHandleD2Ev
                0x00000000080006dc        0x4 build/main.o
                0x00000000080006dc                daisy::TimerHandle::~TimerHandle()
                0x00000000080006dc                daisy::TimerHandle::~TimerHandle()
 .text._ZN5daisy9DaisySeedD2Ev
                0x00000000080006e0        0x4 build/main.o
                0x00000000080006e0                daisy::DaisySeed::~DaisySeed()
                0x00000000080006e0                daisy::DaisySeed::~DaisySeed()
 .text._Z13AudioCallbackPKPKfPPfj
                0x00000000080006e4       0x2c build/main.o
                0x00000000080006e4                AudioCallback(float const* const*, float**, unsigned int)
 .text._ZNK8nlohmann10basic_jsonISt3mapSt6vectorNSt7__cxx1112basic_stringIcSt11char_traitsIcESaIcEEEbxydSaNS_14adl_serializerES2_IhSaIhEEE16assert_invariantEb.part.0
                0x0000000008000710       0x1c build/main.o
 .text._ZNSt7__cxx1112basic_stringIcSt11char_traitsIcESaIcEE12_M_constructIPKcEEvT_S8_St20forward_iterator_tag.isra.0
                0x000000000800072c       0x68 build/main.o
 .text._ZNSt7__cxx1112basic_stringIcSt11char_traitsIcESaIcEE12_M_constructIPcEEvT_S7_St20forward_iterator_tag.isra.0
                0x0000000008000794       0x68 build/main.o
 .text._Z9TIM1_InitRN5daisy11TimerHandleE
                0x00000000080007fc       0x24 build/main.o
                0x00000000080007fc                TIM1_Init(daisy::TimerHandle&)
 .text._Z9UART_InitRN5daisy11UartHandlerE
                0x0000000008000820       0x60 build/main.o
                0x0000000008000820                UART_Init(daisy::UartHandler&)
 .text._ZN8nlohmann10basic_jsonISt3mapSt6vectorNSt7__cxx1112basic_stringIcSt11char_traitsIcESaIcEEEbxydSaNS_14adl_serializerES2_IhSaIhEEEC2ERKSC_
                0x0000000008000880      0x218 build/main.o
                0x0000000008000880                nlohmann::basic_json<std::map, std::vector, std::__cxx11::basic_string<char, std::char_traits<char>, std::allocator<char> >, bool, long long, unsigned long long, double, std::allocator, nlohmann::adl_serializer, std::vector<unsigned char, std::allocator<unsigned char> > >::basic_json(nlohmann::basic_json<std::map, std::vector, std::__cxx11::basic_string<char, std::char_traits<char>, std::allocator<char> >, bool, long long, unsigned long long, double, std::allocator, nlohmann::adl_serializer, std::vector<unsigned char, std::allocator<unsigned char> > > const&)
                0x0000000008000880                nlohmann::basic_json<std::map, std::vector, std::__cxx11::basic_string<char, std::char_traits<char>, std::allocator<char> >, bool, long long, unsigned long long, double, std::allocator, nlohmann::adl_serializer, std::vector<unsigned char, std::allocator<unsigned char> > >::basic_json(nlohmann::basic_json<std::map, std::vector, std::__cxx11::basic_string<char, std::char_traits<char>, std::allocator<char> >, bool, long long, unsigned long long, double, std::allocator, nlohmann::adl_serializer, std::vector<unsigned char, std::allocator<unsigned char> > > const&)
 .text._ZNSt8_Rb_treeINSt7__cxx1112basic_stringIcSt11char_traitsIcESaIcEEESt4pairIKS5_N8nlohmann10basic_jsonISt3mapSt6vectorS5_bxydSaNS8_14adl_serializerESB_IhSaIhEEEEESt10_Select1stISG_ESt4lessIvESaISG_EE7_M_copyINSM_11_Alloc_nodeEEEPSt13_Rb_tree_nodeISG_EPKSQ_PSt18_Rb_tree_node_baseRT_.isra.0
                0x0000000008000a98       0x98 build/main.o
 .text._ZNSt6vectorIN8nlohmann10basic_jsonISt3mapS_NSt7__cxx1112basic_stringIcSt11char_traitsIcESaIcEEEbxydSaNS0_14adl_serializerES_IhSaIhEEEESaISC_EE17_M_realloc_insertIJSC_EEEvN9__gnu_cxx17__normal_iteratorIPSC_SE_EEDpOT_
                0x0000000008000b30      0x300 build/main.o
                0x0000000008000b30                void std::vector<nlohmann::basic_json<std::map, std::vector, std::__cxx11::basic_string<char, std::char_traits<char>, std::allocator<char> >, bool, long long, unsigned long long, double, std::allocator, nlohmann::adl_serializer, std::vector<unsigned char, std::allocator<unsigned char> > >, std::allocator<nlohmann::basic_json<std::map, std::vector, std::__cxx11::basic_string<char, std::char_traits<char>, std::allocator<char> >, bool, long long, unsigned long long, double, std::allocator, nlohmann::adl_serializer, std::vector<unsigned char, std::allocator<unsigned char> > > > >::_M_realloc_insert<nlohmann::basic_json<std::map, std::vector, std::__cxx11::basic_string<char, std::char_traits<char>, std::allocator<char> >, bool, long long, unsigned long long, double, std::allocator, nlohmann::adl_serializer, std::vector<unsigned char, std::allocator<unsigned char> > > >(__gnu_cxx::__normal_iterator<nlohmann::basic_json<std::map, std::vector, std::__cxx11::basic_string<char, std::char_traits<char>, std::allocator<char> >, bool, long long, unsigned long long, double, std::allocator, nlohmann::adl_serializer, std::vector<unsigned char, std::allocator<unsigned char> > >*, std::vector<nlohmann::basic_json<std::map, std::vector, std::__cxx11::basic_string<char, std::char_traits<char>, std::allocator<char> >, bool, long long, unsigned long long, double, std::allocator, nlohmann::adl_serializer, std::vector<unsigned char, std::allocator<unsigned char> > >, std::allocator<nlohmann::basic_json<std::map, std::vector, std::__cxx11::basic_string<char, std::char_traits<char>, std::allocator<char> >, bool, long long, unsigned long long, double, std::allocator, nlohmann::adl_serializer, std::vector<unsigned char, std::allocator<unsigned char> > > > > >, nlohmann::basic_json<std::map, std::vector, std::__cxx11::basic_string<char, std::char_traits<char>, std::allocator<char> >, bool, long long, unsigned long long, double, std::allocator, nlohmann::adl_serializer, std::vector<unsigned char, std::allocator<unsigned char> > >&&)
 .text._ZNSt6vectorIN8nlohmann10basic_jsonISt3mapS_NSt7__cxx1112basic_stringIcSt11char_traitsIcESaIcEEEbxydSaNS0_14adl_serializerES_IhSaIhEEEESaISC_EE12emplace_backIJSC_EEEvDpOT_
                0x0000000008000e30       0xdc build/main.o
                0x0000000008000e30                void std::vector<nlohmann::basic_json<std::map, std::vector, std::__cxx11::basic_string<char, std::char_traits<char>, std::allocator<char> >, bool, long long, unsigned long long, double, std::allocator, nlohmann::adl_serializer, std::vector<unsigned char, std::allocator<unsigned char> > >, std::allocator<nlohmann::basic_json<std::map, std::vector, std::__cxx11::basic_string<char, std::char_traits<char>, std::allocator<char> >, bool, long long, unsigned long long, double, std::allocator, nlohmann::adl_serializer, std::vector<unsigned char, std::allocator<unsigned char> > > > >::emplace_back<nlohmann::basic_json<std::map, std::vector, std::__cxx11::basic_string<char, std::char_traits<char>, std::allocator<char> >, bool, long long, unsigned long long, double, std::allocator, nlohmann::adl_serializer, std::vector<unsigned char, std::allocator<unsigned char> > > >(nlohmann::basic_json<std::map, std::vector, std::__cxx11::basic_string<char, std::char_traits<char>, std::allocator<char> >, bool, long long, unsigned long long, double, std::allocator, nlohmann::adl_serializer, std::vector<unsigned char, std::allocator<unsigned char> > >&&)
 .text._ZN8nlohmann10basic_jsonISt3mapSt6vectorNSt7__cxx1112basic_stringIcSt11char_traitsIcESaIcEEEbxydSaNS_14adl_serializerES2_IhSaIhEEE10json_value7destroyENS_6detail7value_tE
                0x0000000008000f0c      0x378 build/main.o
                0x0000000008000f0c                nlohmann::basic_json<std::map, std::vector, std::__cxx11::basic_string<char, std::char_traits<char>, std::allocator<char> >, bool, long long, unsigned long long, double, std::allocator, nlohmann::adl_serializer, std::vector<unsigned char, std::allocator<unsigned char> > >::json_value::destroy(nlohmann::detail::value_t)
 .text._ZN8nlohmann10basic_jsonISt3mapSt6vectorNSt7__cxx1112basic_stringIcSt11char_traitsIcESaIcEEEbxydSaNS_14adl_serializerES2_IhSaIhEEED2Ev
                0x0000000008001284       0x7c build/main.o
                0x0000000008001284                nlohmann::basic_json<std::map, std::vector, std::__cxx11::basic_string<char, std::char_traits<char>, std::allocator<char> >, bool, long long, unsigned long long, double, std::allocator, nlohmann::adl_serializer, std::vector<unsigned char, std::allocator<unsigned char> > >::~basic_json()
                0x0000000008001284                nlohmann::basic_json<std::map, std::vector, std::__cxx11::basic_string<char, std::char_traits<char>, std::allocator<char> >, bool, long long, unsigned long long, double, std::allocator, nlohmann::adl_serializer, std::vector<unsigned char, std::allocator<unsigned char> > >::~basic_json()
 .text._ZN8nlohmann10basic_jsonISt3mapSt6vectorNSt7__cxx1112basic_stringIcSt11char_traitsIcESaIcEEEbxydSaNS_14adl_serializerES2_IhSaIhEEEC2IiiLi0EEEOT_
                0x0000000008001300       0x38 build/main.o
                0x0000000008001300                nlohmann::basic_json<std::map, std::vector, std::__cxx11::basic_string<char, std::char_traits<char>, std::allocator<char> >, bool, long long, unsigned long long, double, std::allocator, nlohmann::adl_serializer, std::vector<unsigned char, std::allocator<unsigned char> > >::basic_json<int, int, 0>(int&&)
                0x0000000008001300                nlohmann::basic_json<std::map, std::vector, std::__cxx11::basic_string<char, std::char_traits<char>, std::allocator<char> >, bool, long long, unsigned long long, double, std::allocator, nlohmann::adl_serializer, std::vector<unsigned char, std::allocator<unsigned char> > >::basic_json<int, int, 0>(int&&)
 .text._ZN8nlohmann10basic_jsonISt3mapSt6vectorNSt7__cxx1112basic_stringIcSt11char_traitsIcESaIcEEEbxydSaNS_14adl_serializerES2_IhSaIhEEEC2IRA7_KcA7_cLi0EEEOT_
                0x0000000008001338       0x50 build/main.o
                0x0000000008001338                nlohmann::basic_json<std::map, std::vector, std::__cxx11::basic_string<char, std::char_traits<char>, std::allocator<char> >, bool, long long, unsigned long long, double, std::allocator, nlohmann::adl_serializer, std::vector<unsigned char, std::allocator<unsigned char> > >::basic_json<char const (&) [7], char [7], 0>(char const (&) [7])
                0x0000000008001338                nlohmann::basic_json<std::map, std::vector, std::__cxx11::basic_string<char, std::char_traits<char>, std::allocator<char> >, bool, long long, unsigned long long, double, std::allocator, nlohmann::adl_serializer, std::vector<unsigned char, std::allocator<unsigned char> > >::basic_json<char const (&) [7], char [7], 0>(char const (&) [7])
 .text._ZN8nlohmann10basic_jsonISt3mapSt6vectorNSt7__cxx1112basic_stringIcSt11char_traitsIcESaIcEEEbxydSaNS_14adl_serializerES2_IhSaIhEEEC2IRA2_KcA2_cLi0EEEOT_
                0x0000000008001388       0x50 build/main.o
                0x0000000008001388                nlohmann::basic_json<std::map, std::vector, std::__cxx11::basic_string<char, std::char_traits<char>, std::allocator<char> >, bool, long long, unsigned long long, double, std::allocator, nlohmann::adl_serializer, std::vector<unsigned char, std::allocator<unsigned char> > >::basic_json<char const (&) [2], char [2], 0>(char const (&) [2])
                0x0000000008001388                nlohmann::basic_json<std::map, std::vector, std::__cxx11::basic_string<char, std::char_traits<char>, std::allocator<char> >, bool, long long, unsigned long long, double, std::allocator, nlohmann::adl_serializer, std::vector<unsigned char, std::allocator<unsigned char> > >::basic_json<char const (&) [2], char [2], 0>(char const (&) [2])
 .text._ZN8nlohmann10basic_jsonISt3mapSt6vectorNSt7__cxx1112basic_stringIcSt11char_traitsIcESaIcEEEbxydSaNS_14adl_serializerES2_IhSaIhEEEC2IRA6_KcA6_cLi0EEEOT_
                0x00000000080013d8       0x50 build/main.o
                0x00000000080013d8                nlohmann::basic_json<std::map, std::vector, std::__cxx11::basic_string<char, std::char_traits<char>, std::allocator<char> >, bool, long long, unsigned long long, double, std::allocator, nlohmann::adl_serializer, std::vector<unsigned char, std::allocator<unsigned char> > >::basic_json<char const (&) [6], char [6], 0>(char const (&) [6])
                0x00000000080013d8                nlohmann::basic_json<std::map, std::vector, std::__cxx11::basic_string<char, std::char_traits<char>, std::allocator<char> >, bool, long long, unsigned long long, double, std::allocator, nlohmann::adl_serializer, std::vector<unsigned char, std::allocator<unsigned char> > >::basic_json<char const (&) [6], char [6], 0>(char const (&) [6])
 .text._ZN8nlohmann10basic_jsonISt3mapSt6vectorNSt7__cxx1112basic_stringIcSt11char_traitsIcESaIcEEEbxydSaNS_14adl_serializerES2_IhSaIhEEEC2IRA5_KcA5_cLi0EEEOT_
                0x0000000008001428       0x50 build/main.o
                0x0000000008001428                nlohmann::basic_json<std::map, std::vector, std::__cxx11::basic_string<char, std::char_traits<char>, std::allocator<char> >, bool, long long, unsigned long long, double, std::allocator, nlohmann::adl_serializer, std::vector<unsigned char, std::allocator<unsigned char> > >::basic_json<char const (&) [5], char [5], 0>(char const (&) [5])
                0x0000000008001428                nlohmann::basic_json<std::map, std::vector, std::__cxx11::basic_string<char, std::char_traits<char>, std::allocator<char> >, bool, long long, unsigned long long, double, std::allocator, nlohmann::adl_serializer, std::vector<unsigned char, std::allocator<unsigned char> > >::basic_json<char const (&) [5], char [5], 0>(char const (&) [5])
 .text._ZN8nlohmann10basic_jsonISt3mapSt6vectorNSt7__cxx1112basic_stringIcSt11char_traitsIcESaIcEEEbxydSaNS_14adl_serializerES2_IhSaIhEEEC2IRA4_KcA4_cLi0EEEOT_
                0x0000000008001478       0x50 build/main.o
                0x0000000008001478                nlohmann::basic_json<std::map, std::vector, std::__cxx11::basic_string<char, std::char_traits<char>, std::allocator<char> >, bool, long long, unsigned long long, double, std::allocator, nlohmann::adl_serializer, std::vector<unsigned char, std::allocator<unsigned char> > >::basic_json<char const (&) [4], char [4], 0>(char const (&) [4])
                0x0000000008001478                nlohmann::basic_json<std::map, std::vector, std::__cxx11::basic_string<char, std::char_traits<char>, std::allocator<char> >, bool, long long, unsigned long long, double, std::allocator, nlohmann::adl_serializer, std::vector<unsigned char, std::allocator<unsigned char> > >::basic_json<char const (&) [4], char [4], 0>(char const (&) [4])
 .text._ZN8nlohmann10basic_jsonISt3mapSt6vectorNSt7__cxx1112basic_stringIcSt11char_traitsIcESaIcEEEbxydSaNS_14adl_serializerES2_IhSaIhEEEC2IRA8_KcA8_cLi0EEEOT_
                0x00000000080014c8       0x50 build/main.o
                0x00000000080014c8                nlohmann::basic_json<std::map, std::vector, std::__cxx11::basic_string<char, std::char_traits<char>, std::allocator<char> >, bool, long long, unsigned long long, double, std::allocator, nlohmann::adl_serializer, std::vector<unsigned char, std::allocator<unsigned char> > >::basic_json<char const (&) [8], char [8], 0>(char const (&) [8])
                0x00000000080014c8                nlohmann::basic_json<std::map, std::vector, std::__cxx11::basic_string<char, std::char_traits<char>, std::allocator<char> >, bool, long long, unsigned long long, double, std::allocator, nlohmann::adl_serializer, std::vector<unsigned char, std::allocator<unsigned char> > >::basic_json<char const (&) [8], char [8], 0>(char const (&) [8])
 .text._ZN8nlohmann10basic_jsonISt3mapSt6vectorNSt7__cxx1112basic_stringIcSt11char_traitsIcESaIcEEEbxydSaNS_14adl_serializerES2_IhSaIhEEEC2IRA11_KcA11_cLi0EEEOT_
                0x0000000008001518       0x50 build/main.o
                0x0000000008001518                nlohmann::basic_json<std::map, std::vector, std::__cxx11::basic_string<char, std::char_traits<char>, std::allocator<char> >, bool, long long, unsigned long long, double, std::allocator, nlohmann::adl_serializer, std::vector<unsigned char, std::allocator<unsigned char> > >::basic_json<char const (&) [11], char [11], 0>(char const (&) [11])
                0x0000000008001518                nlohmann::basic_json<std::map, std::vector, std::__cxx11::basic_string<char, std::char_traits<char>, std::allocator<char> >, bool, long long, unsigned long long, double, std::allocator, nlohmann::adl_serializer, std::vector<unsigned char, std::allocator<unsigned char> > >::basic_json<char const (&) [11], char [11], 0>(char const (&) [11])
 .text._ZNSt8_Rb_treeINSt7__cxx1112basic_stringIcSt11char_traitsIcESaIcEEESt4pairIKS5_N8nlohmann10basic_jsonISt3mapSt6vectorS5_bxydSaNS8_14adl_serializerESB_IhSaIhEEEEESt10_Select1stISG_ESt4lessIvESaISG_EE8_M_eraseEPSt13_Rb_tree_nodeISG_E.isra.0
                0x0000000008001568       0xac build/main.o
 .text._ZNSt6vectorIN8nlohmann10basic_jsonISt3mapS_NSt7__cxx1112basic_stringIcSt11char_traitsIcESaIcEEEbxydSaNS0_14adl_serializerES_IhSaIhEEEESaISC_EE7reserveEj
                0x0000000008001614      0x150 build/main.o
                0x0000000008001614                std::vector<nlohmann::basic_json<std::map, std::vector, std::__cxx11::basic_string<char, std::char_traits<char>, std::allocator<char> >, bool, long long, unsigned long long, double, std::allocator, nlohmann::adl_serializer, std::vector<unsigned char, std::allocator<unsigned char> > >, std::allocator<nlohmann::basic_json<std::map, std::vector, std::__cxx11::basic_string<char, std::char_traits<char>, std::allocator<char> >, bool, long long, unsigned long long, double, std::allocator, nlohmann::adl_serializer, std::vector<unsigned char, std::allocator<unsigned char> > > > >::reserve(unsigned int)
 .text._ZNSt8_Rb_treeINSt7__cxx1112basic_stringIcSt11char_traitsIcESaIcEEESt4pairIKS5_N8nlohmann10basic_jsonISt3mapSt6vectorS5_bxydSaNS8_14adl_serializerESB_IhSaIhEEEEESt10_Select1stISG_ESt4lessIvESaISG_EE17_M_emplace_uniqueIJS5_SF_EEES6_ISt17_Rb_tree_iteratorISG_EbEDpOT_
                0x0000000008001764      0x294 build/main.o
                0x0000000008001764                std::pair<std::_Rb_tree_iterator<std::pair<std::__cxx11::basic_string<char, std::char_traits<char>, std::allocator<char> > const, nlohmann::basic_json<std::map, std::vector, std::__cxx11::basic_string<char, std::char_traits<char>, std::allocator<char> >, bool, long long, unsigned long long, double, std::allocator, nlohmann::adl_serializer, std::vector<unsigned char, std::allocator<unsigned char> > > > >, bool> std::_Rb_tree<std::__cxx11::basic_string<char, std::char_traits<char>, std::allocator<char> >, std::pair<std::__cxx11::basic_string<char, std::char_traits<char>, std::allocator<char> > const, nlohmann::basic_json<std::map, std::vector, std::__cxx11::basic_string<char, std::char_traits<char>, std::allocator<char> >, bool, long long, unsigned long long, double, std::allocator, nlohmann::adl_serializer, std::vector<unsigned char, std::allocator<unsigned char> > > >, std::_Select1st<std::pair<std::__cxx11::basic_string<char, std::char_traits<char>, std::allocator<char> > const, nlohmann::basic_json<std::map, std::vector, std::__cxx11::basic_string<char, std::char_traits<char>, std::allocator<char> >, bool, long long, unsigned long long, double, std::allocator, nlohmann::adl_serializer, std::vector<unsigned char, std::allocator<unsigned char> > > > >, std::less<void>, std::allocator<std::pair<std::__cxx11::basic_string<char, std::char_traits<char>, std::allocator<char> > const, nlohmann::basic_json<std::map, std::vector, std::__cxx11::basic_string<char, std::char_traits<char>, std::allocator<char> >, bool, long long, unsigned long long, double, std::allocator, nlohmann::adl_serializer, std::vector<unsigned char, std::allocator<unsigned char> > > > > >::_M_emplace_unique<std::__cxx11::basic_string<char, std::char_traits<char>, std::allocator<char> >, nlohmann::basic_json<std::map, std::vector, std::__cxx11::basic_string<char, std::char_traits<char>, std::allocator<char> >, bool, long long, unsigned long long, double, std::allocator, nlohmann::adl_serializer, std::vector<unsigned char, std::allocator<unsigned char> > > >(std::__cxx11::basic_string<char, std::char_traits<char>, std::allocator<char> >&&, nlohmann::basic_json<std::map, std::vector, std::__cxx11::basic_string<char, std::char_traits<char>, std::allocator<char> >, bool, long long, unsigned long long, double, std::allocator, nlohmann::adl_serializer, std::vector<unsigned char, std::allocator<unsigned char> > >&&)
 .text._ZN8nlohmann10basic_jsonISt3mapSt6vectorNSt7__cxx1112basic_stringIcSt11char_traitsIcESaIcEEEbxydSaNS_14adl_serializerES2_IhSaIhEEEC2ESt16initializer_listINS_6detail8json_refISC_EEEbNSE_7value_tE
                0x00000000080019f8      0x558 build/main.o
                0x00000000080019f8                nlohmann::basic_json<std::map, std::vector, std::__cxx11::basic_string<char, std::char_traits<char>, std::allocator<char> >, bool, long long, unsigned long long, double, std::allocator, nlohmann::adl_serializer, std::vector<unsigned char, std::allocator<unsigned char> > >::basic_json(std::initializer_list<nlohmann::detail::json_ref<nlohmann::basic_json<std::map, std::vector, std::__cxx11::basic_string<char, std::char_traits<char>, std::allocator<char> >, bool, long long, unsigned long long, double, std::allocator, nlohmann::adl_serializer, std::vector<unsigned char, std::allocator<unsigned char> > > > >, bool, nlohmann::detail::value_t)
                0x00000000080019f8                nlohmann::basic_json<std::map, std::vector, std::__cxx11::basic_string<char, std::char_traits<char>, std::allocator<char> >, bool, long long, unsigned long long, double, std::allocator, nlohmann::adl_serializer, std::vector<unsigned char, std::allocator<unsigned char> > >::basic_json(std::initializer_list<nlohmann::detail::json_ref<nlohmann::basic_json<std::map, std::vector, std::__cxx11::basic_string<char, std::char_traits<char>, std::allocator<char> >, bool, long long, unsigned long long, double, std::allocator, nlohmann::adl_serializer, std::vector<unsigned char, std::allocator<unsigned char> > > > >, bool, nlohmann::detail::value_t)
 .text.startup._Z41__static_initialization_and_destruction_0ii.constprop.0
                0x0000000008001f50      0xf4c build/main.o
 .text.startup.main
                0x0000000008002e9c      0x380 build/main.o
                0x0000000008002e9c                main
 .text.startup._GLOBAL__sub_I__Z8data_bleB5cxx11
                0x000000000800321c        0x4 build/main.o
 .text._ZN5daisy9DaisySeed7DelayMsEj
                0x0000000008003220        0x8 ../../libDaisy//build/libdaisy.a(daisy_seed.o)
                0x0000000008003220                daisy::DaisySeed::DelayMs(unsigned int)
 .text._ZN5daisy9DaisySeed10StartAudioEPFvPKPKfPPfjE
                0x0000000008003228        0x8 ../../libDaisy//build/libdaisy.a(daisy_seed.o)
                0x0000000008003228                daisy::DaisySeed::StartAudio(void (*)(float const* const*, float**, unsigned int))
 .text._ZN5daisy9DaisySeed18SetAudioSampleRateENS_9SaiHandle6Config10SampleRateE
                0x0000000008003230       0x38 ../../libDaisy//build/libdaisy.a(daisy_seed.o)
                0x0000000008003230                daisy::DaisySeed::SetAudioSampleRate(daisy::SaiHandle::Config::SampleRate)
 .text._ZN5daisy9DaisySeed17SetAudioBlockSizeEj
                0x0000000008003268       0x38 ../../libDaisy//build/libdaisy.a(daisy_seed.o)
                0x0000000008003268                daisy::DaisySeed::SetAudioBlockSize(unsigned int)
 .text._ZN5daisy9DaisySeed14ConfigureAudioEv
                0x00000000080032a0       0xd0 ../../libDaisy//build/libdaisy.a(daisy_seed.o)
                0x00000000080032a0                daisy::DaisySeed::ConfigureAudio()
 .text._ZN5daisy9DaisySeed4InitEb
                0x0000000008003370       0xf0 ../../libDaisy//build/libdaisy.a(daisy_seed.o)
                0x0000000008003370                daisy::DaisySeed::Init(bool)
 .text._ZN5daisy6Ak45564InitE12dsy_gpio_pin
                0x0000000008003460       0x44 ../../libDaisy//build/libdaisy.a(codec_ak4556.o)
                0x0000000008003460                daisy::Ak4556::Init(dsy_gpio_pin)
 .text._ZN5daisy6Wm873120WriteControlRegisterEht
                0x00000000080034a4       0x3c ../../libDaisy//build/libdaisy.a(codec_wm8731.o)
                0x00000000080034a4                daisy::Wm8731::WriteControlRegister(unsigned char, unsigned short)
 .text._ZN5daisy6Wm87314InitERKNS0_6ConfigENS_9I2CHandleE
                0x00000000080034e0      0x1bc ../../libDaisy//build/libdaisy.a(codec_wm8731.o)
                0x00000000080034e0                daisy::Wm8731::Init(daisy::Wm8731::Config const&, daisy::I2CHandle)
 .text._ZN11SdramHandle10DeviceInitEv
                0x000000000800369c       0x98 ../../libDaisy//build/libdaisy.a(sdram.o)
                0x000000000800369c                SdramHandle::DeviceInit()
 .text._ZN11SdramHandle4InitEv
                0x0000000008003734       0x7c ../../libDaisy//build/libdaisy.a(sdram.o)
                0x0000000008003734                SdramHandle::Init()
 .text.HAL_SDRAM_MspInit
                0x00000000080037b0      0x1a8 ../../libDaisy//build/libdaisy.a(sdram.o)
                0x00000000080037b0                HAL_SDRAM_MspInit
 .text._ZN5daisy11AudioHandle4Impl16InternalCallbackEPlS2_j
                0x0000000008003958      0xbbc ../../libDaisy//build/libdaisy.a(audio.o)
                0x0000000008003958                daisy::AudioHandle::Impl::InternalCallback(long*, long*, unsigned int)
 .text._ZN5daisy11AudioHandle4InitERKNS0_6ConfigENS_9SaiHandleE
                0x0000000008004514       0x64 ../../libDaisy//build/libdaisy.a(audio.o)
                0x0000000008004514                daisy::AudioHandle::Init(daisy::AudioHandle::Config const&, daisy::SaiHandle)
 .text._ZNK5daisy11AudioHandle9GetConfigEv
                0x0000000008004578        0x8 ../../libDaisy//build/libdaisy.a(audio.o)
                0x0000000008004578                daisy::AudioHandle::GetConfig() const
 .text._ZN5daisy11AudioHandle12SetBlockSizeEj
                0x0000000008004580       0x1c ../../libDaisy//build/libdaisy.a(audio.o)
                0x0000000008004580                daisy::AudioHandle::SetBlockSize(unsigned int)
 .text._ZN5daisy11AudioHandle13GetSampleRateEv
                0x000000000800459c        0x8 ../../libDaisy//build/libdaisy.a(audio.o)
                0x000000000800459c                daisy::AudioHandle::GetSampleRate()
 .text._ZN5daisy11AudioHandle13SetSampleRateENS_9SaiHandle6Config10SampleRateE
                0x00000000080045a4       0x88 ../../libDaisy//build/libdaisy.a(audio.o)
                0x00000000080045a4                daisy::AudioHandle::SetSampleRate(daisy::SaiHandle::Config::SampleRate)
 .text._ZN5daisy11AudioHandle5StartEPFvPKPKfPPfjE
                0x000000000800462c       0x44 ../../libDaisy//build/libdaisy.a(audio.o)
                0x000000000800462c                daisy::AudioHandle::Start(void (*)(float const* const*, float**, unsigned int))
 .text.startup._GLOBAL__sub_I__ZN5daisy11AudioHandle4Impl4InitENS0_6ConfigENS_9SaiHandleE
                0x0000000008004670       0x10 ../../libDaisy//build/libdaisy.a(audio.o)
 .text._ZN5daisy9UsbHandleD2Ev
                0x0000000008004680        0x4 ../../libDaisy//build/libdaisy.a(logger.o)
                0x0000000008004680                daisy::UsbHandle::~UsbHandle()
                0x0000000008004680                daisy::UsbHandle::~UsbHandle()
 .text._ZN5daisy6LoggerILNS_17LoggerDestinationE1EE11TransmitBufEv
                0x0000000008004684       0x60 ../../libDaisy//build/libdaisy.a(logger.o)
                0x0000000008004684                daisy::Logger<(daisy::LoggerDestination)1>::TransmitBuf()
 .text._ZN5daisy6LoggerILNS_17LoggerDestinationE1EE6PrintVEPKcSt9__va_list
                0x00000000080046e4       0x2c ../../libDaisy//build/libdaisy.a(logger.o)
                0x00000000080046e4                daisy::Logger<(daisy::LoggerDestination)1>::PrintV(char const*, std::__va_list)
 .text._ZN5daisy6LoggerILNS_17LoggerDestinationE1EE5PrintEPKcz
                0x0000000008004710       0x1c ../../libDaisy//build/libdaisy.a(logger.o)
                0x0000000008004710                daisy::Logger<(daisy::LoggerDestination)1>::Print(char const*, ...)
 .text._ZN5daisy6LoggerILNS_17LoggerDestinationE1EE13AppendNewLineEv
                0x000000000800472c       0x60 ../../libDaisy//build/libdaisy.a(logger.o)
                0x000000000800472c                daisy::Logger<(daisy::LoggerDestination)1>::AppendNewLine()
 .text._ZN5daisy6LoggerILNS_17LoggerDestinationE1EE10PrintLineVEPKcSt9__va_list
                0x000000000800478c       0x30 ../../libDaisy//build/libdaisy.a(logger.o)
                0x000000000800478c                daisy::Logger<(daisy::LoggerDestination)1>::PrintLineV(char const*, std::__va_list)
 .text._ZN5daisy6LoggerILNS_17LoggerDestinationE1EE9PrintLineEPKcz
                0x00000000080047bc       0x1c ../../libDaisy//build/libdaisy.a(logger.o)
                0x00000000080047bc                daisy::Logger<(daisy::LoggerDestination)1>::PrintLine(char const*, ...)
 .text._ZN5daisy6LoggerILNS_17LoggerDestinationE1EE8StartLogEb
                0x00000000080047d8       0x38 ../../libDaisy//build/libdaisy.a(logger.o)
                0x00000000080047d8                daisy::Logger<(daisy::LoggerDestination)1>::StartLog(bool)
 .text.startup._GLOBAL__sub_I__ZN5daisy10LoggerImplILNS_17LoggerDestinationE1EE11usb_handle_E
                0x0000000008004810       0x2c ../../libDaisy//build/libdaisy.a(logger.o)
 .text.DummyRxCallback
                0x000000000800483c        0x4 ../../libDaisy//build/libdaisy.a(usb.o)
                0x000000000800483c                DummyRxCallback
 .text._ZN5daisy9UsbHandle4InitENS0_9UsbPeriphE
                0x0000000008004840      0x10c ../../libDaisy//build/libdaisy.a(usb.o)
                0x0000000008004840                daisy::UsbHandle::Init(daisy::UsbHandle::UsbPeriph)
 .text._ZN5daisy9UsbHandle16TransmitInternalEPhj
                0x000000000800494c       0x14 ../../libDaisy//build/libdaisy.a(usb.o)
                0x000000000800494c                daisy::UsbHandle::TransmitInternal(unsigned char*, unsigned int)
 .text.OTG_FS_EP1_OUT_IRQHandler
                0x0000000008004960        0xc ../../libDaisy//build/libdaisy.a(usb.o)
                0x0000000008004960                OTG_FS_EP1_OUT_IRQHandler
 .text.OTG_FS_EP1_IN_IRQHandler
                0x000000000800496c        0xc ../../libDaisy//build/libdaisy.a(usb.o)
                0x000000000800496c                OTG_FS_EP1_IN_IRQHandler
 .text.OTG_FS_IRQHandler
                0x0000000008004978        0xc ../../libDaisy//build/libdaisy.a(usb.o)
                0x0000000008004978                OTG_FS_IRQHandler
 .text.dsy_gpio_init
                0x0000000008004984      0x1b8 ../../libDaisy//build/libdaisy.a(gpio.o)
                0x0000000008004984                dsy_gpio_init
 .text.dsy_gpio_read
                0x0000000008004b3c       0x1c ../../libDaisy//build/libdaisy.a(gpio.o)
                0x0000000008004b3c                dsy_gpio_read
 .text.dsy_gpio_write
                0x0000000008004b58       0x24 ../../libDaisy//build/libdaisy.a(gpio.o)
                0x0000000008004b58                dsy_gpio_write
 .text._ZN5daisy9I2CHandle4Impl8InitPinsEv
                0x0000000008004b7c       0x58 ../../libDaisy//build/libdaisy.a(i2c.o)
                0x0000000008004b7c                daisy::I2CHandle::Impl::InitPins()
 .text.HAL_I2C_MspInit
                0x0000000008004bd4      0x1b4 ../../libDaisy//build/libdaisy.a(i2c.o)
                0x0000000008004bd4                HAL_I2C_MspInit
 .text.dsy_i2c_global_init
                0x0000000008004d88       0x78 ../../libDaisy//build/libdaisy.a(i2c.o)
                0x0000000008004d88                dsy_i2c_global_init
 .text.DMA1_Stream6_IRQHandler
                0x0000000008004e00       0x34 ../../libDaisy//build/libdaisy.a(i2c.o)
                0x0000000008004e00                DMA1_Stream6_IRQHandler
 .text.I2C1_EV_IRQHandler
                0x0000000008004e34        0xc ../../libDaisy//build/libdaisy.a(i2c.o)
                0x0000000008004e34                I2C1_EV_IRQHandler
 .text.I2C2_EV_IRQHandler
                0x0000000008004e40        0xc ../../libDaisy//build/libdaisy.a(i2c.o)
                0x0000000008004e40                I2C2_EV_IRQHandler
 .text.I2C3_EV_IRQHandler
                0x0000000008004e4c        0xc ../../libDaisy//build/libdaisy.a(i2c.o)
                0x0000000008004e4c                I2C3_EV_IRQHandler
 .text._ZN5daisy9I2CHandle4InitERKNS0_6ConfigE
                0x0000000008004e58      0x12c ../../libDaisy//build/libdaisy.a(i2c.o)
                0x0000000008004e58                daisy::I2CHandle::Init(daisy::I2CHandle::Config const&)
 .text._ZN5daisy9I2CHandle16TransmitBlockingEtPhtm
                0x0000000008004f84       0x50 ../../libDaisy//build/libdaisy.a(i2c.o)
                0x0000000008004f84                daisy::I2CHandle::TransmitBlocking(unsigned short, unsigned char*, unsigned short, unsigned long)
 .text.startup._GLOBAL__sub_I__ZN5daisy9I2CHandle4Impl10GlobalInitEv
                0x0000000008004fd4       0x18 ../../libDaisy//build/libdaisy.a(i2c.o)
 .text._ZN5daisy10QSPIHandle4Impl11WriteEnableEv
                0x0000000008004fec       0x8c ../../libDaisy//build/libdaisy.a(qspi.o)
                0x0000000008004fec                daisy::QSPIHandle::Impl::WriteEnable()
 .text._ZN5daisy10QSPIHandle4Impl17DummyCyclesConfigENS0_6Config6DeviceE
                0x0000000008005078      0x118 ../../libDaisy//build/libdaisy.a(qspi.o)
                0x0000000008005078                daisy::QSPIHandle::Impl::DummyCyclesConfig(daisy::QSPIHandle::Config::Device)
 .text._ZN5daisy10QSPIHandle4Impl10QuadEnableEv
                0x0000000008005190      0x158 ../../libDaisy//build/libdaisy.a(qspi.o)
                0x0000000008005190                daisy::QSPIHandle::Impl::QuadEnable()
 .text._ZN5daisy10QSPIHandle4InitERKNS0_6ConfigE
                0x00000000080052e8      0x198 ../../libDaisy//build/libdaisy.a(qspi.o)
                0x00000000080052e8                daisy::QSPIHandle::Init(daisy::QSPIHandle::Config const&)
 .text.HAL_QSPI_MspInit
                0x0000000008005480      0x11c ../../libDaisy//build/libdaisy.a(qspi.o)
                0x0000000008005480                HAL_QSPI_MspInit
 .text.HAL_QSPI_MspDeInit
                0x000000000800559c       0x54 ../../libDaisy//build/libdaisy.a(qspi.o)
                0x000000000800559c                HAL_QSPI_MspDeInit
 .text.QUADSPI_IRQHandler
                0x00000000080055f0        0xc ../../libDaisy//build/libdaisy.a(qspi.o)
                0x00000000080055f0                QUADSPI_IRQHandler
 .text.startup._GLOBAL__sub_I__ZN5daisy10QSPIHandle4Impl4InitERKNS0_6ConfigE
                0x00000000080055fc       0x28 ../../libDaisy//build/libdaisy.a(qspi.o)
 .text._ZN5daisy9SaiHandle4Impl7InitDmaENS1_15PeripheralBlockE
                0x0000000008005624       0xa0 ../../libDaisy//build/libdaisy.a(sai.o)
                0x0000000008005624                daisy::SaiHandle::Impl::InitDma(daisy::SaiHandle::Impl::PeripheralBlock)
 .text._ZN5daisy9SaiHandle4Impl8InitPinsEv
                0x00000000080056c4       0xa8 ../../libDaisy//build/libdaisy.a(sai.o)
                0x00000000080056c4                daisy::SaiHandle::Impl::InitPins()
 .text.HAL_SAI_MspInit
                0x000000000800576c      0x164 ../../libDaisy//build/libdaisy.a(sai.o)
                0x000000000800576c                HAL_SAI_MspInit
 .text.DMA1_Stream0_IRQHandler
                0x00000000080058d0        0xc ../../libDaisy//build/libdaisy.a(sai.o)
                0x00000000080058d0                DMA1_Stream0_IRQHandler
 .text.DMA1_Stream1_IRQHandler
                0x00000000080058dc        0xc ../../libDaisy//build/libdaisy.a(sai.o)
                0x00000000080058dc                DMA1_Stream1_IRQHandler
 .text.DMA1_Stream3_IRQHandler
                0x00000000080058e8        0xc ../../libDaisy//build/libdaisy.a(sai.o)
                0x00000000080058e8                DMA1_Stream3_IRQHandler
 .text.DMA1_Stream4_IRQHandler
                0x00000000080058f4        0xc ../../libDaisy//build/libdaisy.a(sai.o)
                0x00000000080058f4                DMA1_Stream4_IRQHandler
 .text.HAL_SAI_RxHalfCpltCallback
                0x0000000008005900       0x78 ../../libDaisy//build/libdaisy.a(sai.o)
                0x0000000008005900                HAL_SAI_RxHalfCpltCallback
 .text.HAL_SAI_RxCpltCallback
                0x0000000008005978       0x70 ../../libDaisy//build/libdaisy.a(sai.o)
                0x0000000008005978                HAL_SAI_RxCpltCallback
 .text._ZN5daisy9SaiHandle4InitERKNS0_6ConfigE
                0x00000000080059e8      0x1f0 ../../libDaisy//build/libdaisy.a(sai.o)
                0x00000000080059e8                daisy::SaiHandle::Init(daisy::SaiHandle::Config const&)
 .text._ZNK5daisy9SaiHandle9GetConfigEv
                0x0000000008005bd8        0x4 ../../libDaisy//build/libdaisy.a(sai.o)
                0x0000000008005bd8                daisy::SaiHandle::GetConfig() const
 .text._ZN5daisy9SaiHandle8StartDmaEPlS1_jPFvS1_S1_jE
                0x0000000008005bdc       0xbc ../../libDaisy//build/libdaisy.a(sai.o)
                0x0000000008005bdc                daisy::SaiHandle::StartDma(long*, long*, unsigned int, void (*)(long*, long*, unsigned int))
 .text._ZN5daisy9SaiHandle13GetSampleRateEv
                0x0000000008005c98       0x24 ../../libDaisy//build/libdaisy.a(sai.o)
                0x0000000008005c98                daisy::SaiHandle::GetSampleRate()
 .text._ZNK5daisy9SaiHandle9GetOffsetEv
                0x0000000008005cbc        0x8 ../../libDaisy//build/libdaisy.a(sai.o)
                0x0000000008005cbc                daisy::SaiHandle::GetOffset() const
 .text.HAL_TIM_Base_MspInit
                0x0000000008005cc4       0xcc ../../libDaisy//build/libdaisy.a(tim.o)
                0x0000000008005cc4                HAL_TIM_Base_MspInit
 .text._ZN5daisy11TimerHandle4InitERKNS0_6ConfigE
                0x0000000008005d90       0xc4 ../../libDaisy//build/libdaisy.a(tim.o)
                0x0000000008005d90                daisy::TimerHandle::Init(daisy::TimerHandle::Config const&)
 .text._ZN5daisy11TimerHandle5StartEv
                0x0000000008005e54       0x14 ../../libDaisy//build/libdaisy.a(tim.o)
                0x0000000008005e54                daisy::TimerHandle::Start()
 .text._ZN5daisy11TimerHandle7DelayMsEm
                0x0000000008005e68       0x34 ../../libDaisy//build/libdaisy.a(tim.o)
                0x0000000008005e68                daisy::TimerHandle::DelayMs(unsigned long)
 .text._ZN5daisy11UartHandler4Impl8InitPinsEv
                0x0000000008005e9c      0x15c ../../libDaisy//build/libdaisy.a(uart.o)
                0x0000000008005e9c                daisy::UartHandler::Impl::InitPins()
 .text._ZN5daisy11UartHandler4Impl14UARTRxCompleteEv
                0x0000000008005ff8       0xfc ../../libDaisy//build/libdaisy.a(uart.o)
                0x0000000008005ff8                daisy::UartHandler::Impl::UARTRxComplete()
 .text.HAL_UART_RxCpltCallback
                0x00000000080060f4       0x90 ../../libDaisy//build/libdaisy.a(uart.o)
                0x00000000080060f4                HAL_UART_RxCpltCallback
 .text.HAL_UART_ErrorCallback
                0x0000000008006184       0x94 ../../libDaisy//build/libdaisy.a(uart.o)
                0x0000000008006184                HAL_UART_ErrorCallback
 .text.HAL_UART_MspInit
                0x0000000008006218      0x28c ../../libDaisy//build/libdaisy.a(uart.o)
                0x0000000008006218                HAL_UART_MspInit
 .text.USART1_IRQHandler
                0x00000000080064a4       0xa8 ../../libDaisy//build/libdaisy.a(uart.o)
                0x00000000080064a4                USART1_IRQHandler
 .text.USART2_IRQHandler
                0x000000000800654c       0xac ../../libDaisy//build/libdaisy.a(uart.o)
                0x000000000800654c                USART2_IRQHandler
 .text.USART3_IRQHandler
                0x00000000080065f8       0xac ../../libDaisy//build/libdaisy.a(uart.o)
                0x00000000080065f8                USART3_IRQHandler
 .text.UART4_IRQHandler
                0x00000000080066a4       0xac ../../libDaisy//build/libdaisy.a(uart.o)
                0x00000000080066a4                UART4_IRQHandler
 .text.UART5_IRQHandler
                0x0000000008006750       0xac ../../libDaisy//build/libdaisy.a(uart.o)
                0x0000000008006750                UART5_IRQHandler
 .text.USART6_IRQHandler
                0x00000000080067fc       0xac ../../libDaisy//build/libdaisy.a(uart.o)
                0x00000000080067fc                USART6_IRQHandler
 .text.UART7_IRQHandler
                0x00000000080068a8       0xac ../../libDaisy//build/libdaisy.a(uart.o)
                0x00000000080068a8                UART7_IRQHandler
 .text.UART8_IRQHandler
                0x0000000008006954       0xac ../../libDaisy//build/libdaisy.a(uart.o)
                0x0000000008006954                UART8_IRQHandler
 .text.LPUART1_IRQHandler
                0x0000000008006a00       0xb4 ../../libDaisy//build/libdaisy.a(uart.o)
                0x0000000008006a00                LPUART1_IRQHandler
 .text.DMA1_Stream5_IRQHandler
                0x0000000008006ab4        0xc ../../libDaisy//build/libdaisy.a(uart.o)
                0x0000000008006ab4                DMA1_Stream5_IRQHandler
 .text._ZN5daisy11UartHandler4InitERKNS0_6ConfigE
                0x0000000008006ac0      0x104 ../../libDaisy//build/libdaisy.a(uart.o)
                0x0000000008006ac0                daisy::UartHandler::Init(daisy::UartHandler::Config const&)
 .text._ZN5daisy11UartHandler7StartRxEv
                0x0000000008006bc4       0x28 ../../libDaisy//build/libdaisy.a(uart.o)
                0x0000000008006bc4                daisy::UartHandler::StartRx()
 .text._ZN5daisy11UartHandler7FlushRxEv
                0x0000000008006bec       0x10 ../../libDaisy//build/libdaisy.a(uart.o)
                0x0000000008006bec                daisy::UartHandler::FlushRx()
 .text._ZN5daisy11UartHandler5PopRxEv
                0x0000000008006bfc       0x28 ../../libDaisy//build/libdaisy.a(uart.o)
                0x0000000008006bfc                daisy::UartHandler::PopRx()
 .text._ZN5daisy11UartHandler8ReadableEv
                0x0000000008006c24       0x10 ../../libDaisy//build/libdaisy.a(uart.o)
                0x0000000008006c24                daisy::UartHandler::Readable()
 .text.startup._GLOBAL__sub_I__Z19MapInstanceToHandleP13USART_TypeDef
                0x0000000008006c34      0x140 ../../libDaisy//build/libdaisy.a(uart.o)
 .text.SysTick_Handler
                0x0000000008006d74       0x10 ../../libDaisy//build/libdaisy.a(system.o)
                0x0000000008006d74                SysTick_Handler
 .text.OTG_HS_EP1_OUT_IRQHandler
                0x0000000008006d84       0x24 ../../libDaisy//build/libdaisy.a(system.o)
                0x0000000008006d84                OTG_HS_EP1_OUT_IRQHandler
 .text.OTG_HS_EP1_IN_IRQHandler
                0x0000000008006da8       0x24 ../../libDaisy//build/libdaisy.a(system.o)
                0x0000000008006da8                OTG_HS_EP1_IN_IRQHandler
 .text.OTG_HS_IRQHandler
                0x0000000008006dcc       0x24 ../../libDaisy//build/libdaisy.a(system.o)
                0x0000000008006dcc                OTG_HS_IRQHandler
 .text.HardFault_Handler
                0x0000000008006df0        0x4 ../../libDaisy//build/libdaisy.a(system.o)
                0x0000000008006df0                HardFault_Handler
 .text._ZN5daisy6System5DelayEm
                0x0000000008006df4        0x4 ../../libDaisy//build/libdaisy.a(system.o)
                0x0000000008006df4                daisy::System::Delay(unsigned long)
 .text._ZN5daisy6System15ConfigureClocksEv
                0x0000000008006df8      0x194 ../../libDaisy//build/libdaisy.a(system.o)
                0x0000000008006df8                daisy::System::ConfigureClocks()
 .text._ZN5daisy6System4InitERKNS0_6ConfigE
                0x0000000008006f8c      0x12c ../../libDaisy//build/libdaisy.a(system.o)
                0x0000000008006f8c                daisy::System::Init(daisy::System::Config const&)
 .text._ZN5daisy6System12GetPClk1FreqEv
                0x00000000080070b8        0x4 ../../libDaisy//build/libdaisy.a(system.o)
                0x00000000080070b8                daisy::System::GetPClk1Freq()
 .text._ZN5daisy6System22GetProgramMemoryRegionEv
                0x00000000080070bc       0x78 ../../libDaisy//build/libdaisy.a(system.o)
                0x00000000080070bc                daisy::System::GetProgramMemoryRegion()
 .text.startup._GLOBAL__sub_I_SysTick_Handler
                0x0000000008007134       0x1c ../../libDaisy//build/libdaisy.a(system.o)
 .text.SystemInit
                0x0000000008007150       0x9c ../../libDaisy//build/libdaisy.a(system_stm32h7xx.o)
                0x0000000008007150                SystemInit
 .text.dummy_rx_callback
                0x00000000080071ec        0x4 ../../libDaisy//build/libdaisy.a(usbd_cdc_if.o)
                0x00000000080071ec                dummy_rx_callback
 .text.CDC_DeInit_FS
                0x00000000080071f0        0x4 ../../libDaisy//build/libdaisy.a(usbd_cdc_if.o)
 .text.CDC_Receive_FS
                0x00000000080071f4       0x2c ../../libDaisy//build/libdaisy.a(usbd_cdc_if.o)
 .text.CDC_Receive_HS
                0x0000000008007220       0x2c ../../libDaisy//build/libdaisy.a(usbd_cdc_if.o)
 .text.CDC_Init_FS
                0x000000000800724c       0x3c ../../libDaisy//build/libdaisy.a(usbd_cdc_if.o)
 .text.CDC_Init_HS
                0x0000000008007288       0x3c ../../libDaisy//build/libdaisy.a(usbd_cdc_if.o)
 .text.CDC_Control_FS
                0x00000000080072c4       0x34 ../../libDaisy//build/libdaisy.a(usbd_cdc_if.o)
 .text.CDC_Control_HS
                0x00000000080072f8       0x34 ../../libDaisy//build/libdaisy.a(usbd_cdc_if.o)
 .text.CDC_DeInit_HS
                0x000000000800732c        0x4 ../../libDaisy//build/libdaisy.a(usbd_cdc_if.o)
 .text.CDC_Transmit_FS
                0x0000000008007330       0x2c ../../libDaisy//build/libdaisy.a(usbd_cdc_if.o)
                0x0000000008007330                CDC_Transmit_FS
 .text.HAL_PCD_MspInit
                0x000000000800735c      0x144 ../../libDaisy//build/libdaisy.a(usbd_conf.o)
                0x000000000800735c                HAL_PCD_MspInit
 .text.HAL_PCD_SetupStageCallback
                0x00000000080074a0        0xc ../../libDaisy//build/libdaisy.a(usbd_conf.o)
                0x00000000080074a0                HAL_PCD_SetupStageCallback
 .text.HAL_PCD_DataOutStageCallback
                0x00000000080074ac       0x14 ../../libDaisy//build/libdaisy.a(usbd_conf.o)
                0x00000000080074ac                HAL_PCD_DataOutStageCallback
 .text.HAL_PCD_DataInStageCallback
                0x00000000080074c0       0x14 ../../libDaisy//build/libdaisy.a(usbd_conf.o)
                0x00000000080074c0                HAL_PCD_DataInStageCallback
 .text.HAL_PCD_SOFCallback
                0x00000000080074d4        0x8 ../../libDaisy//build/libdaisy.a(usbd_conf.o)
                0x00000000080074d4                HAL_PCD_SOFCallback
 .text.HAL_PCD_ResetCallback
                0x00000000080074dc       0x24 ../../libDaisy//build/libdaisy.a(usbd_conf.o)
                0x00000000080074dc                HAL_PCD_ResetCallback
 .text.HAL_PCD_SuspendCallback
                0x0000000008007500       0x30 ../../libDaisy//build/libdaisy.a(usbd_conf.o)
                0x0000000008007500                HAL_PCD_SuspendCallback
 .text.HAL_PCD_ResumeCallback
                0x0000000008007530        0x8 ../../libDaisy//build/libdaisy.a(usbd_conf.o)
                0x0000000008007530                HAL_PCD_ResumeCallback
 .text.HAL_PCD_ISOOUTIncompleteCallback
                0x0000000008007538        0x8 ../../libDaisy//build/libdaisy.a(usbd_conf.o)
                0x0000000008007538                HAL_PCD_ISOOUTIncompleteCallback
 .text.HAL_PCD_ISOINIncompleteCallback
                0x0000000008007540        0x8 ../../libDaisy//build/libdaisy.a(usbd_conf.o)
                0x0000000008007540                HAL_PCD_ISOINIncompleteCallback
 .text.HAL_PCD_ConnectCallback
                0x0000000008007548        0x8 ../../libDaisy//build/libdaisy.a(usbd_conf.o)
                0x0000000008007548                HAL_PCD_ConnectCallback
 .text.HAL_PCD_DisconnectCallback
                0x0000000008007550        0x8 ../../libDaisy//build/libdaisy.a(usbd_conf.o)
                0x0000000008007550                HAL_PCD_DisconnectCallback
 .text.USBD_LL_Init
                0x0000000008007558       0xe4 ../../libDaisy//build/libdaisy.a(usbd_conf.o)
                0x0000000008007558                USBD_LL_Init
 .text.USBD_LL_Start
                0x000000000800763c       0x1c ../../libDaisy//build/libdaisy.a(usbd_conf.o)
                0x000000000800763c                USBD_LL_Start
 .text.USBD_LL_OpenEP
                0x0000000008007658       0x24 ../../libDaisy//build/libdaisy.a(usbd_conf.o)
                0x0000000008007658                USBD_LL_OpenEP
 .text.USBD_LL_CloseEP
                0x000000000800767c       0x1c ../../libDaisy//build/libdaisy.a(usbd_conf.o)
                0x000000000800767c                USBD_LL_CloseEP
 .text.USBD_LL_StallEP
                0x0000000008007698       0x1c ../../libDaisy//build/libdaisy.a(usbd_conf.o)
                0x0000000008007698                USBD_LL_StallEP
 .text.USBD_LL_ClearStallEP
                0x00000000080076b4       0x1c ../../libDaisy//build/libdaisy.a(usbd_conf.o)
                0x00000000080076b4                USBD_LL_ClearStallEP
 .text.USBD_LL_IsStallEP
                0x00000000080076d0       0x28 ../../libDaisy//build/libdaisy.a(usbd_conf.o)
                0x00000000080076d0                USBD_LL_IsStallEP
 .text.USBD_LL_SetUSBAddress
                0x00000000080076f8       0x1c ../../libDaisy//build/libdaisy.a(usbd_conf.o)
                0x00000000080076f8                USBD_LL_SetUSBAddress
 .text.USBD_LL_Transmit
                0x0000000008007714       0x1c ../../libDaisy//build/libdaisy.a(usbd_conf.o)
                0x0000000008007714                USBD_LL_Transmit
 .text.USBD_LL_PrepareReceive
                0x0000000008007730       0x1c ../../libDaisy//build/libdaisy.a(usbd_conf.o)
                0x0000000008007730                USBD_LL_PrepareReceive
 .text.USBD_LL_GetRxDataSize
                0x000000000800774c        0x8 ../../libDaisy//build/libdaisy.a(usbd_conf.o)
                0x000000000800774c                USBD_LL_GetRxDataSize
 .text.USBD_HS_DeviceDescriptor
                0x0000000008007754        0xc ../../libDaisy//build/libdaisy.a(usbd_desc.o)
                0x0000000008007754                USBD_HS_DeviceDescriptor
 .text.USBD_FS_DeviceDescriptor
                0x0000000008007760        0xc ../../libDaisy//build/libdaisy.a(usbd_desc.o)
                0x0000000008007760                USBD_FS_DeviceDescriptor
 .text.USBD_FS_LangIDStrDescriptor
                0x000000000800776c        0xc ../../libDaisy//build/libdaisy.a(usbd_desc.o)
                0x000000000800776c                USBD_FS_LangIDStrDescriptor
 .text.USBD_FS_ManufacturerStrDescriptor
                0x0000000008007778       0x1c ../../libDaisy//build/libdaisy.a(usbd_desc.o)
                0x0000000008007778                USBD_FS_ManufacturerStrDescriptor
 .text.USBD_HS_ProductStrDescriptor
                0x0000000008007794       0x1c ../../libDaisy//build/libdaisy.a(usbd_desc.o)
                0x0000000008007794                USBD_HS_ProductStrDescriptor
 .text.USBD_FS_ConfigStrDescriptor
                0x00000000080077b0       0x1c ../../libDaisy//build/libdaisy.a(usbd_desc.o)
                0x00000000080077b0                USBD_FS_ConfigStrDescriptor
 .text.USBD_FS_InterfaceStrDescriptor
                0x00000000080077cc       0x1c ../../libDaisy//build/libdaisy.a(usbd_desc.o)
                0x00000000080077cc                USBD_FS_InterfaceStrDescriptor
 .text.USBD_FS_ProductStrDescriptor
                0x00000000080077e8       0x1c ../../libDaisy//build/libdaisy.a(usbd_desc.o)
                0x00000000080077e8                USBD_FS_ProductStrDescriptor
 .text.USBD_HS_LangIDStrDescriptor
                0x0000000008007804        0xc ../../libDaisy//build/libdaisy.a(usbd_desc.o)
                0x0000000008007804                USBD_HS_LangIDStrDescriptor
 .text.USBD_HS_ManufacturerStrDescriptor
                0x0000000008007810       0x1c ../../libDaisy//build/libdaisy.a(usbd_desc.o)
                0x0000000008007810                USBD_HS_ManufacturerStrDescriptor
 .text.USBD_FS_SerialStrDescriptor
                0x000000000800782c      0x124 ../../libDaisy//build/libdaisy.a(usbd_desc.o)
                0x000000000800782c                USBD_FS_SerialStrDescriptor
 .text.USBD_HS_SerialStrDescriptor
                0x0000000008007950      0x124 ../../libDaisy//build/libdaisy.a(usbd_desc.o)
                0x0000000008007950                USBD_HS_SerialStrDescriptor
 .text.USBD_HS_InterfaceStrDescriptor
                0x0000000008007a74       0x1c ../../libDaisy//build/libdaisy.a(usbd_desc.o)
                0x0000000008007a74                USBD_HS_InterfaceStrDescriptor
 .text.USBD_HS_ConfigStrDescriptor
                0x0000000008007a90       0x1c ../../libDaisy//build/libdaisy.a(usbd_desc.o)
                0x0000000008007a90                USBD_HS_ConfigStrDescriptor
 .text.HAL_HCD_SOF_Callback
                0x0000000008007aac        0x8 ../../libDaisy//build/libdaisy.a(usbh_conf.o)
                0x0000000008007aac                HAL_HCD_SOF_Callback
 .text.HAL_HCD_Connect_Callback
                0x0000000008007ab4        0x8 ../../libDaisy//build/libdaisy.a(usbh_conf.o)
                0x0000000008007ab4                HAL_HCD_Connect_Callback
 .text.HAL_HCD_Disconnect_Callback
                0x0000000008007abc        0x8 ../../libDaisy//build/libdaisy.a(usbh_conf.o)
                0x0000000008007abc                HAL_HCD_Disconnect_Callback
 .text.HAL_HCD_HC_NotifyURBChange_Callback
                0x0000000008007ac4        0x4 ../../libDaisy//build/libdaisy.a(usbh_conf.o)
                0x0000000008007ac4                HAL_HCD_HC_NotifyURBChange_Callback
 .text.HAL_HCD_PortEnabled_Callback
                0x0000000008007ac8        0x8 ../../libDaisy//build/libdaisy.a(usbh_conf.o)
                0x0000000008007ac8                HAL_HCD_PortEnabled_Callback
 .text.HAL_HCD_PortDisabled_Callback
                0x0000000008007ad0        0x8 ../../libDaisy//build/libdaisy.a(usbh_conf.o)
                0x0000000008007ad0                HAL_HCD_PortDisabled_Callback
 .text.USBH_LL_Stop
                0x0000000008007ad8       0x1c ../../libDaisy//build/libdaisy.a(usbh_conf.o)
                0x0000000008007ad8                USBH_LL_Stop
 .text.dsy_hal_map_get_port
                0x0000000008007af4       0x10 ../../libDaisy//build/libdaisy.a(hal_map.o)
                0x0000000008007af4                dsy_hal_map_get_port
 .text.dsy_hal_map_get_pin
                0x0000000008007b04       0x10 ../../libDaisy//build/libdaisy.a(hal_map.o)
                0x0000000008007b04                dsy_hal_map_get_pin
 .text.dsy_hal_map_gpio_clk_enable
                0x0000000008007b14      0x150 ../../libDaisy//build/libdaisy.a(hal_map.o)
                0x0000000008007b14                dsy_hal_map_gpio_clk_enable
 .text.HAL_MspInit
                0x0000000008007c64        0x4 ../../libDaisy//build/libdaisy.a(stm32h7xx_hal.o)
                0x0000000008007c64                HAL_MspInit
 .text.HAL_InitTick
                0x0000000008007c68       0x4c ../../libDaisy//build/libdaisy.a(stm32h7xx_hal.o)
                0x0000000008007c68                HAL_InitTick
 .text.HAL_Init
                0x0000000008007cb4       0x60 ../../libDaisy//build/libdaisy.a(stm32h7xx_hal.o)
                0x0000000008007cb4                HAL_Init
 .text.HAL_IncTick
                0x0000000008007d14       0x18 ../../libDaisy//build/libdaisy.a(stm32h7xx_hal.o)
                0x0000000008007d14                HAL_IncTick
 .text.HAL_GetTick
                0x0000000008007d2c        0xc ../../libDaisy//build/libdaisy.a(stm32h7xx_hal.o)
                0x0000000008007d2c                HAL_GetTick
 .text.HAL_Delay
                0x0000000008007d38       0x24 ../../libDaisy//build/libdaisy.a(stm32h7xx_hal.o)
                0x0000000008007d38                HAL_Delay
 .text.HAL_GetREVID
                0x0000000008007d5c        0xc ../../libDaisy//build/libdaisy.a(stm32h7xx_hal.o)
                0x0000000008007d5c                HAL_GetREVID
 .text.HAL_NVIC_SetPriorityGrouping
                0x0000000008007d68       0x24 ../../libDaisy//build/libdaisy.a(stm32h7xx_hal_cortex.o)
                0x0000000008007d68                HAL_NVIC_SetPriorityGrouping
 .text.HAL_NVIC_SetPriority
                0x0000000008007d8c       0x7c ../../libDaisy//build/libdaisy.a(stm32h7xx_hal_cortex.o)
                0x0000000008007d8c                HAL_NVIC_SetPriority
 .text.HAL_NVIC_EnableIRQ
                0x0000000008007e08       0x1c ../../libDaisy//build/libdaisy.a(stm32h7xx_hal_cortex.o)
                0x0000000008007e08                HAL_NVIC_EnableIRQ
 .text.HAL_NVIC_DisableIRQ
                0x0000000008007e24       0x28 ../../libDaisy//build/libdaisy.a(stm32h7xx_hal_cortex.o)
                0x0000000008007e24                HAL_NVIC_DisableIRQ
 .text.HAL_SYSTICK_Config
                0x0000000008007e4c       0x2c ../../libDaisy//build/libdaisy.a(stm32h7xx_hal_cortex.o)
                0x0000000008007e4c                HAL_SYSTICK_Config
 .text.HAL_MPU_Disable
                0x0000000008007e78       0x1c ../../libDaisy//build/libdaisy.a(stm32h7xx_hal_cortex.o)
                0x0000000008007e78                HAL_MPU_Disable
 .text.HAL_MPU_Enable
                0x0000000008007e94       0x20 ../../libDaisy//build/libdaisy.a(stm32h7xx_hal_cortex.o)
                0x0000000008007e94                HAL_MPU_Enable
 .text.HAL_MPU_ConfigRegion
                0x0000000008007eb4       0x64 ../../libDaisy//build/libdaisy.a(stm32h7xx_hal_cortex.o)
                0x0000000008007eb4                HAL_MPU_ConfigRegion
 .text.HAL_SYSTICK_Callback
                0x0000000008007f18        0x4 ../../libDaisy//build/libdaisy.a(stm32h7xx_hal_cortex.o)
                0x0000000008007f18                HAL_SYSTICK_Callback
 .text.HAL_SYSTICK_IRQHandler
                0x0000000008007f1c        0x8 ../../libDaisy//build/libdaisy.a(stm32h7xx_hal_cortex.o)
                0x0000000008007f1c                HAL_SYSTICK_IRQHandler
 .text.DMA_CalcBaseAndBitshift
                0x0000000008007f24       0xf4 ../../libDaisy//build/libdaisy.a(stm32h7xx_hal_dma.o)
 .text.DMA_CalcDMAMUXChannelBaseAndMask
                0x0000000008008018       0xd8 ../../libDaisy//build/libdaisy.a(stm32h7xx_hal_dma.o)
 .text.HAL_DMA_Init
                0x00000000080080f0      0x37c ../../libDaisy//build/libdaisy.a(stm32h7xx_hal_dma.o)
                0x00000000080080f0                HAL_DMA_Init
 .text.HAL_DMA_Start_IT
                0x000000000800846c      0x240 ../../libDaisy//build/libdaisy.a(stm32h7xx_hal_dma.o)
                0x000000000800846c                HAL_DMA_Start_IT
 .text.HAL_DMA_Abort_IT
                0x00000000080086ac      0x134 ../../libDaisy//build/libdaisy.a(stm32h7xx_hal_dma.o)
                0x00000000080086ac                HAL_DMA_Abort_IT
 .text.HAL_DMA_IRQHandler
                0x00000000080087e0      0x6a0 ../../libDaisy//build/libdaisy.a(stm32h7xx_hal_dma.o)
                0x00000000080087e0                HAL_DMA_IRQHandler
 .text.HAL_DMA_GetError
                0x0000000008008e80        0x4 ../../libDaisy//build/libdaisy.a(stm32h7xx_hal_dma.o)
                0x0000000008008e80                HAL_DMA_GetError
 .text.HAL_GPIO_Init
                0x0000000008008e84      0x280 ../../libDaisy//build/libdaisy.a(stm32h7xx_hal_gpio.o)
                0x0000000008008e84                HAL_GPIO_Init
 .text.HAL_GPIO_DeInit
                0x0000000008009104      0x190 ../../libDaisy//build/libdaisy.a(stm32h7xx_hal_gpio.o)
                0x0000000008009104                HAL_GPIO_DeInit
 .text.HAL_GPIO_ReadPin
                0x0000000008009294        0xc ../../libDaisy//build/libdaisy.a(stm32h7xx_hal_gpio.o)
                0x0000000008009294                HAL_GPIO_ReadPin
 .text.HAL_GPIO_WritePin
                0x00000000080092a0        0x8 ../../libDaisy//build/libdaisy.a(stm32h7xx_hal_gpio.o)
                0x00000000080092a0                HAL_GPIO_WritePin
 .text.HAL_HCD_IRQHandler
                0x00000000080092a8      0x780 ../../libDaisy//build/libdaisy.a(stm32h7xx_hal_hcd.o)
                0x00000000080092a8                HAL_HCD_IRQHandler
 .text.HAL_HCD_Stop
                0x0000000008009a28       0x28 ../../libDaisy//build/libdaisy.a(stm32h7xx_hal_hcd.o)
                0x0000000008009a28                HAL_HCD_Stop
 .text.I2C_WaitOnTXISFlagUntilTimeout
                0x0000000008009a50       0xb8 ../../libDaisy//build/libdaisy.a(stm32h7xx_hal_i2c.o)
 .text.I2C_WaitOnSTOPFlagUntilTimeout
                0x0000000008009b08       0xac ../../libDaisy//build/libdaisy.a(stm32h7xx_hal_i2c.o)
 .text.HAL_I2C_Init
                0x0000000008009bb4       0xac ../../libDaisy//build/libdaisy.a(stm32h7xx_hal_i2c.o)
                0x0000000008009bb4                HAL_I2C_Init
 .text.HAL_I2C_Master_Transmit
                0x0000000008009c60      0x1a8 ../../libDaisy//build/libdaisy.a(stm32h7xx_hal_i2c.o)
                0x0000000008009c60                HAL_I2C_Master_Transmit
 .text.HAL_I2C_Slave_Transmit
                0x0000000008009e08      0x1c8 ../../libDaisy//build/libdaisy.a(stm32h7xx_hal_i2c.o)
                0x0000000008009e08                HAL_I2C_Slave_Transmit
 .text.HAL_I2C_EV_IRQHandler
                0x0000000008009fd0       0x10 ../../libDaisy//build/libdaisy.a(stm32h7xx_hal_i2c.o)
                0x0000000008009fd0                HAL_I2C_EV_IRQHandler
 .text.HAL_I2C_GetState
                0x0000000008009fe0        0x8 ../../libDaisy//build/libdaisy.a(stm32h7xx_hal_i2c.o)
                0x0000000008009fe0                HAL_I2C_GetState
 .text.HAL_I2CEx_ConfigAnalogFilter
                0x0000000008009fe8       0x54 ../../libDaisy//build/libdaisy.a(stm32h7xx_hal_i2c_ex.o)
                0x0000000008009fe8                HAL_I2CEx_ConfigAnalogFilter
 .text.HAL_I2CEx_ConfigDigitalFilter
                0x000000000800a03c       0x58 ../../libDaisy//build/libdaisy.a(stm32h7xx_hal_i2c_ex.o)
                0x000000000800a03c                HAL_I2CEx_ConfigDigitalFilter
 .text.HAL_PCD_Init
                0x000000000800a094      0x12c ../../libDaisy//build/libdaisy.a(stm32h7xx_hal_pcd.o)
                0x000000000800a094                HAL_PCD_Init
 .text.HAL_PCD_Start
                0x000000000800a1c0       0x44 ../../libDaisy//build/libdaisy.a(stm32h7xx_hal_pcd.o)
                0x000000000800a1c0                HAL_PCD_Start
 .text.HAL_PCD_IRQHandler
                0x000000000800a204      0x69c ../../libDaisy//build/libdaisy.a(stm32h7xx_hal_pcd.o)
                0x000000000800a204                HAL_PCD_IRQHandler
 .text.HAL_PCD_SetAddress
                0x000000000800a8a0       0x2c ../../libDaisy//build/libdaisy.a(stm32h7xx_hal_pcd.o)
                0x000000000800a8a0                HAL_PCD_SetAddress
 .text.HAL_PCD_EP_Open
                0x000000000800a8cc       0x7c ../../libDaisy//build/libdaisy.a(stm32h7xx_hal_pcd.o)
                0x000000000800a8cc                HAL_PCD_EP_Open
 .text.HAL_PCD_EP_Close
                0x000000000800a948       0x6c ../../libDaisy//build/libdaisy.a(stm32h7xx_hal_pcd.o)
                0x000000000800a948                HAL_PCD_EP_Close
 .text.HAL_PCD_EP_Receive
                0x000000000800a9b4       0x50 ../../libDaisy//build/libdaisy.a(stm32h7xx_hal_pcd.o)
                0x000000000800a9b4                HAL_PCD_EP_Receive
 .text.HAL_PCD_EP_GetRxCount
                0x000000000800aa04       0x14 ../../libDaisy//build/libdaisy.a(stm32h7xx_hal_pcd.o)
                0x000000000800aa04                HAL_PCD_EP_GetRxCount
 .text.HAL_PCD_EP_Transmit
                0x000000000800aa18       0x50 ../../libDaisy//build/libdaisy.a(stm32h7xx_hal_pcd.o)
                0x000000000800aa18                HAL_PCD_EP_Transmit
 .text.HAL_PCD_EP_SetStall
                0x000000000800aa68       0x88 ../../libDaisy//build/libdaisy.a(stm32h7xx_hal_pcd.o)
                0x000000000800aa68                HAL_PCD_EP_SetStall
 .text.HAL_PCD_EP_ClrStall
                0x000000000800aaf0       0x78 ../../libDaisy//build/libdaisy.a(stm32h7xx_hal_pcd.o)
                0x000000000800aaf0                HAL_PCD_EP_ClrStall
 .text.HAL_PCDEx_SetTxFiFo
                0x000000000800ab68       0x54 ../../libDaisy//build/libdaisy.a(stm32h7xx_hal_pcd_ex.o)
                0x000000000800ab68                HAL_PCDEx_SetTxFiFo
 .text.HAL_PCDEx_SetRxFiFo
                0x000000000800abbc        0xc ../../libDaisy//build/libdaisy.a(stm32h7xx_hal_pcd_ex.o)
                0x000000000800abbc                HAL_PCDEx_SetRxFiFo
 .text.HAL_PCDEx_ActivateLPM
                0x000000000800abc8       0x30 ../../libDaisy//build/libdaisy.a(stm32h7xx_hal_pcd_ex.o)
                0x000000000800abc8                HAL_PCDEx_ActivateLPM
 .text.HAL_PCDEx_LPM_Callback
                0x000000000800abf8        0x4 ../../libDaisy//build/libdaisy.a(stm32h7xx_hal_pcd_ex.o)
                0x000000000800abf8                HAL_PCDEx_LPM_Callback
 .text.HAL_PWREx_ConfigSupply
                0x000000000800abfc       0x4c ../../libDaisy//build/libdaisy.a(stm32h7xx_hal_pwr_ex.o)
                0x000000000800abfc                HAL_PWREx_ConfigSupply
 .text.HAL_PWREx_EnableUSBVoltageDetector
                0x000000000800ac48       0x10 ../../libDaisy//build/libdaisy.a(stm32h7xx_hal_pwr_ex.o)
                0x000000000800ac48                HAL_PWREx_EnableUSBVoltageDetector
 .text.QSPI_Config
                0x000000000800ac58      0x174 ../../libDaisy//build/libdaisy.a(stm32h7xx_hal_qspi.o)
 .text.HAL_QSPI_Init
                0x000000000800adcc       0xd8 ../../libDaisy//build/libdaisy.a(stm32h7xx_hal_qspi.o)
                0x000000000800adcc                HAL_QSPI_Init
 .text.HAL_QSPI_DeInit
                0x000000000800aea4       0x3c ../../libDaisy//build/libdaisy.a(stm32h7xx_hal_qspi.o)
                0x000000000800aea4                HAL_QSPI_DeInit
 .text.HAL_QSPI_Command
                0x000000000800aee0       0xd4 ../../libDaisy//build/libdaisy.a(stm32h7xx_hal_qspi.o)
                0x000000000800aee0                HAL_QSPI_Command
 .text.HAL_QSPI_Transmit
                0x000000000800afb4       0xfc ../../libDaisy//build/libdaisy.a(stm32h7xx_hal_qspi.o)
                0x000000000800afb4                HAL_QSPI_Transmit
 .text.HAL_QSPI_Receive
                0x000000000800b0b0      0x108 ../../libDaisy//build/libdaisy.a(stm32h7xx_hal_qspi.o)
                0x000000000800b0b0                HAL_QSPI_Receive
 .text.HAL_QSPI_AutoPolling
                0x000000000800b1b8       0xf0 ../../libDaisy//build/libdaisy.a(stm32h7xx_hal_qspi.o)
                0x000000000800b1b8                HAL_QSPI_AutoPolling
 .text.HAL_QSPI_MemoryMapped
                0x000000000800b2a8       0xc0 ../../libDaisy//build/libdaisy.a(stm32h7xx_hal_qspi.o)
                0x000000000800b2a8                HAL_QSPI_MemoryMapped
 .text.HAL_QSPI_ErrorCallback
                0x000000000800b368        0x4 ../../libDaisy//build/libdaisy.a(stm32h7xx_hal_qspi.o)
                0x000000000800b368                HAL_QSPI_ErrorCallback
 .text.QSPI_DMAAbortCplt
                0x000000000800b36c       0x38 ../../libDaisy//build/libdaisy.a(stm32h7xx_hal_qspi.o)
 .text.HAL_QSPI_AbortCpltCallback
                0x000000000800b3a4        0x4 ../../libDaisy//build/libdaisy.a(stm32h7xx_hal_qspi.o)
                0x000000000800b3a4                HAL_QSPI_AbortCpltCallback
 .text.HAL_QSPI_CmdCpltCallback
                0x000000000800b3a8        0x4 ../../libDaisy//build/libdaisy.a(stm32h7xx_hal_qspi.o)
                0x000000000800b3a8                HAL_QSPI_CmdCpltCallback
 .text.HAL_QSPI_RxCpltCallback
                0x000000000800b3ac        0x4 ../../libDaisy//build/libdaisy.a(stm32h7xx_hal_qspi.o)
                0x000000000800b3ac                HAL_QSPI_RxCpltCallback
 .text.HAL_QSPI_TxCpltCallback
                0x000000000800b3b0        0x4 ../../libDaisy//build/libdaisy.a(stm32h7xx_hal_qspi.o)
                0x000000000800b3b0                HAL_QSPI_TxCpltCallback
 .text.HAL_QSPI_FifoThresholdCallback
                0x000000000800b3b4        0x4 ../../libDaisy//build/libdaisy.a(stm32h7xx_hal_qspi.o)
                0x000000000800b3b4                HAL_QSPI_FifoThresholdCallback
 .text.HAL_QSPI_StatusMatchCallback
                0x000000000800b3b8        0x4 ../../libDaisy//build/libdaisy.a(stm32h7xx_hal_qspi.o)
                0x000000000800b3b8                HAL_QSPI_StatusMatchCallback
 .text.HAL_QSPI_TimeOutCallback
                0x000000000800b3bc        0x4 ../../libDaisy//build/libdaisy.a(stm32h7xx_hal_qspi.o)
                0x000000000800b3bc                HAL_QSPI_TimeOutCallback
 .text.HAL_QSPI_IRQHandler
                0x000000000800b3c0      0x210 ../../libDaisy//build/libdaisy.a(stm32h7xx_hal_qspi.o)
                0x000000000800b3c0                HAL_QSPI_IRQHandler
 .text.HAL_RCC_OscConfig
                0x000000000800b5d0      0x51c ../../libDaisy//build/libdaisy.a(stm32h7xx_hal_rcc.o)
                0x000000000800b5d0                HAL_RCC_OscConfig
 .text.HAL_RCC_GetSysClockFreq
                0x000000000800baec      0x140 ../../libDaisy//build/libdaisy.a(stm32h7xx_hal_rcc.o)
                0x000000000800baec                HAL_RCC_GetSysClockFreq
 .text.HAL_RCC_ClockConfig
                0x000000000800bc2c      0x234 ../../libDaisy//build/libdaisy.a(stm32h7xx_hal_rcc.o)
                0x000000000800bc2c                HAL_RCC_ClockConfig
 .text.HAL_RCC_GetHCLKFreq
                0x000000000800be60       0x2c ../../libDaisy//build/libdaisy.a(stm32h7xx_hal_rcc.o)
                0x000000000800be60                HAL_RCC_GetHCLKFreq
 .text.HAL_RCC_GetPCLK1Freq
                0x000000000800be8c       0x38 ../../libDaisy//build/libdaisy.a(stm32h7xx_hal_rcc.o)
                0x000000000800be8c                HAL_RCC_GetPCLK1Freq
 .text.HAL_RCC_GetPCLK2Freq
                0x000000000800bec4       0x38 ../../libDaisy//build/libdaisy.a(stm32h7xx_hal_rcc.o)
                0x000000000800bec4                HAL_RCC_GetPCLK2Freq
 .text.RCCEx_PLL2_Config
                0x000000000800befc       0xf4 ../../libDaisy//build/libdaisy.a(stm32h7xx_hal_rcc_ex.o)
 .text.RCCEx_PLL3_Config
                0x000000000800bff0       0xf4 ../../libDaisy//build/libdaisy.a(stm32h7xx_hal_rcc_ex.o)
 .text.HAL_RCCEx_PeriphCLKConfig
                0x000000000800c0e4      0xa7c ../../libDaisy//build/libdaisy.a(stm32h7xx_hal_rcc_ex.o)
                0x000000000800c0e4                HAL_RCCEx_PeriphCLKConfig
 .text.HAL_RCCEx_GetD3PCLK1Freq
                0x000000000800cb60       0x24 ../../libDaisy//build/libdaisy.a(stm32h7xx_hal_rcc_ex.o)
                0x000000000800cb60                HAL_RCCEx_GetD3PCLK1Freq
 .text.HAL_RCCEx_GetPLL2ClockFreq
                0x000000000800cb84      0x17c ../../libDaisy//build/libdaisy.a(stm32h7xx_hal_rcc_ex.o)
                0x000000000800cb84                HAL_RCCEx_GetPLL2ClockFreq
 .text.HAL_RCCEx_GetPLL3ClockFreq
                0x000000000800cd00      0x17c ../../libDaisy//build/libdaisy.a(stm32h7xx_hal_rcc_ex.o)
                0x000000000800cd00                HAL_RCCEx_GetPLL3ClockFreq
 .text.HAL_RCCEx_GetPLL1ClockFreq
                0x000000000800ce7c      0x17c ../../libDaisy//build/libdaisy.a(stm32h7xx_hal_rcc_ex.o)
                0x000000000800ce7c                HAL_RCCEx_GetPLL1ClockFreq
 .text.HAL_RCCEx_GetPeriphCLKFreq
                0x000000000800cff8      0x198 ../../libDaisy//build/libdaisy.a(stm32h7xx_hal_rcc_ex.o)
                0x000000000800cff8                HAL_RCCEx_GetPeriphCLKFreq
 .text.HAL_RCCEx_GetD1SysClockFreq
                0x000000000800d190       0x2c ../../libDaisy//build/libdaisy.a(stm32h7xx_hal_rcc_ex.o)
                0x000000000800d190                HAL_RCCEx_GetD1SysClockFreq
 .text.HAL_SAI_Init.part.0
                0x000000000800d1bc      0x348 ../../libDaisy//build/libdaisy.a(stm32h7xx_hal_sai.o)
 .text.HAL_SAI_InitProtocol
                0x000000000800d504      0x178 ../../libDaisy//build/libdaisy.a(stm32h7xx_hal_sai.o)
                0x000000000800d504                HAL_SAI_InitProtocol
 .text.HAL_SAI_Transmit_DMA
                0x000000000800d67c      0x124 ../../libDaisy//build/libdaisy.a(stm32h7xx_hal_sai.o)
                0x000000000800d67c                HAL_SAI_Transmit_DMA
 .text.HAL_SAI_Receive_DMA
                0x000000000800d7a0       0xd0 ../../libDaisy//build/libdaisy.a(stm32h7xx_hal_sai.o)
                0x000000000800d7a0                HAL_SAI_Receive_DMA
 .text.HAL_SAI_TxCpltCallback
                0x000000000800d870        0x4 ../../libDaisy//build/libdaisy.a(stm32h7xx_hal_sai.o)
                0x000000000800d870                HAL_SAI_TxCpltCallback
 .text.SAI_DMATxCplt
                0x000000000800d874       0x64 ../../libDaisy//build/libdaisy.a(stm32h7xx_hal_sai.o)
 .text.HAL_SAI_TxHalfCpltCallback
                0x000000000800d8d8        0x4 ../../libDaisy//build/libdaisy.a(stm32h7xx_hal_sai.o)
                0x000000000800d8d8                HAL_SAI_TxHalfCpltCallback
 .text.SAI_DMATxHalfCplt
                0x000000000800d8dc        0xc ../../libDaisy//build/libdaisy.a(stm32h7xx_hal_sai.o)
 .text.SAI_DMARxCplt
                0x000000000800d8e8       0x64 ../../libDaisy//build/libdaisy.a(stm32h7xx_hal_sai.o)
 .text.SAI_DMARxHalfCplt
                0x000000000800d94c        0xc ../../libDaisy//build/libdaisy.a(stm32h7xx_hal_sai.o)
 .text.HAL_SAI_ErrorCallback
                0x000000000800d958        0x4 ../../libDaisy//build/libdaisy.a(stm32h7xx_hal_sai.o)
                0x000000000800d958                HAL_SAI_ErrorCallback
 .text.SAI_DMAError
                0x000000000800d95c       0x6c ../../libDaisy//build/libdaisy.a(stm32h7xx_hal_sai.o)
 .text.HAL_SDRAM_Init
                0x000000000800d9c8       0x54 ../../libDaisy//build/libdaisy.a(stm32h7xx_hal_sdram.o)
                0x000000000800d9c8                HAL_SDRAM_Init
 .text.HAL_SDRAM_SendCommand
                0x000000000800da1c       0x40 ../../libDaisy//build/libdaisy.a(stm32h7xx_hal_sdram.o)
                0x000000000800da1c                HAL_SDRAM_SendCommand
 .text.HAL_SDRAM_ProgramRefreshRate
                0x000000000800da5c       0x30 ../../libDaisy//build/libdaisy.a(stm32h7xx_hal_sdram.o)
                0x000000000800da5c                HAL_SDRAM_ProgramRefreshRate
 .text.HAL_TIM_Base_Init
                0x000000000800da8c      0x140 ../../libDaisy//build/libdaisy.a(stm32h7xx_hal_tim.o)
                0x000000000800da8c                HAL_TIM_Base_Init
 .text.HAL_TIM_Base_Start
                0x000000000800dbcc       0x34 ../../libDaisy//build/libdaisy.a(stm32h7xx_hal_tim.o)
                0x000000000800dbcc                HAL_TIM_Base_Start
 .text.HAL_TIM_ConfigClockSource
                0x000000000800dc00      0x17c ../../libDaisy//build/libdaisy.a(stm32h7xx_hal_tim.o)
                0x000000000800dc00                HAL_TIM_ConfigClockSource
 .text.HAL_TIMEx_MasterConfigSynchronization
                0x000000000800dd7c       0x64 ../../libDaisy//build/libdaisy.a(stm32h7xx_hal_tim_ex.o)
                0x000000000800dd7c                HAL_TIMEx_MasterConfigSynchronization
 .text.HAL_UART_Receive_DMA
                0x000000000800dde0       0xac ../../libDaisy//build/libdaisy.a(stm32h7xx_hal_uart.o)
                0x000000000800dde0                HAL_UART_Receive_DMA
 .text.HAL_UART_TxCpltCallback
                0x000000000800de8c        0x4 ../../libDaisy//build/libdaisy.a(stm32h7xx_hal_uart.o)
                0x000000000800de8c                HAL_UART_TxCpltCallback
 .text.UART_DMAReceiveCplt
                0x000000000800de90       0x38 ../../libDaisy//build/libdaisy.a(stm32h7xx_hal_uart.o)
 .text.HAL_UART_RxHalfCpltCallback
                0x000000000800dec8        0x4 ../../libDaisy//build/libdaisy.a(stm32h7xx_hal_uart.o)
                0x000000000800dec8                HAL_UART_RxHalfCpltCallback
 .text.UART_DMARxHalfCplt
                0x000000000800decc        0xc ../../libDaisy//build/libdaisy.a(stm32h7xx_hal_uart.o)
 .text.UART_DMAError
                0x000000000800ded8       0x78 ../../libDaisy//build/libdaisy.a(stm32h7xx_hal_uart.o)
 .text.HAL_UART_IRQHandler
                0x000000000800df50      0x1d0 ../../libDaisy//build/libdaisy.a(stm32h7xx_hal_uart.o)
                0x000000000800df50                HAL_UART_IRQHandler
 .text.UART_DMAAbortOnError
                0x000000000800e120       0x14 ../../libDaisy//build/libdaisy.a(stm32h7xx_hal_uart.o)
 .text.UART_SetConfig
                0x000000000800e134     0x14b8 ../../libDaisy//build/libdaisy.a(stm32h7xx_hal_uart.o)
                0x000000000800e134                UART_SetConfig
 .text.UART_AdvFeatureConfig
                0x000000000800f5ec       0xb0 ../../libDaisy//build/libdaisy.a(stm32h7xx_hal_uart.o)
                0x000000000800f5ec                UART_AdvFeatureConfig
 .text.UART_CheckIdleState
                0x000000000800f69c       0x84 ../../libDaisy//build/libdaisy.a(stm32h7xx_hal_uart.o)
                0x000000000800f69c                UART_CheckIdleState
 .text.HAL_UART_Init
                0x000000000800f720       0x68 ../../libDaisy//build/libdaisy.a(stm32h7xx_hal_uart.o)
                0x000000000800f720                HAL_UART_Init
 .text.HAL_UARTEx_WakeupCallback
                0x000000000800f788        0x4 ../../libDaisy//build/libdaisy.a(stm32h7xx_hal_uart_ex.o)
                0x000000000800f788                HAL_UARTEx_WakeupCallback
 .text.HAL_UARTEx_RxFifoFullCallback
                0x000000000800f78c        0x4 ../../libDaisy//build/libdaisy.a(stm32h7xx_hal_uart_ex.o)
                0x000000000800f78c                HAL_UARTEx_RxFifoFullCallback
 .text.HAL_UARTEx_TxFifoEmptyCallback
                0x000000000800f790        0x4 ../../libDaisy//build/libdaisy.a(stm32h7xx_hal_uart_ex.o)
                0x000000000800f790                HAL_UARTEx_TxFifoEmptyCallback
 .text.HAL_UARTEx_DisableFifoMode
                0x000000000800f794       0x3c ../../libDaisy//build/libdaisy.a(stm32h7xx_hal_uart_ex.o)
                0x000000000800f794                HAL_UARTEx_DisableFifoMode
 .text.HAL_UARTEx_SetTxFifoThreshold
                0x000000000800f7d0       0xa4 ../../libDaisy//build/libdaisy.a(stm32h7xx_hal_uart_ex.o)
                0x000000000800f7d0                HAL_UARTEx_SetTxFifoThreshold
 .text.HAL_UARTEx_SetRxFifoThreshold
                0x000000000800f874       0xa4 ../../libDaisy//build/libdaisy.a(stm32h7xx_hal_uart_ex.o)
                0x000000000800f874                HAL_UARTEx_SetRxFifoThreshold
 .text.FMC_SDRAM_Init
                0x000000000800f918       0x7c ../../libDaisy//build/libdaisy.a(stm32h7xx_ll_fmc.o)
                0x000000000800f918                FMC_SDRAM_Init
 .text.FMC_SDRAM_Timing_Init
                0x000000000800f994       0x98 ../../libDaisy//build/libdaisy.a(stm32h7xx_ll_fmc.o)
                0x000000000800f994                FMC_SDRAM_Timing_Init
 .text.FMC_SDRAM_SendCommand
                0x000000000800fa2c       0x28 ../../libDaisy//build/libdaisy.a(stm32h7xx_ll_fmc.o)
                0x000000000800fa2c                FMC_SDRAM_SendCommand
 .text.FMC_SDRAM_ProgramRefreshRate
                0x000000000800fa54       0x1c ../../libDaisy//build/libdaisy.a(stm32h7xx_ll_fmc.o)
                0x000000000800fa54                FMC_SDRAM_ProgramRefreshRate
 .text.USB_CoreInit
                0x000000000800fa70       0xfc ../../libDaisy//build/libdaisy.a(stm32h7xx_ll_usb.o)
                0x000000000800fa70                USB_CoreInit
 .text.USB_SetTurnaroundTime
                0x000000000800fb6c       0xf4 ../../libDaisy//build/libdaisy.a(stm32h7xx_ll_usb.o)
                0x000000000800fb6c                USB_SetTurnaroundTime
 .text.USB_EnableGlobalInt
                0x000000000800fc60       0x10 ../../libDaisy//build/libdaisy.a(stm32h7xx_ll_usb.o)
                0x000000000800fc60                USB_EnableGlobalInt
 .text.USB_DisableGlobalInt
                0x000000000800fc70       0x10 ../../libDaisy//build/libdaisy.a(stm32h7xx_ll_usb.o)
                0x000000000800fc70                USB_DisableGlobalInt
 .text.USB_SetCurrentMode
                0x000000000800fc80       0x30 ../../libDaisy//build/libdaisy.a(stm32h7xx_ll_usb.o)
                0x000000000800fc80                USB_SetCurrentMode
 .text.USB_DevInit