Archive member included to satisfy reference by file (symbol)

../../libDaisy/build/libdaisy.a(daisy_seed.o)
                              build/main.o (daisy::DaisySeed::DelayMs(unsigned int))
../../libDaisy/build/libdaisy.a(codec_ak4556.o)
                              ../../libDaisy/build/libdaisy.a(daisy_seed.o) (daisy::Ak4556::Init(dsy_gpio_pin))
../../libDaisy/build/libdaisy.a(codec_wm8731.o)
                              ../../libDaisy/build/libdaisy.a(daisy_seed.o) (daisy::Wm8731::Init(daisy::Wm8731::Config const&, daisy::I2CHandle))
../../libDaisy/build/libdaisy.a(sdram.o)
                              ../../libDaisy/build/libdaisy.a(daisy_seed.o) (SdramHandle::Init())
../../libDaisy/build/libdaisy.a(audio.o)
                              ../../libDaisy/build/libdaisy.a(daisy_seed.o) (daisy::AudioHandle::Init(daisy::AudioHandle::Config const&, daisy::SaiHandle))
../../libDaisy/build/libdaisy.a(logger.o)
                              build/main.o (daisy::Logger<(daisy::LoggerDestination)1>::Print(char const*, ...))
../../libDaisy/build/libdaisy.a(usb.o)
                              ../../libDaisy/build/libdaisy.a(logger.o) (daisy::UsbHandle::Init(daisy::UsbHandle::UsbPeriph))
../../libDaisy/build/libdaisy.a(gpio.o)
                              ../../libDaisy/build/libdaisy.a(daisy_seed.o) (dsy_gpio_init)
../../libDaisy/build/libdaisy.a(i2c.o)
                              ../../libDaisy/build/libdaisy.a(daisy_seed.o) (daisy::I2CHandle::Init(daisy::I2CHandle::Config const&))
../../libDaisy/build/libdaisy.a(qspi.o)
                              ../../libDaisy/build/libdaisy.a(daisy_seed.o) (daisy::QSPIHandle::Init(daisy::QSPIHandle::Config const&))
../../libDaisy/build/libdaisy.a(sai.o)
                              ../../libDaisy/build/libdaisy.a(daisy_seed.o) (daisy::SaiHandle::Init(daisy::SaiHandle::Config const&))
../../libDaisy/build/libdaisy.a(uart.o)
                              build/main.o (daisy::UartHandler::Init(daisy::UartHandler::Config const&))
../../libDaisy/build/libdaisy.a(system.o)
                              ../../libDaisy/build/libdaisy.a(daisy_seed.o) (daisy::System::DeInit())
../../libDaisy/build/libdaisy.a(system_stm32h7xx.o)
                              build/startup_stm32h750xx.o (SystemInit)
../../libDaisy/build/libdaisy.a(usbd_cdc_if.o)
                              ../../libDaisy/build/libdaisy.a(usb.o) (CDC_Transmit_FS)
../../libDaisy/build/libdaisy.a(usbd_conf.o)
                              ../../libDaisy/build/libdaisy.a(system.o) (hpcd_USB_OTG_HS)
../../libDaisy/build/libdaisy.a(usbd_desc.o)
                              ../../libDaisy/build/libdaisy.a(usb.o) (HS_Desc)
../../libDaisy/build/libdaisy.a(usbh_conf.o)
                              ../../libDaisy/build/libdaisy.a(system.o) (hhcd_USB_OTG_HS)
../../libDaisy/build/libdaisy.a(hal_map.o)
                              ../../libDaisy/build/libdaisy.a(gpio.o) (dsy_hal_map_get_port)
../../libDaisy/build/libdaisy.a(stm32h7xx_hal.o)
                              ../../libDaisy/build/libdaisy.a(system.o) (HAL_Init)
../../libDaisy/build/libdaisy.a(stm32h7xx_hal_cortex.o)
                              ../../libDaisy/build/libdaisy.a(stm32h7xx_hal.o) (HAL_NVIC_SetPriorityGrouping)
../../libDaisy/build/libdaisy.a(stm32h7xx_hal_dma.o)
                              ../../libDaisy/build/libdaisy.a(i2c.o) (HAL_DMA_Init)
../../libDaisy/build/libdaisy.a(stm32h7xx_hal_gpio.o)
                              ../../libDaisy/build/libdaisy.a(sdram.o) (HAL_GPIO_Init)
../../libDaisy/build/libdaisy.a(stm32h7xx_hal_hcd.o)
                              ../../libDaisy/build/libdaisy.a(usbh_conf.o) (HAL_HCD_HC_Init)
../../libDaisy/build/libdaisy.a(stm32h7xx_hal_i2c.o)
                              ../../libDaisy/build/libdaisy.a(i2c.o) (HAL_I2C_Init)
../../libDaisy/build/libdaisy.a(stm32h7xx_hal_i2c_ex.o)
                              ../../libDaisy/build/libdaisy.a(i2c.o) (HAL_I2CEx_ConfigAnalogFilter)
../../libDaisy/build/libdaisy.a(stm32h7xx_hal_pcd.o)
                              ../../libDaisy/build/libdaisy.a(usbd_conf.o) (HAL_PCD_Init)
../../libDaisy/build/libdaisy.a(stm32h7xx_hal_pcd_ex.o)
                              ../../libDaisy/build/libdaisy.a(usbd_conf.o) (HAL_PCDEx_SetTxFiFo)
../../libDaisy/build/libdaisy.a(stm32h7xx_hal_pwr_ex.o)
                              ../../libDaisy/build/libdaisy.a(system.o) (HAL_PWREx_ConfigSupply)
../../libDaisy/build/libdaisy.a(stm32h7xx_hal_qspi.o)
                              ../../libDaisy/build/libdaisy.a(qspi.o) (HAL_QSPI_Init)
../../libDaisy/build/libdaisy.a(stm32h7xx_hal_rcc.o)
                              ../../libDaisy/build/libdaisy.a(system.o) (HAL_RCC_OscConfig)
../../libDaisy/build/libdaisy.a(stm32h7xx_hal_rcc_ex.o)
                              ../../libDaisy/build/libdaisy.a(system.o) (HAL_RCCEx_PeriphCLKConfig)
../../libDaisy/build/libdaisy.a(stm32h7xx_hal_sai.o)
                              ../../libDaisy/build/libdaisy.a(sai.o) (HAL_SAI_InitProtocol)
[...]
Memory Configuration

Name             Origin             Length             Attributes
FLASH            0x0000000008000000 0x0000000000020000 xr
DTCMRAM          0x0000000020000000 0x0000000000020000 xrw
SRAM             0x0000000024000000 0x0000000000080000 xrw
RAM_D2           0x0000000030000000 0x0000000000048000 xrw
RAM_D3           0x0000000038000000 0x0000000000010000 xrw
ITCMRAM          0x0000000000000000 0x0000000000010000 xrw
SDRAM            0x00000000c0000000 0x0000000004000000 xrw
QSPIFLASH        0x0000000090000000 0x0000000000800000 xr
*default*        0x0000000000000000 0xffffffffffffffff

Linker script and memory map

LOAD /Applications/ARM/bin/../lib/gcc/arm-none-eabi/10.3.1/thumb/v7e-m+dp/hard/crti.o
LOAD /Applications/ARM/bin/../lib/gcc/arm-none-eabi/10.3.1/thumb/v7e-m+dp/hard/crtbegin.o
LOAD /Applications/ARM/bin/../lib/gcc/arm-none-eabi/10.3.1/../../../../arm-none-eabi/lib/thumb/v7e-m+dp/hard/crt0.o
LOAD build/startup_stm32h750xx.o
LOAD build/main.o
LOAD ../../libDaisy/build/libdaisy.a
LOAD /Applications/ARM/bin/../lib/gcc/arm-none-eabi/10.3.1/../../../../arm-none-eabi/lib/thumb/v7e-m+dp/hard/libnosys.a
LOAD ../../DaisySP/build/libdaisysp.a
LOAD /Applications/ARM/bin/../lib/gcc/arm-none-eabi/10.3.1/../../../../arm-none-eabi/lib/thumb/v7e-m+dp/hard/libstdc++_nano.a
LOAD /Applications/ARM/bin/../lib/gcc/arm-none-eabi/10.3.1/../../../../arm-none-eabi/lib/thumb/v7e-m+dp/hard/libm.a
LOAD /Applications/ARM/bin/../lib/gcc/arm-none-eabi/10.3.1/../../../../arm-none-eabi/lib/thumb/v7e-m+dp/hard/libc_nano.a
START GROUP
LOAD /Applications/ARM/bin/../lib/gcc/arm-none-eabi/10.3.1/thumb/v7e-m+dp/hard/libgcc.a
LOAD /Applications/ARM/bin/../lib/gcc/arm-none-eabi/10.3.1/../../../../arm-none-eabi/lib/thumb/v7e-m+dp/hard/libc_nano.a
END GROUP
START GROUP
LOAD /Applications/ARM/bin/../lib/gcc/arm-none-eabi/10.3.1/thumb/v7e-m+dp/hard/libgcc.a
LOAD /Applications/ARM/bin/../lib/gcc/arm-none-eabi/10.3.1/../../../../arm-none-eabi/lib/thumb/v7e-m+dp/hard/libc_nano.a
LOAD /Applications/ARM/bin/../lib/gcc/arm-none-eabi/10.3.1/../../../../arm-none-eabi/lib/thumb/v7e-m+dp/hard/libnosys.a
END GROUP
START GROUP
LOAD /Applications/ARM/bin/../lib/gcc/arm-none-eabi/10.3.1/thumb/v7e-m+dp/hard/libgcc.a
LOAD /Applications/ARM/bin/../lib/gcc/arm-none-eabi/10.3.1/../../../../arm-none-eabi/lib/thumb/v7e-m+dp/hard/libc_nano.a
LOAD /Applications/ARM/bin/../lib/gcc/arm-none-eabi/10.3.1/../../../../arm-none-eabi/lib/thumb/v7e-m+dp/hard/libnosys.a
END GROUP
LOAD /Applications/ARM/bin/../lib/gcc/arm-none-eabi/10.3.1/thumb/v7e-m+dp/hard/crtend.o
LOAD /Applications/ARM/bin/../lib/gcc/arm-none-eabi/10.3.1/thumb/v7e-m+dp/hard/crtn.o
                0x0000000020020000                _estack = 0x20020000

.isr_vector     0x0000000008000000      0x298
                0x0000000008000000                . = ALIGN (0x4)
 *(.isr_vector)
 .isr_vector    0x0000000008000000      0x298 build/startup_stm32h750xx.o
                0x0000000008000000                g_pfnVectors
                0x0000000008000298                . = ALIGN (0x4)

.text           0x00000000080002a0    0x11844
                0x00000000080002a0                . = ALIGN (0x4)
                0x00000000080002a0                _stext = .
 *(.text)
 .text          0x00000000080002a0       0x40 /Applications/ARM/bin/../lib/gcc/arm-none-eabi/10.3.1/thumb/v7e-m+dp/hard/crtbegin.o
 .text          0x00000000080002e0       0xa0 /Applications/ARM/bin/../lib/gcc/arm-none-eabi/10.3.1/../../../../arm-none-eabi/lib/thumb/v7e-m+dp/hard/libc_nano.a(lib_a-memchr.o)
                0x00000000080002e0                memchr
 .text          0x0000000008000380       0x30 /Applications/ARM/bin/../lib/gcc/arm-none-eabi/10.3.1/thumb/v7e-m+dp/hard/libgcc.a(_aeabi_uldivmod.o)
                0x0000000008000380                __aeabi_uldivmod
 .text          0x00000000080003b0      0x2d0 /Applications/ARM/bin/../lib/gcc/arm-none-eabi/10.3.1/thumb/v7e-m+dp/hard/libgcc.a(_udivmoddi4.o)
                0x00000000080003b0                __udivmoddi4
 .text          0x0000000008000680        0x4 /Applications/ARM/bin/../lib/gcc/arm-none-eabi/10.3.1/thumb/v7e-m+dp/hard/libgcc.a(_dvmd_tls.o)
                0x0000000008000680                __aeabi_ldiv0
                0x0000000008000680                __aeabi_idiv0
 *(.text*)
 .text.Default_Handler
                0x0000000008000684        0x4 build/startup_stm32h750xx.o
                0x0000000008000684                SAI1_IRQHandler
                0x0000000008000684                HASH_RNG_IRQHandler
                0x0000000008000684                EXTI2_IRQHandler
                0x0000000008000684                TIM8_CC_IRQHandler
                0x0000000008000684                HRTIM1_Master_IRQHandler
                0x0000000008000684                DebugMon_Handler
                0x0000000008000684                SPI4_IRQHandler
                0x0000000008000684                TIM1_CC_IRQHandler
                0x0000000008000684                BDMA_Channel6_IRQHandler
                0x0000000008000684                DMA2_Stream5_IRQHandler
                0x0000000008000684                HRTIM1_FLT_IRQHandler
                0x0000000008000684                JPEG_IRQHandler
                0x0000000008000684                BDMA_Channel1_IRQHandler
                0x0000000008000684                HRTIM1_TIMD_IRQHandler
                0x0000000008000684                TAMP_STAMP_IRQHandler
                0x0000000008000684                PendSV_Handler
                0x0000000008000684                NMI_Handler
                0x0000000008000684                EXTI3_IRQHandler
                0x0000000008000684                LPTIM4_IRQHandler
                0x0000000008000684                TIM8_TRG_COM_TIM14_IRQHandler
                0x0000000008000684                LPTIM2_IRQHandler
                0x0000000008000684                DFSDM1_FLT1_IRQHandler
                0x0000000008000684                DMAMUX2_OVR_IRQHandler
                0x0000000008000684                TIM8_UP_TIM13_IRQHandler
                0x0000000008000684                I2C3_ER_IRQHandler
                0x0000000008000684                DFSDM1_FLT2_IRQHandler
                0x0000000008000684                MDMA_IRQHandler
                0x0000000008000684                LPTIM3_IRQHandler
                0x0000000008000684                HSEM1_IRQHandler
                0x0000000008000684                EXTI0_IRQHandler
                0x0000000008000684                DMA1_Stream2_IRQHandler
                0x0000000008000684                FPU_IRQHandler
                0x0000000008000684                OTG_HS_WKUP_IRQHandler
                0x0000000008000684                FDCAN1_IT1_IRQHandler
                0x0000000008000684                UsageFault_Handler
                0x0000000008000684                LTDC_ER_IRQHandler
                0x0000000008000684                DMA2_Stream2_IRQHandler
                0x0000000008000684                HRTIM1_TIME_IRQHandler
                0x0000000008000684                TIM6_DAC_IRQHandler
                0x0000000008000684                DCMI_IRQHandler
                0x0000000008000684                HRTIM1_TIMC_IRQHandler
                0x0000000008000684                DMA2_Stream3_IRQHandler
                0x0000000008000684                SAI2_IRQHandler
                0x0000000008000684                DFSDM1_FLT3_IRQHandler
                0x0000000008000684                TIM17_IRQHandler
                0x0000000008000684                CRYP_IRQHandler
                0x0000000008000684                BDMA_Channel7_IRQHandler
                0x0000000008000684                LPTIM5_IRQHandler
                0x0000000008000684                ADC3_IRQHandler
                0x0000000008000684                DMA2_Stream0_IRQHandler
                0x0000000008000684                TIM4_IRQHandler
                0x0000000008000684                BDMA_Channel2_IRQHandler
                0x0000000008000684                DMAMUX1_OVR_IRQHandler
                0x0000000008000684                TIM16_IRQHandler
                0x0000000008000684                BDMA_Channel5_IRQHandler
                0x0000000008000684                TIM3_IRQHandler
                0x0000000008000684                RCC_IRQHandler
                0x0000000008000684                TIM8_BRK_TIM12_IRQHandler
                0x0000000008000684                TIM1_TRG_COM_IRQHandler
                0x0000000008000684                Default_Handler
                0x0000000008000684                ECC_IRQHandler
                0x0000000008000684                CEC_IRQHandler
                0x0000000008000684                EXTI15_10_IRQHandler
                0x0000000008000684                BDMA_Channel0_IRQHandler
                0x0000000008000684                ADC_IRQHandler
                0x0000000008000684                HRTIM1_TIMA_IRQHandler
                0x0000000008000684                SPI5_IRQHandler
                0x0000000008000684                TIM7_IRQHandler
                0x0000000008000684                SDMMC1_IRQHandler
                0x0000000008000684                TIM5_IRQHandler
                0x0000000008000684                DMA2_Stream7_IRQHandler
                0x0000000008000684                TIM15_IRQHandler
                0x0000000008000684                PVD_AVD_IRQHandler
                0x0000000008000684                EXTI9_5_IRQHandler
                0x0000000008000684                RTC_WKUP_IRQHandler
                0x0000000008000684                LTDC_IRQHandler
                0x0000000008000684                SAI3_IRQHandler
                0x0000000008000684                ETH_WKUP_IRQHandler
                0x0000000008000684                SPDIF_RX_IRQHandler
                0x0000000008000684                SPI2_IRQHandler
                0x0000000008000684                MemManage_Handler
                0x0000000008000684                SVC_Handler
                0x0000000008000684                CRS_IRQHandler
                0x0000000008000684                EXTI4_IRQHandler
                0x0000000008000684                HRTIM1_TIMB_IRQHandler
                0x0000000008000684                FDCAN2_IT1_IRQHandler
                0x0000000008000684                ETH_IRQHandler
                0x0000000008000684                TIM1_UP_IRQHandler
                0x0000000008000684                BDMA_Channel4_IRQHandler
                0x0000000008000684                WWDG_IRQHandler
                0x0000000008000684                SPI6_IRQHandler
                0x0000000008000684                I2C4_EV_IRQHandler
                0x0000000008000684                MDIOS_IRQHandler
                0x0000000008000684                FDCAN2_IT0_IRQHandler
                0x0000000008000684                FDCAN1_IT0_IRQHandler
                0x0000000008000684                TIM2_IRQHandler
                0x0000000008000684                OTG_FS_WKUP_IRQHandler
                0x0000000008000684                DMA2D_IRQHandler
                0x0000000008000684                TIM1_BRK_IRQHandler
                0x0000000008000684                EXTI1_IRQHandler
                0x0000000008000684                SDMMC2_IRQHandler
                0x0000000008000684                BDMA_Channel3_IRQHandler
                0x0000000008000684                MDIOS_WKUP_IRQHandler
                0x0000000008000684                DFSDM1_FLT0_IRQHandler
                0x0000000008000684                SAI4_IRQHandler
                0x0000000008000684                I2C2_ER_IRQHandler
                0x0000000008000684                DMA2_Stream1_IRQHandler
                0x0000000008000684                FLASH_IRQHandler
                0x0000000008000684                DMA2_Stream4_IRQHandler
                0x0000000008000684                BusFault_Handler
                0x0000000008000684                SPI3_IRQHandler
                0x0000000008000684                WAKEUP_PIN_IRQHandler
                0x0000000008000684                I2C1_ER_IRQHandler
                0x0000000008000684                FMC_IRQHandler
                0x0000000008000684                FDCAN_CAL_IRQHandler
                0x0000000008000684                SWPMI1_IRQHandler
                0x0000000008000684                COMP1_IRQHandler
                0x0000000008000684                LPTIM1_IRQHandler
                0x0000000008000684                I2C4_ER_IRQHandler
                0x0000000008000684                DMA2_Stream6_IRQHandler
                0x0000000008000684                RTC_Alarm_IRQHandler
 .text.Reset_Handler
                0x0000000008000688       0x44 build/startup_stm32h750xx.o
                0x0000000008000688                Reset_Handler
 .text._ZN5daisy9DaisySeedD2Ev
                0x00000000080006cc        0x4 build/main.o
                0x00000000080006cc                daisy::DaisySeed::~DaisySeed()
                0x00000000080006cc                daisy::DaisySeed::~DaisySeed()
 .text._Z13AudioCallbackPKPKfPPfj
                0x00000000080006d0       0x2c build/main.o
                0x00000000080006d0                AudioCallback(float const* const*, float**, unsigned int)
 .text.startup.main
                0x00000000080006fc       0xdc build/main.o
                0x00000000080006fc                main
 .text.startup._GLOBAL__sub_I_hw
                0x00000000080007d8       0x20 build/main.o
 .text._ZN5daisy9DaisySeed7DelayMsEj
                0x00000000080007f8        0x8 ../../libDaisy/build/libdaisy.a(daisy_seed.o)
                0x00000000080007f8                daisy::DaisySeed::DelayMs(unsigned int)
 .text._ZN5daisy9DaisySeed10StartAudioEPFvPKPKfPPfjE
                0x0000000008000800        0x8 ../../libDaisy/build/libdaisy.a(daisy_seed.o)
                0x0000000008000800                daisy::DaisySeed::StartAudio(void (*)(float const* const*, float**, unsigned int))
 .text._ZN5daisy9DaisySeed18SetAudioSampleRateENS_9SaiHandle6Config10SampleRateE
                0x0000000008000808       0x38 ../../libDaisy/build/libdaisy.a(daisy_seed.o)
                0x0000000008000808                daisy::DaisySeed::SetAudioSampleRate(daisy::SaiHandle::Config::SampleRate)
 .text._ZN5daisy9DaisySeed17SetAudioBlockSizeEj
                0x0000000008000840       0x38 ../../libDaisy/build/libdaisy.a(daisy_seed.o)
                0x0000000008000840                daisy::DaisySeed::SetAudioBlockSize(unsigned int)
 .text._ZN5daisy9DaisySeed14ConfigureAudioEv
                0x0000000008000878       0xd0 ../../libDaisy/build/libdaisy.a(daisy_seed.o)
                0x0000000008000878                daisy::DaisySeed::ConfigureAudio()
 .text._ZN5daisy9DaisySeed4InitEb
                0x0000000008000948       0xf0 ../../libDaisy/build/libdaisy.a(daisy_seed.o)
                0x0000000008000948                daisy::DaisySeed::Init(bool)
 .text._ZN5daisy6Ak45564InitE12dsy_gpio_pin
                0x0000000008000a38       0x44 ../../libDaisy/build/libdaisy.a(codec_ak4556.o)
                0x0000000008000a38                daisy::Ak4556::Init(dsy_gpio_pin)
 .text._ZN5daisy6Wm873120WriteControlRegisterEht
                0x0000000008000a7c       0x3c ../../libDaisy/build/libdaisy.a(codec_wm8731.o)
                0x0000000008000a7c                daisy::Wm8731::WriteControlRegister(unsigned char, unsigned short)
 .text._ZN5daisy6Wm87314InitERKNS0_6ConfigENS_9I2CHandleE
                0x0000000008000ab8      0x1bc ../../libDaisy/build/libdaisy.a(codec_wm8731.o)
                0x0000000008000ab8                daisy::Wm8731::Init(daisy::Wm8731::Config const&, daisy::I2CHandle)
 .text._ZN11SdramHandle10DeviceInitEv
                0x0000000008000c74       0x98 ../../libDaisy/build/libdaisy.a(sdram.o)
                0x0000000008000c74                SdramHandle::DeviceInit()
 .text._ZN11SdramHandle4InitEv
                0x0000000008000d0c       0x7c ../../libDaisy/build/libdaisy.a(sdram.o)
                0x0000000008000d0c                SdramHandle::Init()
 .text.HAL_SDRAM_MspInit
                0x0000000008000d88      0x1a8 ../../libDaisy/build/libdaisy.a(sdram.o)
                0x0000000008000d88                HAL_SDRAM_MspInit
 .text._ZN5daisy11AudioHandle4Impl16InternalCallbackEPlS2_j
                0x0000000008000f30      0xbbc ../../libDaisy/build/libdaisy.a(audio.o)
                0x0000000008000f30                daisy::AudioHandle::Impl::InternalCallback(long*, long*, unsigned int)
 .text._ZN5daisy11AudioHandle4InitERKNS0_6ConfigENS_9SaiHandleE
                0x0000000008001aec       0x64 ../../libDaisy/build/libdaisy.a(audio.o)
                0x0000000008001aec                daisy::AudioHandle::Init(daisy::AudioHandle::Config const&, daisy::SaiHandle)
 .text._ZNK5daisy11AudioHandle9GetConfigEv
                0x0000000008001b50        0x8 ../../libDaisy/build/libdaisy.a(audio.o)
                0x0000000008001b50                daisy::AudioHandle::GetConfig() const
 .text._ZN5daisy11AudioHandle12SetBlockSizeEj
                0x0000000008001b58       0x1c ../../libDaisy/build/libdaisy.a(audio.o)
                0x0000000008001b58                daisy::AudioHandle::SetBlockSize(unsigned int)
 .text._ZN5daisy11AudioHandle13GetSampleRateEv
                0x0000000008001b74        0x8 ../../libDaisy/build/libdaisy.a(audio.o)
                0x0000000008001b74                daisy::AudioHandle::GetSampleRate()
 .text._ZN5daisy11AudioHandle13SetSampleRateENS_9SaiHandle6Config10SampleRateE
                0x0000000008001b7c       0x88 ../../libDaisy/build/libdaisy.a(audio.o)
                0x0000000008001b7c                daisy::AudioHandle::SetSampleRate(daisy::SaiHandle::Config::SampleRate)
 .text._ZN5daisy11AudioHandle5StartEPFvPKPKfPPfjE
                0x0000000008001c04       0x44 ../../libDaisy/build/libdaisy.a(audio.o)
                0x0000000008001c04                daisy::AudioHandle::Start(void (*)(float const* const*, float**, unsigned int))
 .text.startup._GLOBAL__sub_I__ZN5daisy11AudioHandle4Impl4InitENS0_6ConfigENS_9SaiHandleE
                0x0000000008001c48       0x10 ../../libDaisy/build/libdaisy.a(audio.o)
 .text._ZN5daisy9UsbHandleD2Ev
                0x0000000008001c58        0x4 ../../libDaisy/build/libdaisy.a(logger.o)
                0x0000000008001c58                daisy::UsbHandle::~UsbHandle()
                0x0000000008001c58                daisy::UsbHandle::~UsbHandle()
 .text._ZN5daisy6LoggerILNS_17LoggerDestinationE1EE11TransmitBufEv
                0x0000000008001c5c       0x60 ../../libDaisy/build/libdaisy.a(logger.o)
                0x0000000008001c5c                daisy::Logger<(daisy::LoggerDestination)1>::TransmitBuf()
 .text._ZN5daisy6LoggerILNS_17LoggerDestinationE1EE6PrintVEPKcSt9__va_list
                0x0000000008001cbc       0x2c ../../libDaisy/build/libdaisy.a(logger.o)
                0x0000000008001cbc                daisy::Logger<(daisy::LoggerDestination)1>::PrintV(char const*, std::__va_list)
 .text._ZN5daisy6LoggerILNS_17LoggerDestinationE1EE5PrintEPKcz
                0x0000000008001ce8       0x1c ../../libDaisy/build/libdaisy.a(logger.o)
                0x0000000008001ce8                daisy::Logger<(daisy::LoggerDestination)1>::Print(char const*, ...)
 .text._ZN5daisy6LoggerILNS_17LoggerDestinationE1EE13AppendNewLineEv
                0x0000000008001d04       0x60 ../../libDaisy/build/libdaisy.a(logger.o)
                0x0000000008001d04                daisy::Logger<(daisy::LoggerDestination)1>::AppendNewLine()
 .text._ZN5daisy6LoggerILNS_17LoggerDestinationE1EE10PrintLineVEPKcSt9__va_list
                0x0000000008001d64       0x30 ../../libDaisy/build/libdaisy.a(logger.o)
                0x0000000008001d64                daisy::Logger<(daisy::LoggerDestination)1>::PrintLineV(char const*, std::__va_list)
 .text._ZN5daisy6LoggerILNS_17LoggerDestinationE1EE9PrintLineEPKcz
                0x0000000008001d94       0x1c ../../libDaisy/build/libdaisy.a(logger.o)
                0x0000000008001d94                daisy::Logger<(daisy::LoggerDestination)1>::PrintLine(char const*, ...)
 .text._ZN5daisy6LoggerILNS_17LoggerDestinationE1EE8StartLogEb
                0x0000000008001db0       0x38 ../../libDaisy/build/libdaisy.a(logger.o)
                0x0000000008001db0                daisy::Logger<(daisy::LoggerDestination)1>::StartLog(bool)
 .text.startup._GLOBAL__sub_I__ZN5daisy10LoggerImplILNS_17LoggerDestinationE1EE11usb_handle_E
                0x0000000008001de8       0x2c ../../libDaisy/build/libdaisy.a(logger.o)
 .text.DummyRxCallback
                0x0000000008001e14        0x4 ../../libDaisy/build/libdaisy.a(usb.o)
                0x0000000008001e14                DummyRxCallback
 .text._ZN5daisy9UsbHandle4InitENS0_9UsbPeriphE
                0x0000000008001e18      0x10c ../../libDaisy/build/libdaisy.a(usb.o)
                0x0000000008001e18                daisy::UsbHandle::Init(daisy::UsbHandle::UsbPeriph)
 .text._ZN5daisy9UsbHandle16TransmitInternalEPhj
                0x0000000008001f24       0x14 ../../libDaisy/build/libdaisy.a(usb.o)
                0x0000000008001f24                daisy::UsbHandle::TransmitInternal(unsigned char*, unsigned int)
 .text.OTG_FS_EP1_OUT_IRQHandler
                0x0000000008001f38        0xc ../../libDaisy/build/libdaisy.a(usb.o)
                0x0000000008001f38                OTG_FS_EP1_OUT_IRQHandler
 .text.OTG_FS_EP1_IN_IRQHandler
                0x0000000008001f44        0xc ../../libDaisy/build/libdaisy.a(usb.o)
                0x0000000008001f44                OTG_FS_EP1_IN_IRQHandler
 .text.OTG_FS_IRQHandler
                0x0000000008001f50        0xc ../../libDaisy/build/libdaisy.a(usb.o)
                0x0000000008001f50                OTG_FS_IRQHandler
 .text.dsy_gpio_init
                0x0000000008001f5c      0x1b8 ../../libDaisy/build/libdaisy.a(gpio.o)
                0x0000000008001f5c                dsy_gpio_init
 .text.dsy_gpio_read
                0x0000000008002114       0x1c ../../libDaisy/build/libdaisy.a(gpio.o)
                0x0000000008002114                dsy_gpio_read
 .text.dsy_gpio_write
                0x0000000008002130       0x24 ../../libDaisy/build/libdaisy.a(gpio.o)
                0x0000000008002130                dsy_gpio_write
 .text._ZN5daisy9I2CHandle4Impl8InitPinsEv
                0x0000000008002154       0x58 ../../libDaisy/build/libdaisy.a(i2c.o)
                0x0000000008002154                daisy::I2CHandle::Impl::InitPins()
 .text.HAL_I2C_MspInit
                0x00000000080021ac      0x1b4 ../../libDaisy/build/libdaisy.a(i2c.o)
                0x00000000080021ac                HAL_I2C_MspInit
 .text.dsy_i2c_global_init
                0x0000000008002360       0x78 ../../libDaisy/build/libdaisy.a(i2c.o)
                0x0000000008002360                dsy_i2c_global_init
 .text.DMA1_Stream6_IRQHandler
                0x00000000080023d8       0x34 ../../libDaisy/build/libdaisy.a(i2c.o)
                0x00000000080023d8                DMA1_Stream6_IRQHandler
 .text.I2C1_EV_IRQHandler
                0x000000000800240c        0xc ../../libDaisy/build/libdaisy.a(i2c.o)
                0x000000000800240c                I2C1_EV_IRQHandler
 .text.I2C2_EV_IRQHandler
                0x0000000008002418        0xc ../../libDaisy/build/libdaisy.a(i2c.o)
                0x0000000008002418                I2C2_EV_IRQHandler
 .text.I2C3_EV_IRQHandler
                0x0000000008002424        0xc ../../libDaisy/build/libdaisy.a(i2c.o)
                0x0000000008002424                I2C3_EV_IRQHandler
 .text._ZN5daisy9I2CHandle4InitERKNS0_6ConfigE
                0x0000000008002430      0x12c ../../libDaisy/build/libdaisy.a(i2c.o)
                0x0000000008002430                daisy::I2CHandle::Init(daisy::I2CHandle::Config const&)
 .text._ZN5daisy9I2CHandle16TransmitBlockingEtPhtm
                0x000000000800255c       0x50 ../../libDaisy/build/libdaisy.a(i2c.o)
                0x000000000800255c                daisy::I2CHandle::TransmitBlocking(unsigned short, unsigned char*, unsigned short, unsigned long)
 .text.startup._GLOBAL__sub_I__ZN5daisy9I2CHandle4Impl10GlobalInitEv
                0x00000000080025ac       0x18 ../../libDaisy/build/libdaisy.a(i2c.o)
 .text._ZN5daisy10QSPIHandle4Impl11WriteEnableEv
                0x00000000080025c4       0x8c ../../libDaisy/build/libdaisy.a(qspi.o)
                0x00000000080025c4                daisy::QSPIHandle::Impl::WriteEnable()
 .text._ZN5daisy10QSPIHandle4Impl17DummyCyclesConfigENS0_6Config6DeviceE
                0x0000000008002650      0x118 ../../libDaisy/build/libdaisy.a(qspi.o)
                0x0000000008002650                daisy::QSPIHandle::Impl::DummyCyclesConfig(daisy::QSPIHandle::Config::Device)
 .text._ZN5daisy10QSPIHandle4Impl10QuadEnableEv
                0x0000000008002768      0x158 ../../libDaisy/build/libdaisy.a(qspi.o)
                0x0000000008002768                daisy::QSPIHandle::Impl::QuadEnable()
 .text._ZN5daisy10QSPIHandle4InitERKNS0_6ConfigE
                0x00000000080028c0      0x198 ../../libDaisy/build/libdaisy.a(qspi.o)
                0x00000000080028c0                daisy::QSPIHandle::Init(daisy::QSPIHandle::Config const&)
 .text.HAL_QSPI_MspInit
                0x0000000008002a58      0x11c ../../libDaisy/build/libdaisy.a(qspi.o)
                0x0000000008002a58                HAL_QSPI_MspInit
 .text.HAL_QSPI_MspDeInit
                0x0000000008002b74       0x54 ../../libDaisy/build/libdaisy.a(qspi.o)
                0x0000000008002b74                HAL_QSPI_MspDeInit
 .text.QUADSPI_IRQHandler
                0x0000000008002bc8        0xc ../../libDaisy/build/libdaisy.a(qspi.o)
                0x0000000008002bc8                QUADSPI_IRQHandler
 .text.startup._GLOBAL__sub_I__ZN5daisy10QSPIHandle4Impl4InitERKNS0_6ConfigE
                0x0000000008002bd4       0x28 ../../libDaisy/build/libdaisy.a(qspi.o)
 .text._ZN5daisy9SaiHandle4Impl7InitDmaENS1_15PeripheralBlockE
                0x0000000008002bfc       0xa0 ../../libDaisy/build/libdaisy.a(sai.o)
                0x0000000008002bfc                daisy::SaiHandle::Impl::InitDma(daisy::SaiHandle::Impl::PeripheralBlock)
 .text._ZN5daisy9SaiHandle4Impl8InitPinsEv
                0x0000000008002c9c       0xa8 ../../libDaisy/build/libdaisy.a(sai.o)
                0x0000000008002c9c                daisy::SaiHandle::Impl::InitPins()
 .text.HAL_SAI_MspInit
                0x0000000008002d44      0x164 ../../libDaisy/build/libdaisy.a(sai.o)
                0x0000000008002d44                HAL_SAI_MspInit
 .text.DMA1_Stream0_IRQHandler
                0x0000000008002ea8        0xc ../../libDaisy/build/libdaisy.a(sai.o)
                0x0000000008002ea8                DMA1_Stream0_IRQHandler
 .text.DMA1_Stream1_IRQHandler
                0x0000000008002eb4        0xc ../../libDaisy/build/libdaisy.a(sai.o)
                0x0000000008002eb4                DMA1_Stream1_IRQHandler
 .text.DMA1_Stream3_IRQHandler
                0x0000000008002ec0        0xc ../../libDaisy/build/libdaisy.a(sai.o)
                0x0000000008002ec0                DMA1_Stream3_IRQHandler
 .text.DMA1_Stream4_IRQHandler
                0x0000000008002ecc        0xc ../../libDaisy/build/libdaisy.a(sai.o)
                0x0000000008002ecc                DMA1_Stream4_IRQHandler
 .text.HAL_SAI_RxHalfCpltCallback
                0x0000000008002ed8       0x78 ../../libDaisy/build/libdaisy.a(sai.o)
                0x0000000008002ed8                HAL_SAI_RxHalfCpltCallback
 .text.HAL_SAI_RxCpltCallback
                0x0000000008002f50       0x70 ../../libDaisy/build/libdaisy.a(sai.o)
                0x0000000008002f50                HAL_SAI_RxCpltCallback
 .text._ZN5daisy9SaiHandle4InitERKNS0_6ConfigE
                0x0000000008002fc0      0x1f0 ../../libDaisy/build/libdaisy.a(sai.o)
                0x0000000008002fc0                daisy::SaiHandle::Init(daisy::SaiHandle::Config const&)
 .text._ZNK5daisy9SaiHandle9GetConfigEv
                0x00000000080031b0        0x4 ../../libDaisy/build/libdaisy.a(sai.o)
                0x00000000080031b0                daisy::SaiHandle::GetConfig() const
 .text._ZN5daisy9SaiHandle8StartDmaEPlS1_jPFvS1_S1_jE
                0x00000000080031b4       0xbc ../../libDaisy/build/libdaisy.a(sai.o)
                0x00000000080031b4                daisy::SaiHandle::StartDma(long*, long*, unsigned int, void (*)(long*, long*, unsigned int))
 .text._ZN5daisy9SaiHandle13GetSampleRateEv
                0x0000000008003270       0x24 ../../libDaisy/build/libdaisy.a(sai.o)
                0x0000000008003270                daisy::SaiHandle::GetSampleRate()
 .text._ZNK5daisy9SaiHandle9GetOffsetEv
                0x0000000008003294        0x8 ../../libDaisy/build/libdaisy.a(sai.o)
                0x0000000008003294                daisy::SaiHandle::GetOffset() const
 .text._ZN5daisy11UartHandler4Impl8InitPinsEv
                0x000000000800329c      0x15c ../../libDaisy/build/libdaisy.a(uart.o)
                0x000000000800329c                daisy::UartHandler::Impl::InitPins()
 .text._ZN5daisy11UartHandler4Impl14UARTRxCompleteEv
                0x00000000080033f8       0xfc ../../libDaisy/build/libdaisy.a(uart.o)
                0x00000000080033f8                daisy::UartHandler::Impl::UARTRxComplete()
 .text.HAL_UART_RxCpltCallback
                0x00000000080034f4       0x90 ../../libDaisy/build/libdaisy.a(uart.o)
                0x00000000080034f4                HAL_UART_RxCpltCallback
 .text.HAL_UART_ErrorCallback
                0x0000000008003584       0x94 ../../libDaisy/build/libdaisy.a(uart.o)
                0x0000000008003584                HAL_UART_ErrorCallback
 .text.HAL_UART_MspInit
                0x0000000008003618      0x28c ../../libDaisy/build/libdaisy.a(uart.o)
                0x0000000008003618                HAL_UART_MspInit
 .text.USART1_IRQHandler
                0x00000000080038a4       0xa8 ../../libDaisy/build/libdaisy.a(uart.o)
                0x00000000080038a4                USART1_IRQHandler
 .text.USART2_IRQHandler
                0x000000000800394c       0xac ../../libDaisy/build/libdaisy.a(uart.o)
                0x000000000800394c                USART2_IRQHandler
 .text.USART3_IRQHandler
                0x00000000080039f8       0xac ../../libDaisy/build/libdaisy.a(uart.o)
                0x00000000080039f8                USART3_IRQHandler
 .text.UART4_IRQHandler
                0x0000000008003aa4       0xac ../../libDaisy/build/libdaisy.a(uart.o)
                0x0000000008003aa4                UART4_IRQHandler
 .text.UART5_IRQHandler
                0x0000000008003b50       0xac ../../libDaisy/build/libdaisy.a(uart.o)
                0x0000000008003b50                UART5_IRQHandler
 .text.USART6_IRQHandler
                0x0000000008003bfc       0xac ../../libDaisy/build/libdaisy.a(uart.o)
                0x0000000008003bfc                USART6_IRQHandler
 .text.UART7_IRQHandler
                0x0000000008003ca8       0xac ../../libDaisy/build/libdaisy.a(uart.o)
                0x0000000008003ca8                UART7_IRQHandler
 .text.UART8_IRQHandler
                0x0000000008003d54       0xac ../../libDaisy/build/libdaisy.a(uart.o)
                0x0000000008003d54                UART8_IRQHandler
 .text.LPUART1_IRQHandler
                0x0000000008003e00       0xb4 ../../libDaisy/build/libdaisy.a(uart.o)
                0x0000000008003e00                LPUART1_IRQHandler
 .text.DMA1_Stream5_IRQHandler
                0x0000000008003eb4        0xc ../../libDaisy/build/libdaisy.a(uart.o)
                0x0000000008003eb4                DMA1_Stream5_IRQHandler
 .text._ZN5daisy11UartHandler4InitERKNS0_6ConfigE
                0x0000000008003ec0      0x104 ../../libDaisy/build/libdaisy.a(uart.o)
                0x0000000008003ec0                daisy::UartHandler::Init(daisy::UartHandler::Config const&)
 .text._ZN5daisy11UartHandler11PollReceiveEPhjm
                0x0000000008003fc4        0xc ../../libDaisy/build/libdaisy.a(uart.o)
                0x0000000008003fc4                daisy::UartHandler::PollReceive(unsigned char*, unsigned int, unsigned long)
 .text._ZN5daisy11UartHandler7StartRxEv
                0x0000000008003fd0       0x28 ../../libDaisy/build/libdaisy.a(uart.o)
                0x0000000008003fd0                daisy::UartHandler::StartRx()
 .text.startup._GLOBAL__sub_I__Z19MapInstanceToHandleP13USART_TypeDef
                0x0000000008003ff8      0x140 ../../libDaisy/build/libdaisy.a(uart.o)
 .text._ZN5daisy11TimerHandleD2Ev
                0x0000000008004138        0x4 ../../libDaisy/build/libdaisy.a(system.o)
                0x0000000008004138                daisy::TimerHandle::~TimerHandle()
                0x0000000008004138                daisy::TimerHandle::~TimerHandle()
 .text.SysTick_Handler
                0x000000000800413c       0x10 ../../libDaisy/build/libdaisy.a(system.o)
                0x000000000800413c                SysTick_Handler
 .text.OTG_HS_EP1_OUT_IRQHandler
                0x000000000800414c       0x24 ../../libDaisy/build/libdaisy.a(system.o)
                0x000000000800414c                OTG_HS_EP1_OUT_IRQHandler
 .text.OTG_HS_EP1_IN_IRQHandler
                0x0000000008004170       0x24 ../../libDaisy/build/libdaisy.a(system.o)
                0x0000000008004170                OTG_HS_EP1_IN_IRQHandler
 .text.OTG_HS_IRQHandler
                0x0000000008004194       0x24 ../../libDaisy/build/libdaisy.a(system.o)
                0x0000000008004194                OTG_HS_IRQHandler
 .text.HardFault_Handler
                0x00000000080041b8        0x4 ../../libDaisy/build/libdaisy.a(system.o)
                0x00000000080041b8                HardFault_Handler
 .text._ZN5daisy6System5DelayEm
                0x00000000080041bc        0x4 ../../libDaisy/build/libdaisy.a(system.o)
                0x00000000080041bc                daisy::System::Delay(unsigned long)
 .text._ZN5daisy6System15ConfigureClocksEv
                0x00000000080041c0      0x194 ../../libDaisy/build/libdaisy.a(system.o)
                0x00000000080041c0                daisy::System::ConfigureClocks()
 .text._ZN5daisy6System4InitERKNS0_6ConfigE
                0x0000000008004354      0x12c ../../libDaisy/build/libdaisy.a(system.o)
                0x0000000008004354                daisy::System::Init(daisy::System::Config const&)
 .text._ZN5daisy6System12GetPClk1FreqEv
                0x0000000008004480        0x4 ../../libDaisy/build/libdaisy.a(system.o)
                0x0000000008004480                daisy::System::GetPClk1Freq()
 .text._ZN5daisy6System22GetProgramMemoryRegionEv
                0x0000000008004484       0x78 ../../libDaisy/build/libdaisy.a(system.o)
                0x0000000008004484                daisy::System::GetProgramMemoryRegion()
 .text.startup._GLOBAL__sub_I_SysTick_Handler
                0x00000000080044fc       0x1c ../../libDaisy/build/libdaisy.a(system.o)
 .text.SystemInit
                0x0000000008004518       0x9c ../../libDaisy/build/libdaisy.a(system_stm32h7xx.o)
                0x0000000008004518                SystemInit
 .text.dummy_rx_callback
                0x00000000080045b4        0x4 ../../libDaisy/build/libdaisy.a(usbd_cdc_if.o)
                0x00000000080045b4                dummy_rx_callback
 .text.CDC_DeInit_FS
                0x00000000080045b8        0x4 ../../libDaisy/build/libdaisy.a(usbd_cdc_if.o)
 .text.CDC_Receive_FS
                0x00000000080045bc       0x2c ../../libDaisy/build/libdaisy.a(usbd_cdc_if.o)
 .text.CDC_Receive_HS
                0x00000000080045e8       0x2c ../../libDaisy/build/libdaisy.a(usbd_cdc_if.o)
 .text.CDC_Init_FS
                0x0000000008004614       0x3c ../../libDaisy/build/libdaisy.a(usbd_cdc_if.o)
 .text.CDC_Init_HS
                0x0000000008004650       0x3c ../../libDaisy/build/libdaisy.a(usbd_cdc_if.o)
 .text.CDC_Control_FS
                0x000000000800468c       0x34 ../../libDaisy/build/libdaisy.a(usbd_cdc_if.o)
 .text.CDC_Control_HS
                0x00000000080046c0       0x34 ../../libDaisy/build/libdaisy.a(usbd_cdc_if.o)
 .text.CDC_DeInit_HS
                0x00000000080046f4        0x4 ../../libDaisy/build/libdaisy.a(usbd_cdc_if.o)
 .text.CDC_Transmit_FS
                0x00000000080046f8       0x2c ../../libDaisy/build/libdaisy.a(usbd_cdc_if.o)
                0x00000000080046f8                CDC_Transmit_FS
 .text.HAL_PCD_MspInit
                0x0000000008004724      0x144 ../../libDaisy/build/libdaisy.a(usbd_conf.o)
                0x0000000008004724                HAL_PCD_MspInit
 .text.HAL_PCD_SetupStageCallback
                0x0000000008004868        0xc ../../libDaisy/build/libdaisy.a(usbd_conf.o)
                0x0000000008004868                HAL_PCD_SetupStageCallback
 .text.HAL_PCD_DataOutStageCallback
                0x0000000008004874       0x14 ../../libDaisy/build/libdaisy.a(usbd_conf.o)
                0x0000000008004874                HAL_PCD_DataOutStageCallback
 .text.HAL_PCD_DataInStageCallback
                0x0000000008004888       0x14 ../../libDaisy/build/libdaisy.a(usbd_conf.o)
                0x0000000008004888                HAL_PCD_DataInStageCallback
 .text.HAL_PCD_SOFCallback
                0x000000000800489c        0x8 ../../libDaisy/build/libdaisy.a(usbd_conf.o)
                0x000000000800489c                HAL_PCD_SOFCallback
 .text.HAL_PCD_ResetCallback
                0x00000000080048a4       0x24 ../../libDaisy/build/libdaisy.a(usbd_conf.o)
                0x00000000080048a4                HAL_PCD_ResetCallback
 .text.HAL_PCD_SuspendCallback
                0x00000000080048c8       0x30 ../../libDaisy/build/libdaisy.a(usbd_conf.o)
                0x00000000080048c8                HAL_PCD_SuspendCallback
 .text.HAL_PCD_ResumeCallback
                0x00000000080048f8        0x8 ../../libDaisy/build/libdaisy.a(usbd_conf.o)
                0x00000000080048f8                HAL_PCD_ResumeCallback
 .text.HAL_PCD_ISOOUTIncompleteCallback
                0x0000000008004900        0x8 ../../libDaisy/build/libdaisy.a(usbd_conf.o)
                0x0000000008004900                HAL_PCD_ISOOUTIncompleteCallback
 .text.HAL_PCD_ISOINIncompleteCallback
                0x0000000008004908        0x8 ../../libDaisy/build/libdaisy.a(usbd_conf.o)
                0x0000000008004908                HAL_PCD_ISOINIncompleteCallback
 .text.HAL_PCD_ConnectCallback
                0x0000000008004910        0x8 ../../libDaisy/build/libdaisy.a(usbd_conf.o)
                0x0000000008004910                HAL_PCD_ConnectCallback
 .text.HAL_PCD_DisconnectCallback
                0x0000000008004918        0x8 ../../libDaisy/build/libdaisy.a(usbd_conf.o)
                0x0000000008004918                HAL_PCD_DisconnectCallback
 .text.USBD_LL_Init
                0x0000000008004920       0xe4 ../../libDaisy/build/libdaisy.a(usbd_conf.o)
                0x0000000008004920                USBD_LL_Init
 .text.USBD_LL_Start
                0x0000000008004a04       0x1c ../../libDaisy/build/libdaisy.a(usbd_conf.o)
                0x0000000008004a04                USBD_LL_Start
 .text.USBD_LL_OpenEP
                0x0000000008004a20       0x24 ../../libDaisy/build/libdaisy.a(usbd_conf.o)
                0x0000000008004a20                USBD_LL_OpenEP
 .text.USBD_LL_CloseEP
                0x0000000008004a44       0x1c ../../libDaisy/build/libdaisy.a(usbd_conf.o)
                0x0000000008004a44                USBD_LL_CloseEP
 .text.USBD_LL_StallEP
                0x0000000008004a60       0x1c ../../libDaisy/build/libdaisy.a(usbd_conf.o)
                0x0000000008004a60                USBD_LL_StallEP
 .text.USBD_LL_ClearStallEP
                0x0000000008004a7c       0x1c ../../libDaisy/build/libdaisy.a(usbd_conf.o)
                0x0000000008004a7c                USBD_LL_ClearStallEP
 .text.USBD_LL_IsStallEP
                0x0000000008004a98       0x28 ../../libDaisy/build/libdaisy.a(usbd_conf.o)
                0x0000000008004a98                USBD_LL_IsStallEP
 .text.USBD_LL_SetUSBAddress
                0x0000000008004ac0       0x1c ../../libDaisy/build/libdaisy.a(usbd_conf.o)
                0x0000000008004ac0                USBD_LL_SetUSBAddress
 .text.USBD_LL_Transmit
                0x0000000008004adc       0x1c ../../libDaisy/build/libdaisy.a(usbd_conf.o)
                0x0000000008004adc                USBD_LL_Transmit
 .text.USBD_LL_PrepareReceive
                0x0000000008004af8       0x1c ../../libDaisy/build/libdaisy.a(usbd_conf.o)
                0x0000000008004af8                USBD_LL_PrepareReceive
 .text.USBD_LL_GetRxDataSize
                0x0000000008004b14        0x8 ../../libDaisy/build/libdaisy.a(usbd_conf.o)
                0x0000000008004b14                USBD_LL_GetRxDataSize
 .text.USBD_HS_DeviceDescriptor
                0x0000000008004b1c        0xc ../../libDaisy/build/libdaisy.a(usbd_desc.o)
                0x0000000008004b1c                USBD_HS_DeviceDescriptor
 .text.USBD_FS_DeviceDescriptor
                0x0000000008004b28        0xc ../../libDaisy/build/libdaisy.a(usbd_desc.o)
                0x0000000008004b28                USBD_FS_DeviceDescriptor
 .text.USBD_FS_LangIDStrDescriptor
                0x0000000008004b34        0xc ../../libDaisy/build/libdaisy.a(usbd_desc.o)
                0x0000000008004b34                USBD_FS_LangIDStrDescriptor
 .text.USBD_FS_ManufacturerStrDescriptor
                0x0000000008004b40       0x1c ../../libDaisy/build/libdaisy.a(usbd_desc.o)
                0x0000000008004b40                USBD_FS_ManufacturerStrDescriptor
 .text.USBD_HS_ProductStrDescriptor
                0x0000000008004b5c       0x1c ../../libDaisy/build/libdaisy.a(usbd_desc.o)
                0x0000000008004b5c                USBD_HS_ProductStrDescriptor
 .text.USBD_FS_ConfigStrDescriptor
                0x0000000008004b78       0x1c ../../libDaisy/build/libdaisy.a(usbd_desc.o)
                0x0000000008004b78                USBD_FS_ConfigStrDescriptor
 .text.USBD_FS_InterfaceStrDescriptor
                0x0000000008004b94       0x1c ../../libDaisy/build/libdaisy.a(usbd_desc.o)
                0x0000000008004b94                USBD_FS_InterfaceStrDescriptor
 .text.USBD_FS_ProductStrDescriptor
                0x0000000008004bb0       0x1c ../../libDaisy/build/libdaisy.a(usbd_desc.o)
                0x0000000008004bb0                USBD_FS_ProductStrDescriptor
 .text.USBD_HS_LangIDStrDescriptor
                0x0000000008004bcc        0xc ../../libDaisy/build/libdaisy.a(usbd_desc.o)
                0x0000000008004bcc                USBD_HS_LangIDStrDescriptor
 .text.USBD_HS_ManufacturerStrDescriptor
                0x0000000008004bd8       0x1c ../../libDaisy/build/libdaisy.a(usbd_desc.o)
                0x0000000008004bd8                USBD_HS_ManufacturerStrDescriptor
 .text.USBD_FS_SerialStrDescriptor
                0x0000000008004bf4      0x124 ../../libDaisy/build/libdaisy.a(usbd_desc.o)
                0x0000000008004bf4                USBD_FS_SerialStrDescriptor
 .text.USBD_HS_SerialStrDescriptor
                0x0000000008004d18      0x124 ../../libDaisy/build/libdaisy.a(usbd_desc.o)
                0x0000000008004d18                USBD_HS_SerialStrDescriptor
 .text.USBD_HS_InterfaceStrDescriptor
                0x0000000008004e3c       0x1c ../../libDaisy/build/libdaisy.a(usbd_desc.o)
                0x0000000008004e3c                USBD_HS_InterfaceStrDescriptor
 .text.USBD_HS_ConfigStrDescriptor
                0x0000000008004e58       0x1c ../../libDaisy/build/libdaisy.a(usbd_desc.o)
                0x0000000008004e58                USBD_HS_ConfigStrDescriptor
 .text.HAL_HCD_SOF_Callback
                0x0000000008004e74        0x8 ../../libDaisy/build/libdaisy.a(usbh_conf.o)
                0x0000000008004e74                HAL_HCD_SOF_Callback
 .text.HAL_HCD_Connect_Callback
                0x0000000008004e7c        0x8 ../../libDaisy/build/libdaisy.a(usbh_conf.o)
                0x0000000008004e7c                HAL_HCD_Connect_Callback
 .text.HAL_HCD_Disconnect_Callback
                0x0000000008004e84        0x8 ../../libDaisy/build/libdaisy.a(usbh_conf.o)
                0x0000000008004e84                HAL_HCD_Disconnect_Callback
 .text.HAL_HCD_HC_NotifyURBChange_Callback
                0x0000000008004e8c        0x4 ../../libDaisy/build/libdaisy.a(usbh_conf.o)
                0x0000000008004e8c                HAL_HCD_HC_NotifyURBChange_Callback
 .text.HAL_HCD_PortEnabled_Callback
                0x0000000008004e90        0x8 ../../libDaisy/build/libdaisy.a(usbh_conf.o)
                0x0000000008004e90                HAL_HCD_PortEnabled_Callback
 .text.HAL_HCD_PortDisabled_Callback
                0x0000000008004e98        0x8 ../../libDaisy/build/libdaisy.a(usbh_conf.o)
                0x0000000008004e98                HAL_HCD_PortDisabled_Callback
 .text.USBH_LL_Stop
                0x0000000008004ea0       0x1c ../../libDaisy/build/libdaisy.a(usbh_conf.o)
                0x0000000008004ea0                USBH_LL_Stop
 .text.dsy_hal_map_get_port
                0x0000000008004ebc       0x10 ../../libDaisy/build/libdaisy.a(hal_map.o)
                0x0000000008004ebc                dsy_hal_map_get_port
 .text.dsy_hal_map_get_pin
                0x0000000008004ecc       0x10 ../../libDaisy/build/libdaisy.a(hal_map.o)
                0x0000000008004ecc                dsy_hal_map_get_pin
 .text.dsy_hal_map_gpio_clk_enable
                0x0000000008004edc      0x150 ../../libDaisy/build/libdaisy.a(hal_map.o)
                0x0000000008004edc                dsy_hal_map_gpio_clk_enable
 .text.HAL_MspInit
                0x000000000800502c        0x4 ../../libDaisy/build/libdaisy.a(stm32h7xx_hal.o)
                0x000000000800502c                HAL_MspInit
 .text.HAL_InitTick
                0x0000000008005030       0x4c ../../libDaisy/build/libdaisy.a(stm32h7xx_hal.o)
                0x0000000008005030                HAL_InitTick
 .text.HAL_Init
                0x000000000800507c       0x60 ../../libDaisy/build/libdaisy.a(stm32h7xx_hal.o)
                0x000000000800507c                HAL_Init
 .text.HAL_IncTick
                0x00000000080050dc       0x18 ../../libDaisy/build/libdaisy.a(stm32h7xx_hal.o)
                0x00000000080050dc                HAL_IncTick
 .text.HAL_GetTick
                0x00000000080050f4        0xc ../../libDaisy/build/libdaisy.a(stm32h7xx_hal.o)
                0x00000000080050f4                HAL_GetTick
 .text.HAL_Delay
                0x0000000008005100       0x24 ../../libDaisy/build/libdaisy.a(stm32h7xx_hal.o)
                0x0000000008005100                HAL_Delay
 .text.HAL_GetREVID
                0x0000000008005124        0xc ../../libDaisy/build/libdaisy.a(stm32h7xx_hal.o)
                0x0000000008005124                HAL_GetREVID
 .text.HAL_NVIC_SetPriorityGrouping
                0x0000000008005130       0x24 ../../libDaisy/build/libdaisy.a(stm32h7xx_hal_cortex.o)
                0x0000000008005130                HAL_NVIC_SetPriorityGrouping
 .text.HAL_NVIC_SetPriority
                0x0000000008005154       0x7c ../../libDaisy/build/libdaisy.a(stm32h7xx_hal_cortex.o)
                0x0000000008005154                HAL_NVIC_SetPriority
 .text.HAL_NVIC_EnableIRQ
                0x00000000080051d0       0x1c ../../libDaisy/build/libdaisy.a(stm32h7xx_hal_cortex.o)
                0x00000000080051d0                HAL_NVIC_EnableIRQ
 .text.HAL_NVIC_DisableIRQ
                0x00000000080051ec       0x28 ../../libDaisy/build/libdaisy.a(stm32h7xx_hal_cortex.o)
                0x00000000080051ec                HAL_NVIC_DisableIRQ
 .text.HAL_SYSTICK_Config
                0x0000000008005214       0x2c ../../libDaisy/build/libdaisy.a(stm32h7xx_hal_cortex.o)
                0x0000000008005214                HAL_SYSTICK_Config
 .text.HAL_MPU_Disable
                0x0000000008005240       0x1c ../../libDaisy/build/libdaisy.a(stm32h7xx_hal_cortex.o)
                0x0000000008005240                HAL_MPU_Disable
 .text.HAL_MPU_Enable
                0x000000000800525c       0x20 ../../libDaisy/build/libdaisy.a(stm32h7xx_hal_cortex.o)
                0x000000000800525c                HAL_MPU_Enable
 .text.HAL_MPU_ConfigRegion
                0x000000000800527c       0x64 ../../libDaisy/build/libdaisy.a(stm32h7xx_hal_cortex.o)
                0x000000000800527c                HAL_MPU_ConfigRegion
 .text.HAL_SYSTICK_Callback
                0x00000000080052e0        0x4 ../../libDaisy/build/libdaisy.a(stm32h7xx_hal_cortex.o)
                0x00000000080052e0                HAL_SYSTICK_Callback
 .text.HAL_SYSTICK_IRQHandler
                0x00000000080052e4        0x8 ../../libDaisy/build/libdaisy.a(stm32h7xx_hal_cortex.o)
                0x00000000080052e4                HAL_SYSTICK_IRQHandler
 .text.DMA_CalcBaseAndBitshift
                0x00000000080052ec       0xf4 ../../libDaisy/build/libdaisy.a(stm32h7xx_hal_dma.o)
 .text.DMA_CalcDMAMUXChannelBaseAndMask
                0x00000000080053e0       0xd8 ../../libDaisy/build/libdaisy.a(stm32h7xx_hal_dma.o)
 .text.HAL_DMA_Init
                0x00000000080054b8      0x37c ../../libDaisy/build/libdaisy.a(stm32h7xx_hal_dma.o)
                0x00000000080054b8                HAL_DMA_Init
 .text.HAL_DMA_Start_IT
                0x0000000008005834      0x240 ../../libDaisy/build/libdaisy.a(stm32h7xx_hal_dma.o)
                0x0000000008005834                HAL_DMA_Start_IT
 .text.HAL_DMA_Abort_IT
                0x0000000008005a74      0x134 ../../libDaisy/build/libdaisy.a(stm32h7xx_hal_dma.o)
                0x0000000008005a74                HAL_DMA_Abort_IT
 .text.HAL_DMA_IRQHandler
                0x0000000008005ba8      0x6a0 ../../libDaisy/build/libdaisy.a(stm32h7xx_hal_dma.o)
                0x0000000008005ba8                HAL_DMA_IRQHandler
 .text.HAL_DMA_GetError
                0x0000000008006248        0x4 ../../libDaisy/build/libdaisy.a(stm32h7xx_hal_dma.o)
                0x0000000008006248                HAL_DMA_GetError
 .text.HAL_GPIO_Init
                0x000000000800624c      0x280 ../../libDaisy/build/libdaisy.a(stm32h7xx_hal_gpio.o)
                0x000000000800624c                HAL_GPIO_Init
 .text.HAL_GPIO_DeInit
                0x00000000080064cc      0x190 ../../libDaisy/build/libdaisy.a(stm32h7xx_hal_gpio.o)
                0x00000000080064cc                HAL_GPIO_DeInit
 .text.HAL_GPIO_ReadPin
                0x000000000800665c        0xc ../../libDaisy/build/libdaisy.a(stm32h7xx_hal_gpio.o)
                0x000000000800665c                HAL_GPIO_ReadPin
 .text.HAL_GPIO_WritePin
                0x0000000008006668        0x8 ../../libDaisy/build/libdaisy.a(stm32h7xx_hal_gpio.o)
                0x0000000008006668                HAL_GPIO_WritePin
 .text.HAL_HCD_IRQHandler
                0x0000000008006670      0x780 ../../libDaisy/build/libdaisy.a(stm32h7xx_hal_hcd.o)
                0x0000000008006670                HAL_HCD_IRQHandler
 .text.HAL_HCD_Stop
                0x0000000008006df0       0x28 ../../libDaisy/build/libdaisy.a(stm32h7xx_hal_hcd.o)
                0x0000000008006df0                HAL_HCD_Stop
 .text.I2C_WaitOnTXISFlagUntilTimeout
                0x0000000008006e18       0xb8 ../../libDaisy/build/libdaisy.a(stm32h7xx_hal_i2c.o)
 .text.I2C_WaitOnSTOPFlagUntilTimeout
                0x0000000008006ed0       0xac ../../libDaisy/build/libdaisy.a(stm32h7xx_hal_i2c.o)
 .text.HAL_I2C_Init
                0x0000000008006f7c       0xac ../../libDaisy/build/libdaisy.a(stm32h7xx_hal_i2c.o)
                0x0000000008006f7c                HAL_I2C_Init
 .text.HAL_I2C_Master_Transmit
                0x0000000008007028      0x1a8 ../../libDaisy/build/libdaisy.a(stm32h7xx_hal_i2c.o)
                0x0000000008007028                HAL_I2C_Master_Transmit
 .text.HAL_I2C_Slave_Transmit
                0x00000000080071d0      0x1c8 ../../libDaisy/build/libdaisy.a(stm32h7xx_hal_i2c.o)
                0x00000000080071d0                HAL_I2C_Slave_Transmit
 .text.HAL_I2C_EV_IRQHandler
                0x0000000008007398       0x10 ../../libDaisy/build/libdaisy.a(stm32h7xx_hal_i2c.o)
                0x0000000008007398                HAL_I2C_EV_IRQHandler
 .text.HAL_I2C_GetState
                0x00000000080073a8        0x8 ../../libDaisy/build/libdaisy.a(stm32h7xx_hal_i2c.o)
                0x00000000080073a8                HAL_I2C_GetState
 .text.HAL_I2CEx_ConfigAnalogFilter
                0x00000000080073b0       0x54 ../../libDaisy/build/libdaisy.a(stm32h7xx_hal_i2c_ex.o)
                0x00000000080073b0                HAL_I2CEx_ConfigAnalogFilter
 .text.HAL_I2CEx_ConfigDigitalFilter
                0x0000000008007404       0x58 ../../libDaisy/build/libdaisy.a(stm32h7xx_hal_i2c_ex.o)
                0x0000000008007404                HAL_I2CEx_ConfigDigitalFilter
 .text.HAL_PCD_Init
                0x000000000800745c      0x12c ../../libDaisy/build/libdaisy.a(stm32h7xx_hal_pcd.o)
                0x000000000800745c                HAL_PCD_Init
 .text.HAL_PCD_Start
                0x0000000008007588       0x44 ../../libDaisy/build/libdaisy.a(stm32h7xx_hal_pcd.o)
                0x0000000008007588                HAL_PCD_Start
 .text.HAL_PCD_IRQHandler
                0x00000000080075cc      0x69c ../../libDaisy/build/libdaisy.a(stm32h7xx_hal_pcd.o)
                0x00000000080075cc                HAL_PCD_IRQHandler
 .text.HAL_PCD_SetAddress
                0x0000000008007c68       0x2c ../../libDaisy/build/libdaisy.a(stm32h7xx_hal_pcd.o)
                0x0000000008007c68                HAL_PCD_SetAddress
 .text.HAL_PCD_EP_Open
                0x0000000008007c94       0x7c ../../libDaisy/build/libdaisy.a(stm32h7xx_hal_pcd.o)
                0x0000000008007c94                HAL_PCD_EP_Open
 .text.HAL_PCD_EP_Close
                0x0000000008007d10       0x6c ../../libDaisy/build/libdaisy.a(stm32h7xx_hal_pcd.o)
                0x0000000008007d10                HAL_PCD_EP_Close
 .text.HAL_PCD_EP_Receive
                0x0000000008007d7c       0x50 ../../libDaisy/build/libdaisy.a(stm32h7xx_hal_pcd.o)
                0x0000000008007d7c                HAL_PCD_EP_Receive
 .text.HAL_PCD_EP_GetRxCount
                0x0000000008007dcc       0x14 ../../libDaisy/build/libdaisy.a(stm32h7xx_hal_pcd.o)
                0x0000000008007dcc                HAL_PCD_EP_GetRxCount
 .text.HAL_PCD_EP_Transmit
                0x0000000008007de0       0x50 ../../libDaisy/build/libdaisy.a(stm32h7xx_hal_pcd.o)
                0x0000000008007de0                HAL_PCD_EP_Transmit
 .text.HAL_PCD_EP_SetStall
                0x0000000008007e30       0x88 ../../libDaisy/build/libdaisy.a(stm32h7xx_hal_pcd.o)
                0x0000000008007e30                HAL_PCD_EP_SetStall
 .text.HAL_PCD_EP_ClrStall
                0x0000000008007eb8       0x78 ../../libDaisy/build/libdaisy.a(stm32h7xx_hal_pcd.o)
                0x0000000008007eb8                HAL_PCD_EP_ClrStall
 .text.HAL_PCDEx_SetTxFiFo
                0x0000000008007f30       0x54 ../../libDaisy/build/libdaisy.a(stm32h7xx_hal_pcd_ex.o)
                0x0000000008007f30                HAL_PCDEx_SetTxFiFo
 .text.HAL_PCDEx_SetRxFiFo
                0x0000000008007f84        0xc ../../libDaisy/build/libdaisy.a(stm32h7xx_hal_pcd_ex.o)
                0x0000000008007f84                HAL_PCDEx_SetRxFiFo
 .text.HAL_PCDEx_ActivateLPM
                0x0000000008007f90       0x30 ../../libDaisy/build/libdaisy.a(stm32h7xx_hal_pcd_ex.o)
                0x0000000008007f90                HAL_PCDEx_ActivateLPM
 .text.HAL_PCDEx_LPM_Callback
                0x0000000008007fc0        0x4 ../../libDaisy/build/libdaisy.a(stm32h7xx_hal_pcd_ex.o)
                0x0000000008007fc0                HAL_PCDEx_LPM_Callback
 .text.HAL_PWREx_ConfigSupply
                0x0000000008007fc4       0x4c ../../libDaisy/build/libdaisy.a(stm32h7xx_hal_pwr_ex.o)
                0x0000000008007fc4                HAL_PWREx_ConfigSupply
 .text.HAL_PWREx_EnableUSBVoltageDetector
                0x0000000008008010       0x10 ../../libDaisy/build/libdaisy.a(stm32h7xx_hal_pwr_ex.o)
                0x0000000008008010                HAL_PWREx_EnableUSBVoltageDetector
 .text.QSPI_Config
                0x0000000008008020      0x174 ../../libDaisy/build/libdaisy.a(stm32h7xx_hal_qspi.o)
 .text.HAL_QSPI_Init
                0x0000000008008194       0xd8 ../../libDaisy/build/libdaisy.a(stm32h7xx_hal_qspi.o)
                0x0000000008008194                HAL_QSPI_Init
 .text.HAL_QSPI_DeInit
                0x000000000800826c       0x3c ../../libDaisy/build/libdaisy.a(stm32h7xx_hal_qspi.o)
                0x000000000800826c                HAL_QSPI_DeInit
 .text.HAL_QSPI_Command
                0x00000000080082a8       0xd4 ../../libDaisy/build/libdaisy.a(stm32h7xx_hal_qspi.o)
                0x00000000080082a8                HAL_QSPI_Command
 .text.HAL_QSPI_Transmit
                0x000000000800837c       0xfc ../../libDaisy/build/libdaisy.a(stm32h7xx_hal_qspi.o)
                0x000000000800837c                HAL_QSPI_Transmit
 .text.HAL_QSPI_Receive
                0x0000000008008478      0x108 ../../libDaisy/build/libdaisy.a(stm32h7xx_hal_qspi.o)
                0x0000000008008478                HAL_QSPI_Receive
 .text.HAL_QSPI_AutoPolling
                0x0000000008008580       0xf0 ../../libDaisy/build/libdaisy.a(stm32h7xx_hal_qspi.o)
                0x0000000008008580                HAL_QSPI_AutoPolling
 .text.HAL_QSPI_MemoryMapped
                0x0000000008008670       0xc0 ../../libDaisy/build/libdaisy.a(stm32h7xx_hal_qspi.o)
                0x0000000008008670                HAL_QSPI_MemoryMapped
 .text.HAL_QSPI_ErrorCallback
                0x0000000008008730        0x4 ../../libDaisy/build/libdaisy.a(stm32h7xx_hal_qspi.o)
                0x0000000008008730                HAL_QSPI_ErrorCallback
 .text.QSPI_DMAAbortCplt
                0x0000000008008734       0x38 ../../libDaisy/build/libdaisy.a(stm32h7xx_hal_qspi.o)
 .text.HAL_QSPI_AbortCpltCallback
                0x000000000800876c        0x4 ../../libDaisy/build/libdaisy.a(stm32h7xx_hal_qspi.o)
                0x000000000800876c                HAL_QSPI_AbortCpltCallback
 .text.HAL_QSPI_CmdCpltCallback
                0x0000000008008770        0x4 ../../libDaisy/build/libdaisy.a(stm32h7xx_hal_qspi.o)
                0x0000000008008770                HAL_QSPI_CmdCpltCallback
 .text.HAL_QSPI_RxCpltCallback
                0x0000000008008774        0x4 ../../libDaisy/build/libdaisy.a(stm32h7xx_hal_qspi.o)
                0x0000000008008774                HAL_QSPI_RxCpltCallback
 .text.HAL_QSPI_TxCpltCallback
                0x0000000008008778        0x4 ../../libDaisy/build/libdaisy.a(stm32h7xx_hal_qspi.o)
                0x0000000008008778                HAL_QSPI_TxCpltCallback
 .text.HAL_QSPI_FifoThresholdCallback
                0x000000000800877c        0x4 ../../libDaisy/build/libdaisy.a(stm32h7xx_hal_qspi.o)
                0x000000000800877c                HAL_QSPI_FifoThresholdCallback
 .text.HAL_QSPI_StatusMatchCallback
                0x0000000008008780        0x4 ../../libDaisy/build/libdaisy.a(stm32h7xx_hal_qspi.o)
                0x0000000008008780                HAL_QSPI_StatusMatchCallback
 .text.HAL_QSPI_TimeOutCallback
                0x0000000008008784        0x4 ../../libDaisy/build/libdaisy.a(stm32h7xx_hal_qspi.o)
                0x0000000008008784                HAL_QSPI_TimeOutCallback
 .text.HAL_QSPI_IRQHandler
                0x0000000008008788      0x210 ../../libDaisy/build/libdaisy.a(stm32h7xx_hal_qspi.o)
                0x0000000008008788                HAL_QSPI_IRQHandler
 .text.HAL_RCC_OscConfig
                0x0000000008008998      0x51c ../../libDaisy/build/libdaisy.a(stm32h7xx_hal_rcc.o)
                0x0000000008008998                HAL_RCC_OscConfig
 .text.HAL_RCC_GetSysClockFreq
                0x0000000008008eb4      0x140 ../../libDaisy/build/libdaisy.a(stm32h7xx_hal_rcc.o)
                0x0000000008008eb4                HAL_RCC_GetSysClockFreq
 .text.HAL_RCC_ClockConfig
                0x0000000008008ff4      0x234 ../../libDaisy/build/libdaisy.a(stm32h7xx_hal_rcc.o)
                0x0000000008008ff4                HAL_RCC_ClockConfig
 .text.HAL_RCC_GetHCLKFreq
                0x0000000008009228       0x2c ../../libDaisy/build/libdaisy.a(stm32h7xx_hal_rcc.o)
                0x0000000008009228                HAL_RCC_GetHCLKFreq
 .text.HAL_RCC_GetPCLK1Freq
                0x0000000008009254       0x38 ../../libDaisy/build/libdaisy.a(stm32h7xx_hal_rcc.o)
                0x0000000008009254                HAL_RCC_GetPCLK1Freq
 .text.HAL_RCC_GetPCLK2Freq
                0x000000000800928c       0x38 ../../libDaisy/build/libdaisy.a(stm32h7xx_hal_rcc.o)
                0x000000000800928c                HAL_RCC_GetPCLK2Freq
 .text.RCCEx_PLL2_Config
                0x00000000080092c4       0xf4 ../../libDaisy/build/libdaisy.a(stm32h7xx_hal_rcc_ex.o)
 .text.RCCEx_PLL3_Config
                0x00000000080093b8       0xf4 ../../libDaisy/build/libdaisy.a(stm32h7xx_hal_rcc_ex.o)
 .text.HAL_RCCEx_PeriphCLKConfig
                0x00000000080094ac      0xa7c ../../libDaisy/build/libdaisy.a(stm32h7xx_hal_rcc_ex.o)
                0x00000000080094ac                HAL_RCCEx_PeriphCLKConfig
 .text.HAL_RCCEx_GetD3PCLK1Freq
                0x0000000008009f28       0x24 ../../libDaisy/build/libdaisy.a(stm32h7xx_hal_rcc_ex.o)
                0x0000000008009f28                HAL_RCCEx_GetD3PCLK1Freq
 .text.HAL_RCCEx_GetPLL2ClockFreq
                0x0000000008009f4c      0x17c ../../libDaisy/build/libdaisy.a(stm32h7xx_hal_rcc_ex.o)
                0x0000000008009f4c                HAL_RCCEx_GetPLL2ClockFreq
 .text.HAL_RCCEx_GetPLL3ClockFreq
                0x000000000800a0c8      0x17c ../../libDaisy/build/libdaisy.a(stm32h7xx_hal_rcc_ex.o)
                0x000000000800a0c8                HAL_RCCEx_GetPLL3ClockFreq
 .text.HAL_RCCEx_GetPLL1ClockFreq
                0x000000000800a244      0x17c ../../libDaisy/build/libdaisy.a(stm32h7xx_hal_rcc_ex.o)
                0x000000000800a244                HAL_RCCEx_GetPLL1ClockFreq
 .text.HAL_RCCEx_GetPeriphCLKFreq
                0x000000000800a3c0      0x198 ../../libDaisy/build/libdaisy.a(stm32h7xx_hal_rcc_ex.o)
                0x000000000800a3c0                HAL_RCCEx_GetPeriphCLKFreq
 .text.HAL_RCCEx_GetD1SysClockFreq
                0x000000000800a558       0x2c ../../libDaisy/build/libdaisy.a(stm32h7xx_hal_rcc_ex.o)
                0x000000000800a558                HAL_RCCEx_GetD1SysClockFreq
 .text.HAL_SAI_Init.part.0
                0x000000000800a584      0x348 ../../libDaisy/build/libdaisy.a(stm32h7xx_hal_sai.o)
 .text.HAL_SAI_InitProtocol
                0x000000000800a8cc      0x178 ../../libDaisy/build/libdaisy.a(stm32h7xx_hal_sai.o)
                0x000000000800a8cc                HAL_SAI_InitProtocol
 .text.HAL_SAI_Transmit_DMA
                0x000000000800aa44      0x124 ../../libDaisy/build/libdaisy.a(stm32h7xx_hal_sai.o)
                0x000000000800aa44                HAL_SAI_Transmit_DMA
 .text.HAL_SAI_Receive_DMA
                0x000000000800ab68       0xd0 ../../libDaisy/build/libdaisy.a(stm32h7xx_hal_sai.o)
                0x000000000800ab68                HAL_SAI_Receive_DMA
 .text.HAL_SAI_TxCpltCallback
                0x000000000800ac38        0x4 ../../libDaisy/build/libdaisy.a(stm32h7xx_hal_sai.o)
                0x000000000800ac38                HAL_SAI_TxCpltCallback
 .text.SAI_DMATxCplt
                0x000000000800ac3c       0x64 ../../libDaisy/build/libdaisy.a(stm32h7xx_hal_sai.o)
 .text.HAL_SAI_TxHalfCpltCallback
                0x000000000800aca0        0x4 ../../libDaisy/build/libdaisy.a(stm32h7xx_hal_sai.o)
                0x000000000800aca0                HAL_SAI_TxHalfCpltCallback
 .text.SAI_DMATxHalfCplt
                0x000000000800aca4        0xc ../../libDaisy/build/libdaisy.a(stm32h7xx_hal_sai.o)
 .text.SAI_DMARxCplt
                0x000000000800acb0       0x64 ../../libDaisy/build/libdaisy.a(stm32h7xx_hal_sai.o)
 .text.SAI_DMARxHalfCplt
                0x000000000800ad14        0xc ../../libDaisy/build/libdaisy.a(stm32h7xx_hal_sai.o)
 .text.HAL_SAI_ErrorCallback
                0x000000000800ad20        0x4 ../../libDaisy/build/libdaisy.a(stm32h7xx_hal_sai.o)
                0x000000000800ad20                HAL_SAI_ErrorCallback
 .text.SAI_DMAError
                0x000000000800ad24       0x6c ../../libDaisy/build/libdaisy.a(stm32h7xx_hal_sai.o)
 .text.HAL_SDRAM_Init
                0x000000000800ad90       0x54 ../../libDaisy/build/libdaisy.a(stm32h7xx_hal_sdram.o)
                0x000000000800ad90                HAL_SDRAM_Init
 .text.HAL_SDRAM_SendCommand
                0x000000000800ade4       0x40 ../../libDaisy/build/libdaisy.a(stm32h7xx_hal_sdram.o)
                0x000000000800ade4                HAL_SDRAM_SendCommand
 .text.HAL_SDRAM_ProgramRefreshRate
                0x000000000800ae24       0x30 ../../libDaisy/build/libdaisy.a(stm32h7xx_hal_sdram.o)
                0x000000000800ae24                HAL_SDRAM_ProgramRefreshRate
 .text.HAL_UART_Receive
                0x000000000800ae54      0x150 ../../libDaisy/build/libdaisy.a(stm32h7xx_hal_uart.o)
                0x000000000800ae54                HAL_UART_Receive
 .text.HAL_UART_Receive_DMA
                0x000000000800afa4       0xac ../../libDaisy/build/libdaisy.a(stm32h7xx_hal_uart.o)
                0x000000000800afa4                HAL_UART_Receive_DMA
 .text.HAL_UART_TxCpltCallback
                0x000000000800b050        0x4 ../../libDaisy/build/libdaisy.a(stm32h7xx_hal_uart.o)
                0x000000000800b050                HAL_UART_TxCpltCallback
 .text.UART_DMAReceiveCplt
                0x000000000800b054       0x38 ../../libDaisy/build/libdaisy.a(stm32h7xx_hal_uart.o)
 .text.HAL_UART_RxHalfCpltCallback
                0x000000000800b08c        0x4 ../../libDaisy/build/libdaisy.a(stm32h7xx_hal_uart.o)
                0x000000000800b08c                HAL_UART_RxHalfCpltCallback
 .text.UART_DMARxHalfCplt
                0x000000000800b090        0xc ../../libDaisy/build/libdaisy.a(stm32h7xx_hal_uart.o)
 .text.UART_DMAError
                0x000000000800b09c       0x78 ../../libDaisy/build/libdaisy.a(stm32h7xx_hal_uart.o)
 .text.HAL_UART_IRQHandler
                0x000000000800b114      0x1d0 ../../libDaisy/build/libdaisy.a(stm32h7xx_hal_uart.o)
                0x000000000800b114                HAL_UART_IRQHandler
 .text.UART_DMAAbortOnError
                0x000000000800b2e4       0x14 ../../libDaisy/build/libdaisy.a(stm32h7xx_hal_uart.o)
 .text.UART_SetConfig
                0x000000000800b2f8     0x14b8 ../../libDaisy/build/libdaisy.a(stm32h7xx_hal_uart.o)
                0x000000000800b2f8                UART_SetConfig
 .text.UART_AdvFeatureConfig
                0x000000000800c7b0       0xb0 ../../libDaisy/build/libdaisy.a(stm32h7xx_hal_uart.o)
                0x000000000800c7b0                UART_AdvFeatureConfig
 .text.UART_CheckIdleState
                0x000000000800c860       0x84 ../../libDaisy/build/libdaisy.a(stm32h7xx_hal_uart.o)
                0x000000000800c860                UART_CheckIdleState
 .text.HAL_UART_Init
                0x000000000800c8e4       0x68 ../../libDaisy/build/libdaisy.a(stm32h7xx_hal_uart.o)
                0x000000000800c8e4                HAL_UART_Init
 .text.HAL_UARTEx_WakeupCallback
                0x000000000800c94c        0x4 ../../libDaisy/build/libdaisy.a(stm32h7xx_hal_uart_ex.o)
                0x000000000800c94c                HAL_UARTEx_WakeupCallback
 .text.HAL_UARTEx_RxFifoFullCallback
                0x000000000800c950        0x4 ../../libDaisy/build/libdaisy.a(stm32h7xx_hal_uart_ex.o)
                0x000000000800c950                HAL_UARTEx_RxFifoFullCallback
 .text.HAL_UARTEx_TxFifoEmptyCallback
                0x000000000800c954        0x4 ../../libDaisy/build/libdaisy.a(stm32h7xx_hal_uart_ex.o)
                0x000000000800c954                HAL_UARTEx_TxFifoEmptyCallback
 .text.HAL_UARTEx_DisableFifoMode
                0x000000000800c958       0x3c ../../libDaisy/build/libdaisy.a(stm32h7xx_hal_uart_ex.o)
                0x000000000800c958                HAL_UARTEx_DisableFifoMode
 .text.HAL_UARTEx_SetTxFifoThreshold
                0x000000000800c994       0xa4 ../../libDaisy/build/libdaisy.a(stm32h7xx_hal_uart_ex.o)
                0x000000000800c994                HAL_UARTEx_SetTxFifoThreshold
 .text.HAL_UARTEx_SetRxFifoThreshold
                0x000000000800ca38       0xa4 ../../libDaisy/build/libdaisy.a(stm32h7xx_hal_uart_ex.o)
                0x000000000800ca38                HAL_UARTEx_SetRxFifoThreshold
 .text.FMC_SDRAM_Init
                0x000000000800cadc       0x7c ../../libDaisy/build/libdaisy.a(stm32h7xx_ll_fmc.o)
                0x000000000800cadc                FMC_SDRAM_Init
 .text.FMC_SDRAM_Timing_Init
                0x000000000800cb58       0x98 ../../libDaisy/build/libdaisy.a(stm32h7xx_ll_fmc.o)
                0x000000000800cb58                FMC_SDRAM_Timing_Init
 .text.FMC_SDRAM_SendCommand
                0x000000000800cbf0       0x28 ../../libDaisy/build/libdaisy.a(stm32h7xx_ll_fmc.o)
                0x000000000800cbf0                FMC_SDRAM_SendCommand
 .text.FMC_SDRAM_ProgramRefreshRate
                0x000000000800cc18       0x1c ../../libDaisy/build/libdaisy.a(stm32h7xx_ll_fmc.o)
                0x000000000800cc18                FMC_SDRAM_ProgramRefreshRate
 .text.USB_CoreInit
                0x000000000800cc34       0xfc ../../libDaisy/build/libdaisy.a(stm32h7xx_ll_usb.o)
                0x000000000800cc34                USB_CoreInit
 .text.USB_SetTurnaroundTime
                0x000000000800cd30       0xf4 ../../libDaisy/build/libdaisy.a(stm32h7xx_ll_usb.o)
                0x000000000800cd30                USB_SetTurnaroundTime
 .text.USB_EnableGlobalInt
                0x000000000800ce24       0x10 ../../libDaisy/build/libdaisy.a(stm32h7xx_ll_usb.o)
                0x000000000800ce24                USB_EnableGlobalInt
 .text.USB_DisableGlobalInt
                0x000000000800ce34       0x10 ../../libDaisy/build/libdaisy.a(stm32h7xx_ll_usb.o)
                0x000000000800ce34                USB_DisableGlobalInt
 .text.USB_SetCurrentMode
                0x000000000800ce44       0x30 ../../libDaisy/build/libdaisy.a(stm32h7xx_ll_usb.o)
                0x000000000800ce44                USB_SetCurrentMode
 .text.USB_DevInit
                0x000000000800ce74      0x20c ../../libDaisy/build/libdaisy.a(stm32h7xx_ll_usb.o)
                0x000000000800ce74                USB_DevInit
 .text.USB_FlushTxFifo
                0x000000000800d080       0x24 ../../libDaisy/build/libdaisy.a(stm32h7xx_ll_usb.o)
                0x000000000800d080                USB_FlushTxFifo
 .text.USB_GetDevSpeed
                0x000000000800d0a4       0x18 ../../libDaisy/build/libdaisy.a(stm32h7xx_ll_usb.o)
                0x000000000800d0a4                USB_GetDevSpeed
 .text.USB_ActivateEndpoint
                0x000000000800d0bc       0x90 ../../libDaisy/build/libdaisy.a(stm32h7xx_ll_usb.o)
                0x000000000800d0bc                USB_ActivateEndpoint
 .text.USB_DeactivateEndpoint
                0x000000000800d14c       0x84 ../../libDaisy/build/libdaisy.a(stm32h7xx_ll_usb.o)
                0x000000000800d14c                USB_DeactivateEndpoint
 .text.USB_EPStartXfer
                0x000000000800d1d0      0x230 ../../libDaisy/build/libdaisy.a(stm32h7xx_ll_usb.o)
                0x000000000800d1d0                USB_EPStartXfer
 .text.USB_EP0StartXfer
                0x000000000800d400      0x174 ../../libDaisy/build/libdaisy.a(stm32h7xx_ll_usb.o)
                0x000000000800d400                USB_EP0StartXfer
 .text.USB_WritePacket
                0x000000000800d574       0x2c ../../libDaisy/build/libdaisy.a(stm32h7xx_ll_usb.o)
                0x000000000800d574                USB_WritePacket
 .text.USB_ReadPacket
                0x000000000800d5a0       0x20 ../../libDaisy/build/libdaisy.a(stm32h7xx_ll_usb.o)
                0x000000000800d5a0                USB_ReadPacket
 .text.USB_EPSetStall
                0x000000000800d5c0       0x68 ../../libDaisy/build/libdaisy.a(stm32h7xx_ll_usb.o)
                0x000000000800d5c0                USB_EPSetStall
 .text.USB_EPClearStall
                0x000000000800d628       0x58 ../../libDaisy/build/libdaisy.a(stm32h7xx_ll_usb.o)
                0x000000000800d628                USB_EPClearStall
 .text.USB_SetDevAddress
                0x000000000800d680       0x24 ../../libDaisy/build/libdaisy.a(stm32h7xx_ll_usb.o)
                0x000000000800d680                USB_SetDevAddress
 .text.USB_DevConnect
                0x000000000800d6a4       0x1c ../../libDaisy/build/libdaisy.a(stm32h7xx_ll_usb.o)
                0x000000000800d6a4                USB_DevConnect
 .text.USB_DevDisconnect
                0x000000000800d6c0       0x1c ../../libDaisy/build/libdaisy.a(stm32h7xx_ll_usb.o)
                0x000000000800d6c0                USB_DevDisconnect
 .text.USB_ReadInterrupts
                0x000000000800d6dc        0x8 ../../libDaisy/build/libdaisy.a(stm32h7xx_ll_usb.o)
                0x000000000800d6dc                USB_ReadInterrupts
 .text.USB_ReadDevAllOutEpInterrupt
                0x000000000800d6e4       0x10 ../../libDaisy/build/libdaisy.a(stm32h7xx_ll_usb.o)
                0x000000000800d6e4                USB_ReadDevAllOutEpInterrupt
 .text.USB_ReadDevAllInEpInterrupt
                0x000000000800d6f4       0x10 ../../libDaisy/build/libdaisy.a(stm32h7xx_ll_usb.o)
                0x000000000800d6f4                USB_ReadDevAllInEpInterrupt
 .text.USB_ReadDevOutEPInterrupt
                0x000000000800d704       0x14 ../../libDaisy/build/libdaisy.a(stm32h7xx_ll_usb.o)
                0x000000000800d704                USB_ReadDevOutEPInterrupt
 .text.USB_ReadDevInEPInterrupt
                0x000000000800d718       0x20 ../../libDaisy/build/libdaisy.a(stm32h7xx_ll_usb.o)
                0x000000000800d718                USB_ReadDevInEPInterrupt
 .text.USB_GetMode
                0x000000000800d738        0x8 ../../libDaisy/build/libdaisy.a(stm32h7xx_ll_usb.o)
                0x000000000800d738                USB_GetMode
 .text.USB_ActivateSetup
                0x000000000800d740       0x38 ../../libDaisy/build/libdaisy.a(stm32h7xx_ll_usb.o)
                0x000000000800d740                USB_ActivateSetup
 .text.USB_EP0_OutStart
                0x000000000800d778       0x58 ../../libDaisy/build/libdaisy.a(stm32h7xx_ll_usb.o)
                0x000000000800d778                USB_EP0_OutStart
 .text.USB_InitFSLSPClkSel
                0x000000000800d7d0       0x44 ../../libDaisy/build/libdaisy.a(stm32h7xx_ll_usb.o)
                0x000000000800d7d0                USB_InitFSLSPClkSel
 .text.USB_HC_ReadInterrupt
                0x000000000800d814        0x8 ../../libDaisy/build/libdaisy.a(stm32h7xx_ll_usb.o)
                0x000000000800d814                USB_HC_ReadInterrupt
 .text.USB_HC_Halt
                0x000000000800d81c       0xb4 ../../libDaisy/build/libdaisy.a(stm32h7xx_ll_usb.o)
                0x000000000800d81c                USB_HC_Halt
 .text.USB_StopHost
                0x000000000800d8d0      0x184 ../../libDaisy/build/libdaisy.a(stm32h7xx_ll_usb.o)
                0x000000000800d8d0                USB_StopHost
 .text.USBD_CDC_EP0_RxReady
                0x000000000800da54       0x2c ../../libDaisy/build/libdaisy.a(usbd_cdc.o)
 .text.USBD_CDC_GetFSCfgDesc
                0x000000000800da80       0x24 ../../libDaisy/build/libdaisy.a(usbd_cdc.o)
 .text.USBD_CDC_GetHSCfgDesc
                0x000000000800daa4       0x24 ../../libDaisy/build/libdaisy.a(usbd_cdc.o)
 .text.USBD_CDC_GetOtherSpeedCfgDesc
                0x000000000800dac8       0x24 ../../libDaisy/build/libdaisy.a(usbd_cdc.o)
 .text.USBD_CDC_GetDeviceQualifierDescriptor
                0x000000000800daec       0x10 ../../libDaisy/build/libdaisy.a(usbd_cdc.o)
                0x000000000800daec                USBD_CDC_GetDeviceQualifierDescriptor
 .text.USBD_CDC_DataOut
                0x000000000800dafc       0x30 ../../libDaisy/build/libdaisy.a(usbd_cdc.o)
 .text.USBD_CDC_DataIn
                0x000000000800db2c       0x50 ../../libDaisy/build/libdaisy.a(usbd_cdc.o)
 .text.USBD_CDC_Setup
                0x000000000800db7c       0xcc ../../libDaisy/build/libdaisy.a(usbd_cdc.o)
 .text.USBD_CDC_DeInit
                0x000000000800dc48       0x44 ../../libDaisy/build/libdaisy.a(usbd_cdc.o)
 .text.USBD_CDC_Init
                0x000000000800dc8c       0x94 ../../libDaisy/build/libdaisy.a(usbd_cdc.o)
 .text.USBD_CDC_RegisterInterface
                0x000000000800dd20       0x10 ../../libDaisy/build/libdaisy.a(usbd_cdc.o)
                0x000000000800dd20                USBD_CDC_RegisterInterface
 .text.USBD_CDC_SetTxBuffer
                0x000000000800dd30       0x14 ../../libDaisy/build/libdaisy.a(usbd_cdc.o)
                0x000000000800dd30                USBD_CDC_SetTxBuffer
 .text.USBD_CDC_SetRxBuffer
                0x000000000800dd44       0x10 ../../libDaisy/build/libdaisy.a(usbd_cdc.o)
                0x000000000800dd44                USBD_CDC_SetRxBuffer
 .text.USBD_CDC_TransmitPacket
                0x000000000800dd54       0x34 ../../libDaisy/build/libdaisy.a(usbd_cdc.o)
                0x000000000800dd54                USBD_CDC_TransmitPacket
 .text.USBD_CDC_ReceivePacket
                0x000000000800dd88       0x38 ../../libDaisy/build/libdaisy.a(usbd_cdc.o)
                0x000000000800dd88                USBD_CDC_ReceivePacket
 .text.USBD_Init
                0x000000000800ddc0       0x44 ../../libDaisy/build/libdaisy.a(usbd_core.o)
                0x000000000800ddc0                USBD_Init
 .text.USBD_RegisterClass
                0x000000000800de04       0x2c ../../libDaisy/build/libdaisy.a(usbd_core.o)
                0x000000000800de04                USBD_RegisterClass
 .text.USBD_Start
                0x000000000800de30        0xc ../../libDaisy/build/libdaisy.a(usbd_core.o)
                0x000000000800de30                USBD_Start
 .text.USBD_SetClassConfig
                0x000000000800de3c       0x14 ../../libDaisy/build/libdaisy.a(usbd_core.o)
                0x000000000800de3c                USBD_SetClassConfig
 .text.USBD_ClrClassConfig
                0x000000000800de50       0x10 ../../libDaisy/build/libdaisy.a(usbd_core.o)
                0x000000000800de50                USBD_ClrClassConfig
 .text.USBD_LL_SetupStage
                0x000000000800de60       0x5c ../../libDaisy/build/libdaisy.a(usbd_core.o)
                0x000000000800de60                USBD_LL_SetupStage
 .text.USBD_LL_DataOutStage
                0x000000000800debc       0x7c ../../libDaisy/build/libdaisy.a(usbd_core.o)
                0x000000000800debc                USBD_LL_DataOutStage
 .text.USBD_LL_DataInStage
                0x000000000800df38       0xcc ../../libDaisy/build/libdaisy.a(usbd_core.o)
                0x000000000800df38                USBD_LL_DataInStage
 .text.USBD_LL_Reset
                0x000000000800e004       0x50 ../../libDaisy/build/libdaisy.a(usbd_core.o)
                0x000000000800e004                USBD_LL_Reset
 .text.USBD_LL_SetSpeed
                0x000000000800e054        0x8 ../../libDaisy/build/libdaisy.a(usbd_core.o)
                0x000000000800e054                USBD_LL_SetSpeed
 .text.USBD_LL_Suspend
                0x000000000800e05c       0x14 ../../libDaisy/build/libdaisy.a(usbd_core.o)
                0x000000000800e05c                USBD_LL_Suspend
 .text.USBD_LL_Resume
                0x000000000800e070       0x10 ../../libDaisy/build/libdaisy.a(usbd_core.o)
                0x000000000800e070                USBD_LL_Resume
 .text.USBD_LL_SOF
                0x000000000800e080       0x1c ../../libDaisy/build/libdaisy.a(usbd_core.o)
                0x000000000800e080                USBD_LL_SOF
 .text.USBD_LL_IsoINIncomplete
                0x000000000800e09c        0x4 ../../libDaisy/build/libdaisy.a(usbd_core.o)
                0x000000000800e09c                USBD_LL_IsoINIncomplete
 .text.USBD_LL_IsoOUTIncomplete
                0x000000000800e0a0        0x4 ../../libDaisy/build/libdaisy.a(usbd_core.o)
                0x000000000800e0a0                USBD_LL_IsoOUTIncomplete
 .text.USBD_LL_DevConnected
                0x000000000800e0a4        0x4 ../../libDaisy/build/libdaisy.a(usbd_core.o)
                0x000000000800e0a4                USBD_LL_DevConnected
 .text.USBD_LL_DevDisconnected
                0x000000000800e0a8       0x18 ../../libDaisy/build/libdaisy.a(usbd_core.o)
                0x000000000800e0a8                USBD_LL_DevDisconnected
 .text.USBD_StdDevReq
                0x000000000800e0c0      0x304 ../../libDaisy/build/libdaisy.a(usbd_ctlreq.o)
                0x000000000800e0c0                USBD_StdDevReq
 .text.USBD_StdItfReq
                0x000000000800e3c4       0x68 ../../libDaisy/build/libdaisy.a(usbd_ctlreq.o)
                0x000000000800e3c4                USBD_StdItfReq
 .text.USBD_StdEPReq
                0x000000000800e42c      0x13c ../../libDaisy/build/libdaisy.a(usbd_ctlreq.o)
                0x000000000800e42c                USBD_StdEPReq
 .text.USBD_ParseSetupRequest
                0x000000000800e568       0x28 ../../libDaisy/build/libdaisy.a(usbd_ctlreq.o)
                0x000000000800e568                USBD_ParseSetupRequest
 .text.USBD_CtlError
                0x000000000800e590       0x18 ../../libDaisy/build/libdaisy.a(usbd_ctlreq.o)
                0x000000000800e590                USBD_CtlError
 .text.USBD_GetString
                0x000000000800e5a8       0x54 ../../libDaisy/build/libdaisy.a(usbd_ctlreq.o)
                0x000000000800e5a8                USBD_GetString
 .text.USBD_CtlSendData
                0x000000000800e5fc       0x1c ../../libDaisy/build/libdaisy.a(usbd_ioreq.o)
                0x000000000800e5fc                USBD_CtlSendData
 .text.USBD_CtlContinueSendData
                0x000000000800e618       0x14 ../../libDaisy/build/libdaisy.a(usbd_ioreq.o)
                0x000000000800e618                USBD_CtlContinueSendData
 .text.USBD_CtlPrepareRx
                0x000000000800e62c       0x1c ../../libDaisy/build/libdaisy.a(usbd_ioreq.o)
                0x000000000800e62c                USBD_CtlPrepareRx
 .text.USBD_CtlContinueRx
                0x000000000800e648       0x14 ../../libDaisy/build/libdaisy.a(usbd_ioreq.o)
                0x000000000800e648                USBD_CtlContinueRx
 .text.USBD_CtlSendStatus
                0x000000000800e65c       0x18 ../../libDaisy/build/libdaisy.a(usbd_ioreq.o)
                0x000000000800e65c                USBD_CtlSendStatus
 .text.USBD_CtlReceiveStatus
                0x000000000800e674       0x18 ../../libDaisy/build/libdaisy.a(usbd_ioreq.o)
                0x000000000800e674                USBD_CtlReceiveStatus
 .text.USBH_LL_IncTimer
                0x000000000800e68c       0x20 ../../libDaisy/build/libdaisy.a(usbh_core.o)
                0x000000000800e68c                USBH_LL_IncTimer
 .text.USBH_LL_PortEnabled
                0x000000000800e6ac        0x8 ../../libDaisy/build/libdaisy.a(usbh_core.o)
                0x000000000800e6ac                USBH_LL_PortEnabled
 .text.USBH_LL_PortDisabled
                0x000000000800e6b4        0x8 ../../libDaisy/build/libdaisy.a(usbh_core.o)
                0x000000000800e6b4                USBH_LL_PortDisabled
 .text.USBH_LL_Connect
                0x000000000800e6bc       0x18 ../../libDaisy/build/libdaisy.a(usbh_core.o)
                0x000000000800e6bc                USBH_LL_Connect
 .text.USBH_LL_Disconnect
                0x000000000800e6d4       0x2c ../../libDaisy/build/libdaisy.a(usbh_core.o)
                0x000000000800e6d4                USBH_LL_Disconnect
 .text.USBH_FreePipe
                0x000000000800e700       0x18 ../../libDaisy/build/libdaisy.a(usbh_pipes.o)
                0x000000000800e700                USBH_FreePipe
 .text._ZN5daisy6Random4InitEv
                0x000000000800e718       0x3c ../../libDaisy/build/libdaisy.a(rng.o)
                0x000000000800e718                daisy::Random::Init()
 .text._ZN5daisy9SpiHandle4Impl10StartDmaTxEPhjPFvPvNS0_6ResultEES3_
                0x000000000800e754       0xfc ../../libDaisy/build/libdaisy.a(spi.o)
                0x000000000800e754                daisy::SpiHandle::Impl::StartDmaTx(unsigned char*, unsigned int, void (*)(void*, daisy::SpiHandle::Result), void*)
 .text._ZN5daisy9SpiHandle4Impl10StartDmaRxEPhjPFvPvNS0_6ResultEES3_
                0x000000000800e850       0xfc ../../libDaisy/build/libdaisy.a(spi.o)
                0x000000000800e850                daisy::SpiHandle::Impl::StartDmaRx(unsigned char*, unsigned int, void (*)(void*, daisy::SpiHandle::Result), void*)
 .text._ZN5daisy9SpiHandle4Impl8InitPinsEv
                0x000000000800e94c      0x274 ../../libDaisy/build/libdaisy.a(spi.o)
                0x000000000800e94c                daisy::SpiHandle::Impl::InitPins()
 .text.HAL_SPI_MspInit
                0x000000000800ebc0      0x1a8 ../../libDaisy/build/libdaisy.a(spi.o)
                0x000000000800ebc0                HAL_SPI_MspInit
 .text.dsy_spi_global_init
                0x000000000800ed68       0x6c ../../libDaisy/build/libdaisy.a(spi.o)
                0x000000000800ed68                dsy_spi_global_init
 .text.SPI1_IRQHandler
                0x000000000800edd4        0xc ../../libDaisy/build/libdaisy.a(spi.o)
                0x000000000800edd4                SPI1_IRQHandler
 .text.DMA1_Stream7_IRQHandler
                0x000000000800ede0       0x34 ../../libDaisy/build/libdaisy.a(spi.o)
                0x000000000800ede0                DMA1_Stream7_IRQHandler
 .text.HAL_SPI_TxCpltCallback
                0x000000000800ee14       0x90 ../../libDaisy/build/libdaisy.a(spi.o)
                0x000000000800ee14                HAL_SPI_TxCpltCallback
 .text.HAL_SPI_RxCpltCallback
                0x000000000800eea4       0x90 ../../libDaisy/build/libdaisy.a(spi.o)
                0x000000000800eea4                HAL_SPI_RxCpltCallback
 .text.HAL_SPI_ErrorCallback
                0x000000000800ef34       0x94 ../../libDaisy/build/libdaisy.a(spi.o)
                0x000000000800ef34                HAL_SPI_ErrorCallback
 .text.startup._GLOBAL__sub_I__Z19MapInstanceToHandleP11SPI_TypeDef
                0x000000000800efc8      0x168 ../../libDaisy/build/libdaisy.a(spi.o)
 .text.HAL_TIM_Base_MspInit
                0x000000000800f130       0xcc ../../libDaisy/build/libdaisy.a(tim.o)
                0x000000000800f130                HAL_TIM_Base_MspInit
 .text._ZN5daisy11TimerHandle4InitERKNS0_6ConfigE
                0x000000000800f1fc       0xc4 ../../libDaisy/build/libdaisy.a(tim.o)
                0x000000000800f1fc                daisy::TimerHandle::Init(daisy::TimerHandle::Config const&)
 .text._ZN5daisy11TimerHandle5StartEv
                0x000000000800f2c0       0x14 ../../libDaisy/build/libdaisy.a(tim.o)
                0x000000000800f2c0                daisy::TimerHandle::Start()
 .text.dsy_dma_init
                0x000000000800f2d4       0xe0 ../../libDaisy/build/libdaisy.a(dma.o)
                0x000000000800f2d4                dsy_dma_init
 .text.HAL_MDMA_Abort_IT
                0x000000000800f3b4       0x2c ../../libDaisy/build/libdaisy.a(stm32h7xx_hal_mdma.o)
                0x000000000800f3b4                HAL_MDMA_Abort_IT
 .text.SPI_CloseTransfer
                0x000000000800f3e0       0xb8 ../../libDaisy/build/libdaisy.a(stm32h7xx_hal_spi.o)
 .text.HAL_SPI_Init
                0x000000000800f498      0x15c ../../libDaisy/build/libdaisy.a(stm32h7xx_hal_spi.o)
                0x000000000800f498                HAL_SPI_Init
 .text.HAL_SPI_Transmit_DMA
                0x000000000800f5f4      0x170 ../../libDaisy/build/libdaisy.a(stm32h7xx_hal_spi.o)
                0x000000000800f5f4                HAL_SPI_Transmit_DMA
 .text.HAL_SPI_TransmitReceive_DMA
                0x000000000800f764      0x218 ../../libDaisy/build/libdaisy.a(stm32h7xx_hal_spi.o)
                0x000000000800f764                HAL_SPI_TransmitReceive_DMA
 .text.HAL_SPI_Receive_DMA
                0x000000000800f97c      0x1b4 ../../libDaisy/build/libdaisy.a(stm32h7xx_hal_spi.o)
                0x000000000800f97c                HAL_SPI_Receive_DMA
 .text.SPI_DMATransmitCplt
                0x000000000800fb30       0x28 ../../libDaisy/build/libdaisy.a(stm32h7xx_hal_spi.o)
 .text.SPI_DMAReceiveCplt
                0x000000000800fb58       0x28 ../../libDaisy/build/libdaisy.a(stm32h7xx_hal_spi.o)
 .text.HAL_SPI_TxRxCpltCallback
                0x000000000800fb80        0x4 ../../libDaisy/build/libdaisy.a(stm32h7xx_hal_spi.o)
                0x000000000800fb80                HAL_SPI_TxRxCpltCallback
 .text.SPI_DMATransmitReceiveCplt
                0x000000000800fb84       0x28 ../../libDaisy/build/libdaisy.a(stm32h7xx_hal_spi.o)
 .text.HAL_SPI_TxHalfCpltCallback
                0x000000000800fbac        0x4 ../../libDaisy/build/libdaisy.a(stm32h7xx_hal_spi.o)
                0x000000000800fbac                HAL_SPI_TxHalfCpltCallback
 .text.SPI_DMAHalfTransmitCplt
                0x000000000800fbb0        0xc ../../libDaisy/build/libdaisy.a(stm32h7xx_hal_spi.o)
 .text.HAL_SPI_RxHalfCpltCallback
                0x000000000800fbbc        0x4 ../../libDaisy/build/libdaisy.a(stm32h7xx_hal_spi.o)
                0x000000000800fbbc                HAL_SPI_RxHalfCpltCallback
 .text.SPI_DMAHalfReceiveCplt
                0x000000000800fbc0        0xc ../../libDaisy/build/libdaisy.a(stm32h7xx_hal_spi.o)
 .text.HAL_SPI_TxRxHalfCpltCallback
                0x000000000800fbcc        0x4 ../../libDaisy/build/libdaisy.a(stm32h7xx_hal_spi.o)
                0x000000000800fbcc                HAL_SPI_TxRxHalfCpltCallback
 .text.SPI_DMAHalfTransmitReceiveCplt
                0x000000000800fbd0        0xc ../../libDaisy/build/libdaisy.a(stm32h7xx_hal_spi.o)
 .text.SPI_DMAError
                0x000000000800fbdc       0xd8 ../../libDaisy/build/libdaisy.a(stm32h7xx_hal_spi.o)
 .text.HAL_SPI_IRQHandler
                0x000000000800fcb4      0x23c ../../libDaisy/build/libdaisy.a(stm32h7xx_hal_spi.o)
                0x000000000800fcb4                HAL_SPI_IRQHandler
 .text.SPI_DMAAbortOnError
                0x000000000800fef0       0x1c ../../libDaisy/build/libdaisy.a(stm32h7xx_hal_spi.o)
 .text.HAL_SPI_GetState
                0x000000000800ff0c        0x8 ../../libDaisy/build/libdaisy.a(stm32h7xx_hal_spi.o)
                0x000000000800ff0c                HAL_SPI_GetState
 .text.HAL_TIM_Base_Init
                0x000000000800ff14      0x140 ../../libDaisy/build/libdaisy.a(stm32h7xx_hal_tim.o)
                0x000000000800ff14                HAL_TIM_Base_Init
 .text.HAL_TIM_Base_Start
                0x0000000008010054       0x34 ../../libDaisy/build/libdaisy.a(stm32h7xx_hal_tim.o)
                0x0000000008010054                HAL_TIM_Base_Start
 .text.HAL_TIM_ConfigClockSource
                0x0000000008010088      0x17c ../../libDaisy/build/libdaisy.a(stm32h7xx_hal_tim.o)
                0x0000000008010088                HAL_TIM_ConfigClockSource
 .text.HAL_TIMEx_MasterConfigSynchronization
                0x0000000008010204       0x64 ../../libDaisy/build/libdaisy.a(stm32h7xx_hal_tim_ex.o)
                0x0000000008010204                HAL_TIMEx_MasterConfigSynchronization
 .text.__aeabi_atexit
                0x0000000008010268        0xa /Applications/ARM/bin/../lib/gcc/arm-none-eabi/10.3.1/../../../../arm-none-eabi/lib/thumb/v7e-m+dp/hard/libstdc++_nano.a(atexit_arm.o)
                0x0000000008010268                __aeabi_atexit
 *fill*         0x0000000008010272        0x2 
 .text.calloc   0x0000000008010274       0x10 /Applications/ARM/bin/../lib/gcc/arm-none-eabi/10.3.1/../../../../arm-none-eabi/lib/thumb/v7e-m+dp/hard/libc_nano.a(lib_a-calloc.o)
                0x0000000008010274                calloc
 .text.__cxa_atexit
                0x0000000008010284       0x1c /Applications/ARM/bin/../lib/gcc/arm-none-eabi/10.3.1/../../../../arm-none-eabi/lib/thumb/v7e-m+dp/hard/libc_nano.a(lib_a-cxa_atexit.o)
                0x0000000008010284                __cxa_atexit
 .text.__libc_init_array
                0x00000000080102a0       0x48 /Applications/ARM/bin/../lib/gcc/arm-none-eabi/10.3.1/../../../../arm-none-eabi/lib/thumb/v7e-m+dp/hard/libc_nano.a(lib_a-init.o)
                0x00000000080102a0                __libc_init_array
 .text.free     0x00000000080102e8       0x10 /Applications/ARM/bin/../lib/gcc/arm-none-eabi/10.3.1/../../../../arm-none-eabi/lib/thumb/v7e-m+dp/hard/libc_nano.a(lib_a-malloc.o)
                0x00000000080102e8                free
 .text.memcpy   0x00000000080102f8       0x1c /Applications/ARM/bin/../lib/gcc/arm-none-eabi/10.3.1/../../../../arm-none-eabi/lib/thumb/v7e-m+dp/hard/libc_nano.a(lib_a-memcpy-stub.o)
                0x00000000080102f8                memcpy
 .text.memset   0x0000000008010314       0x10 /Applications/ARM/bin/../lib/gcc/arm-none-eabi/10.3.1/../../../../arm-none-eabi/lib/thumb/v7e-m+dp/hard/libc_nano.a(lib_a-memset.o)
                0x0000000008010314                memset
 .text._calloc_r
                0x0000000008010324       0x2c /Applications/ARM/bin/../lib/gcc/arm-none-eabi/10.3.1/../../../../arm-none-eabi/lib/thumb/v7e-m+dp/hard/libc_nano.a(lib_a-nano-callocr.o)
                0x0000000008010324                _calloc_r
 .text._free_r  0x0000000008010350       0x98 /Applications/ARM/bin/../lib/gcc/arm-none-eabi/10.3.1/../../../../arm-none-eabi/lib/thumb/v7e-m+dp/hard/libc_nano.a(lib_a-nano-freer.o)
                0x0000000008010350                _free_r
 .text.sbrk_aligned
                0x00000000080103e8       0x40 /Applications/ARM/bin/../lib/gcc/arm-none-eabi/10.3.1/../../../../arm-none-eabi/lib/thumb/v7e-m+dp/hard/libc_nano.a(lib_a-nano-mallocr.o)
 .text._malloc_r
                0x0000000008010428       0xe8 /Applications/ARM/bin/../lib/gcc/arm-none-eabi/10.3.1/../../../../arm-none-eabi/lib/thumb/v7e-m+dp/hard/libc_nano.a(lib_a-nano-mallocr.o)
                0x0000000008010428                _malloc_r
 .text.printf   0x0000000008010510       0x30 /Applications/ARM/bin/../lib/gcc/arm-none-eabi/10.3.1/../../../../arm-none-eabi/lib/thumb/v7e-m+dp/hard/libc_nano.a(lib_a-printf.o)
                0x0000000008010510                printf